###############################################################################
#
# IAR ELF Linker V7.20.2.7424/W32 for ARM                 28/Mar/2016  11:39:22
# Copyright 2007-2014 IAR Systems AB.
#
#    Output file  =  
#        E:\WorkPlace\传感器实验箱\sensor\sensor_node\Project\infrared
#        sensor\Exe\testFreeMB_STM32F0.out
#    Map file     =  
#        E:\WorkPlace\传感器实验箱\sensor\sensor_node\Project\infrared
#        sensor\List\testFreeMB_STM32F0.map
#    Command line =  
#        "E:\WorkPlace\传感器实验箱\sensor\sensor_node\Project\infrared
#        sensor\Obj\FS_FIFO_V1.o"
#        "E:\WorkPlace\传感器实验箱\sensor\sensor_node\Project\infrared
#        sensor\Obj\infrared_sensor.o"
#        "E:\WorkPlace\传感器实验箱\sensor\sensor_node\Project\infrared
#        sensor\Obj\main.o"
#        "E:\WorkPlace\传感器实验箱\sensor\sensor_node\Project\infrared
#        sensor\Obj\mb.o"
#        "E:\WorkPlace\传感器实验箱\sensor\sensor_node\Project\infrared
#        sensor\Obj\mbcrc.o"
#        "E:\WorkPlace\传感器实验箱\sensor\sensor_node\Project\infrared
#        sensor\Obj\mbfunccoils.o"
#        "E:\WorkPlace\传感器实验箱\sensor\sensor_node\Project\infrared
#        sensor\Obj\mbfuncdiag.o"
#        "E:\WorkPlace\传感器实验箱\sensor\sensor_node\Project\infrared
#        sensor\Obj\mbfuncdisc.o"
#        "E:\WorkPlace\传感器实验箱\sensor\sensor_node\Project\infrared
#        sensor\Obj\mbfuncholding.o"
#        "E:\WorkPlace\传感器实验箱\sensor\sensor_node\Project\infrared
#        sensor\Obj\mbfuncinput.o"
#        "E:\WorkPlace\传感器实验箱\sensor\sensor_node\Project\infrared
#        sensor\Obj\mbfuncother.o"
#        "E:\WorkPlace\传感器实验箱\sensor\sensor_node\Project\infrared
#        sensor\Obj\mbrtu.o"
#        "E:\WorkPlace\传感器实验箱\sensor\sensor_node\Project\infrared
#        sensor\Obj\mbutils.o"
#        "E:\WorkPlace\传感器实验箱\sensor\sensor_node\Project\infrared
#        sensor\Obj\myiic.o"
#        "E:\WorkPlace\传感器实验箱\sensor\sensor_node\Project\infrared
#        sensor\Obj\portevent.o"
#        "E:\WorkPlace\传感器实验箱\sensor\sensor_node\Project\infrared
#        sensor\Obj\portserial.o"
#        "E:\WorkPlace\传感器实验箱\sensor\sensor_node\Project\infrared
#        sensor\Obj\porttimer.o"
#        "E:\WorkPlace\传感器实验箱\sensor\sensor_node\Project\infrared
#        sensor\Obj\startup_stm32f0xx.o"
#        "E:\WorkPlace\传感器实验箱\sensor\sensor_node\Project\infrared
#        sensor\Obj\stm32f0xx_adc.o"
#        "E:\WorkPlace\传感器实验箱\sensor\sensor_node\Project\infrared
#        sensor\Obj\stm32f0xx_cec.o"
#        "E:\WorkPlace\传感器实验箱\sensor\sensor_node\Project\infrared
#        sensor\Obj\stm32f0xx_comp.o"
#        "E:\WorkPlace\传感器实验箱\sensor\sensor_node\Project\infrared
#        sensor\Obj\stm32f0xx_crc.o"
#        "E:\WorkPlace\传感器实验箱\sensor\sensor_node\Project\infrared
#        sensor\Obj\stm32f0xx_dac.o"
#        "E:\WorkPlace\传感器实验箱\sensor\sensor_node\Project\infrared
#        sensor\Obj\stm32f0xx_dbgmcu.o"
#        "E:\WorkPlace\传感器实验箱\sensor\sensor_node\Project\infrared
#        sensor\Obj\stm32f0xx_dma.o"
#        "E:\WorkPlace\传感器实验箱\sensor\sensor_node\Project\infrared
#        sensor\Obj\stm32f0xx_exti.o"
#        "E:\WorkPlace\传感器实验箱\sensor\sensor_node\Project\infrared
#        sensor\Obj\stm32f0xx_flash.o"
#        "E:\WorkPlace\传感器实验箱\sensor\sensor_node\Project\infrared
#        sensor\Obj\stm32f0xx_gpio.o"
#        "E:\WorkPlace\传感器实验箱\sensor\sensor_node\Project\infrared
#        sensor\Obj\stm32f0xx_i2c.o"
#        "E:\WorkPlace\传感器实验箱\sensor\sensor_node\Project\infrared
#        sensor\Obj\stm32f0xx_it.o"
#        "E:\WorkPlace\传感器实验箱\sensor\sensor_node\Project\infrared
#        sensor\Obj\stm32f0xx_iwdg.o"
#        "E:\WorkPlace\传感器实验箱\sensor\sensor_node\Project\infrared
#        sensor\Obj\stm32f0xx_misc.o"
#        "E:\WorkPlace\传感器实验箱\sensor\sensor_node\Project\infrared
#        sensor\Obj\stm32f0xx_pwr.o"
#        "E:\WorkPlace\传感器实验箱\sensor\sensor_node\Project\infrared
#        sensor\Obj\stm32f0xx_rcc.o"
#        "E:\WorkPlace\传感器实验箱\sensor\sensor_node\Project\infrared
#        sensor\Obj\stm32f0xx_rtc.o"
#        "E:\WorkPlace\传感器实验箱\sensor\sensor_node\Project\infrared
#        sensor\Obj\stm32f0xx_spi.o"
#        "E:\WorkPlace\传感器实验箱\sensor\sensor_node\Project\infrared
#        sensor\Obj\stm32f0xx_syscfg.o"
#        "E:\WorkPlace\传感器实验箱\sensor\sensor_node\Project\infrared
#        sensor\Obj\stm32f0xx_tim.o"
#        "E:\WorkPlace\传感器实验箱\sensor\sensor_node\Project\infrared
#        sensor\Obj\stm32f0xx_usart.o"
#        "E:\WorkPlace\传感器实验箱\sensor\sensor_node\Project\infrared
#        sensor\Obj\stm32f0xx_wwdg.o"
#        "E:\WorkPlace\传感器实验箱\sensor\sensor_node\Project\infrared
#        sensor\Obj\system_stm32f0xx.o" --redirect _Printf=_PrintfFull
#        --redirect _Scanf=_ScanfFull -o
#        "E:\WorkPlace\传感器实验箱\sensor\sensor_node\Project\infrared
#        sensor\Exe\testFreeMB_STM32F0.out" --map
#        "E:\WorkPlace\传感器实验箱\sensor\sensor_node\Project\infrared
#        sensor\List\testFreeMB_STM32F0.map" --config "C:\Program Files
#        (x86)\IAR Systems\Embedded Workbench
#        7.0\arm\config\linker\ST\stm32f051x8.icf" --semihosting --entry
#        __iar_program_start --vfe
#
###############################################################################

*******************************************************************************
*** RUNTIME MODEL ATTRIBUTES
***

CppFlavor       = *
__SystemLibrary = DLib


*******************************************************************************
*** PLACEMENT SUMMARY
***

"A1":  place at 0x08000000 { ro section .intvec };
"P1":  place in [from 0x08000000 to 0x0800ffff] { ro };
"P2":  place in [from 0x20000000 to 0x20001fff] { rw, block CSTACK, block HEAP };

  Section            Kind        Address    Size  Object
  -------            ----        -------    ----  ------
"A1":                                       0xc0
  .intvec            ro code  0x08000000    0xc0  startup_stm32f0xx.o [1]
                            - 0x080000c0    0xc0

"P1":                                     0x1bc0
  .text              ro code  0x080000c0   0x368  mbrtu.o [1]
  .text              ro code  0x08000428   0x1b0  portserial.o [1]
  .text              ro code  0x080005d8    0xae  I32DivModFast.o [4]
  .text              ro code  0x08000686    0x2a  zero_init3.o [4]
  .text              ro code  0x080006b0    0xec  porttimer.o [1]
  .text              ro code  0x0800079c    0x24  ABIassert.o [5]
  .text              ro code  0x080007c0   0x22c  mbcrc.o [1]
  .text              ro code  0x080009ec    0x30  portevent.o [1]
  .text              ro code  0x08000a1c   0x156  stm32f0xx_usart.o [1]
  .text              ro code  0x08000b72     0x2  startup_stm32f0xx.o [1]
  .text              ro code  0x08000b74   0x108  stm32f0xx_rcc.o [1]
  .text              ro code  0x08000c7c    0xbe  stm32f0xx_gpio.o [1]
  .text              ro code  0x08000d3a     0x2  startup_stm32f0xx.o [1]
  .text              ro code  0x08000d3c    0x54  stm32f0xx_misc.o [1]
  .text              ro code  0x08000d90     0x2  IntDivZer.o [4]
  .text              ro code  0x08000d92     0x2  startup_stm32f0xx.o [1]
  .text              ro code  0x08000d94    0xda  stm32f0xx_tim.o [1]
  .text              ro code  0x08000e6e     0xa  abort.o [3]
  .text              ro code  0x08000e78    0x14  exit.o [5]
  .text              ro code  0x08000e8c   0x2a6  myiic.o [1]
  .text              ro code  0x08001132     0x2  startup_stm32f0xx.o [1]
  .text              ro code  0x08001134   0x27c  main.o [1]
  .text              ro code  0x080013b0    0x60  infrared_sensor.o [1]
  .text              ro code  0x08001410   0x13c  mb.o [1]
  .text              ro code  0x0800154c   0x194  mbfuncholding.o [1]
  .text              ro code  0x080016e0    0x1a  mbutils.o [1]
  .text              ro code  0x080016fa     0x2  startup_stm32f0xx.o [1]
  .text              ro code  0x080016fc   0x134  mbfunccoils.o [1]
  .text              ro code  0x08001830    0xec  system_stm32f0xx.o [1]
  .text              ro code  0x0800191c    0x74  mbfuncdisc.o [1]
  .text              ro code  0x08001990    0x62  mbfuncinput.o [1]
  .text              ro code  0x080019f2     0x2  startup_stm32f0xx.o [1]
  .text              ro code  0x080019f4    0x5c  ABImemcpy.o [4]
  .text              ro code  0x08001a50    0x3a  stm32f0xx_it.o [1]
  .text              ro code  0x08001a8a    0x30  copy_init3.o [4]
  .text              ro code  0x08001aba     0x2  startup_stm32f0xx.o [1]
  .text              ro code  0x08001abc    0x28  data_init.o [4]
  .iar.init_table    const    0x08001ae4    0x24  - Linker created -
  .text              ro code  0x08001b08    0x20  mbfuncother.o [1]
  .text              ro code  0x08001b28    0x1a  cmain.o [4]
  .text              ro code  0x08001b42     0x4  low_level_init.o [3]
  .text              ro code  0x08001b46     0x8  exit.o [3]
  .text              ro code  0x08001b4e     0x2  startup_stm32f0xx.o [1]
  .text              ro code  0x08001b50     0xa  cexit.o [4]
  .text              ro code  0x08001b5a     0x2  startup_stm32f0xx.o [1]
  .text              ro code  0x08001b5c    0x10  startup_stm32f0xx.o [1]
  .text              ro code  0x08001b6c     0xc  cstartup_M.o [4]
  .text              ro code  0x08001b78     0x2  startup_stm32f0xx.o [1]
  .text              ro code  0x08001b7a     0x2  startup_stm32f0xx.o [1]
  .text              ro code  0x08001b7c     0x2  startup_stm32f0xx.o [1]
  .text              ro code  0x08001b7e     0x2  startup_stm32f0xx.o [1]
  .text              ro code  0x08001b80     0x2  startup_stm32f0xx.o [1]
  .text              ro code  0x08001b82     0x2  startup_stm32f0xx.o [1]
  .text              ro code  0x08001b84     0x2  startup_stm32f0xx.o [1]
  .text              ro code  0x08001b86     0x2  startup_stm32f0xx.o [1]
  .text              ro code  0x08001b88     0x2  startup_stm32f0xx.o [1]
  .text              ro code  0x08001b8a     0x2  startup_stm32f0xx.o [1]
  .text              ro code  0x08001b8c     0x2  startup_stm32f0xx.o [1]
  .text              ro code  0x08001b8e     0x2  startup_stm32f0xx.o [1]
  .text              ro code  0x08001b90     0x2  startup_stm32f0xx.o [1]
  .text              ro code  0x08001b92     0x2  startup_stm32f0xx.o [1]
  .text              ro code  0x08001b94     0x2  startup_stm32f0xx.o [1]
  .text              ro code  0x08001b96     0x2  startup_stm32f0xx.o [1]
  .rodata            const    0x08001b98     0x0  zero_init3.o [4]
  .rodata            const    0x08001b98     0x0  copy_init3.o [4]
  Initializer bytes  ro data  0x08001b98    0xe8  <for P2 s0>
                            - 0x08001c80  0x1bc0

"P2":                                      0xa48
  P2 s0                       0x20000000    0xe8  <Init block>
    .data            inited   0x20000000    0x80  mb.o [1]
    .data            inited   0x20000080    0x2c  mb.o [1]
    .data            inited   0x200000ac    0x18  main.o [1]
    .data            inited   0x200000c4    0x14  system_stm32f0xx.o [1]
    .data            inited   0x200000d8    0x10  stm32f0xx_rcc.o [1]
  .bss               zero     0x200000e8   0x100  mbrtu.o [1]
  .bss               zero     0x200001e8    0x22  mbfuncother.o [1]
  .bss               zero     0x2000020a     0x2  portevent.o [1]
  .bss               zero     0x2000020c    0x1c  main.o [1]
  .bss               zero     0x20000228     0xc  mbrtu.o [1]
  .bss               zero     0x20000234     0x8  myiic.o [1]
  .bss               zero     0x2000023c     0x4  main.o [1]
  .bss               zero     0x20000240     0x4  porttimer.o [1]
  .bss               zero     0x20000244     0x1  main.o [1]
  CSTACK                      0x20000248   0x800  <Block>
    CSTACK           uninit   0x20000248   0x800  <Block tail>
                            - 0x20000a48   0xa48


*******************************************************************************
*** INIT TABLE
***

          Address     Size
          -------     ----
Zero (__iar_zero_init3)
    1 destination range, total size 0x15d:
          0x200000e8  0x15d

Copy (__iar_copy_init3)
    1 source range, total size 0xe8:
          0x08001b98   0xe8
    1 destination range, total size 0xe8:
          0x20000000   0xe8



*******************************************************************************
*** MODULE SUMMARY
***

    Module               ro code  ro data  rw data
    ------               -------  -------  -------
E:\WorkPlace\传感器实验箱\sensor\sensor_node\Project\infrared sensor\Obj: [1]
    infrared_sensor.o         96
    main.o                   636       24       57
    mb.o                     316      172      172
    mbcrc.o                  556
    mbfunccoils.o            308
    mbfuncdisc.o             116
    mbfuncholding.o          404
    mbfuncinput.o             98
    mbfuncother.o             32                34
    mbrtu.o                  872               268
    mbutils.o                 26
    myiic.o                  678                 8
    portevent.o               48                 2
    portserial.o             432
    porttimer.o              236                 4
    startup_stm32f0xx.o      258
    stm32f0xx_gpio.o         190
    stm32f0xx_it.o            58
    stm32f0xx_misc.o          84
    stm32f0xx_rcc.o          264       16       16
    stm32f0xx_tim.o          218
    stm32f0xx_usart.o        342
    system_stm32f0xx.o       236       20       20
    ----------------------------------------------
    Total:                 6 504      232      581

command line: [2]
    ----------------------------------------------
    Total:

dl6M_tlf.a: [3]
    abort.o                   10
    exit.o                     8
    low_level_init.o           4
    ----------------------------------------------
    Total:                    22

rt6M_tl.a: [4]
    ABImemcpy.o               92
    I32DivModFast.o          174
    IntDivZer.o                2
    cexit.o                   10
    cmain.o                   26
    copy_init3.o              48
    cstartup_M.o              12
    data_init.o               40
    zero_init3.o              42
    ----------------------------------------------
    Total:                   446

shb_l.a: [5]
    ABIassert.o               36
    exit.o                    20
    ----------------------------------------------
    Total:                    56

    Linker created                     36    2 048
--------------------------------------------------
    Grand Total:           7 028      268    2 629


*******************************************************************************
*** ENTRY LIST
***

Entry                      Address   Size  Type      Object
-----                      -------   ----  ----      ------
?main                   0x08001b29         Code  Gb  cmain.o [4]
AHBPrescTable           0x200000c4   0x10  Data  Gb  system_stm32f0xx.o [1]
APBAHBPrescTable        0x200000d8   0x10  Data  Lc  stm32f0xx_rcc.o [1]
CSTACK$$Base            0x20000248          --   Gb  - Linker created -
CSTACK$$Limit           0x20000a48          --   Gb  - Linker created -
Delay                   0x0800135d   0x12  Code  Gb  main.o [1]
GPIO_Init               0x08000c7d   0x6a  Code  Gb  stm32f0xx_gpio.o [1]
GPIO_InitStructure      0x20000234    0x8  Data  Gb  myiic.o [1]
GPIO_PinAFConfig        0x08000d1b   0x20  Code  Gb  stm32f0xx_gpio.o [1]
GPIO_ReadInputDataBit   0x08000cfd    0x8  Code  Gb  stm32f0xx_gpio.o [1]
GPIO_ReadOutputDataBit  0x08000d05    0x6  Code  Gb  stm32f0xx_gpio.o [1]
GPIO_ResetBits          0x08000d17    0x4  Code  Gb  stm32f0xx_gpio.o [1]
GPIO_SetBits            0x08000d13    0x4  Code  Gb  stm32f0xx_gpio.o [1]
GPIO_StructInit         0x08000ce7   0x12  Code  Gb  stm32f0xx_gpio.o [1]
HardFault_Handler       0x08001a53    0x2  Code  Gb  stm32f0xx_it.o [1]
I2C_Read_one_Byte       0x080010db   0x42  Code  Gb  myiic.o [1]
I2C_Write_one_Byte      0x080010a9   0x32  Code  Gb  myiic.o [1]
IIC_Ack                 0x08000fab   0x1a  Code  Gb  myiic.o [1]
IIC_Init                0x08000e99   0x2e  Code  Gb  myiic.o [1]
IIC_NAck                0x08000fc5   0x18  Code  Gb  myiic.o [1]
IIC_Read_Byte           0x0800104f   0x50  Code  Gb  myiic.o [1]
IIC_Send_Byte           0x08000ffb   0x54  Code  Gb  myiic.o [1]
IIC_Start               0x08000f01   0x2a  Code  Gb  myiic.o [1]
IIC_Stop                0x08000f2b   0x36  Code  Gb  myiic.o [1]
IIC_Wait_Ack            0x08000f61   0x4a  Code  Gb  myiic.o [1]
NMI_Handler             0x08001a51    0x2  Code  Gb  stm32f0xx_it.o [1]
NVIC_Init               0x08000d3d   0x46  Code  Gb  stm32f0xx_misc.o [1]
PendSV_Handler          0x08001a57    0x2  Code  Gb  stm32f0xx_it.o [1]
RCC_AHBPeriphClockCmd   0x08000c37   0x14  Code  Gb  stm32f0xx_rcc.o [1]
RCC_APB1PeriphClockCmd  0x08000c4b   0x14  Code  Gb  stm32f0xx_rcc.o [1]
RCC_Clocks              0x2000020c   0x1c  Data  Gb  main.o [1]
RCC_GetClocksFreq       0x08000b75   0xc2  Code  Gb  stm32f0xx_rcc.o [1]
Region$$Table$$Base     0x08001ae4          --   Gb  - Linker created -
Region$$Table$$Limit    0x08001b08          --   Gb  - Linker created -
SDA_IN                  0x08000edf   0x14  Code  Gb  myiic.o [1]
SDA_OUT                 0x08000ec7   0x18  Code  Gb  myiic.o [1]
SVC_Handler             0x08001a55    0x2  Code  Gb  stm32f0xx_it.o [1]
SysTick_Handler         0x08001a59    0x8  Code  Gb  stm32f0xx_it.o [1]
SystemCoreClock         0x200000d4    0x4  Data  Gb  system_stm32f0xx.o [1]
SystemInit              0x08001831   0xce  Code  Gb  system_stm32f0xx.o [1]
TIM2_IRQHandler         0x08001a61   0x22  Code  Gb  stm32f0xx_it.o [1]
TIM3_IRQHandler         0x08000763   0x26  Code  Gb  porttimer.o [1]
TIM_ARRPreloadConfig    0x08000df1   0x14  Code  Gb  stm32f0xx_tim.o [1]
TIM_ClearITPendingBit   0x08000e69    0x6  Code  Gb  stm32f0xx_tim.o [1]
TIM_Cmd                 0x08000e05   0x14  Code  Gb  stm32f0xx_tim.o [1]
TIM_GetITStatus         0x08000e53   0x16  Code  Gb  stm32f0xx_tim.o [1]
TIM_ITConfig            0x08000e41   0x12  Code  Gb  stm32f0xx_tim.o [1]
TIM_SetCounter          0x08000ded    0x4  Code  Gb  stm32f0xx_tim.o [1]
TIM_TimeBaseInit        0x08000d95   0x58  Code  Gb  stm32f0xx_tim.o [1]
TimingDelay             0x2000023c    0x4  Data  Lc  main.o [1]
TimingDelay_Decrement   0x08001375   0x10  Code  Gb  main.o [1]
USART1_IRQHandler       0x08001a89    0x2  Code  Gb  stm32f0xx_it.o [1]
USART2_IRQHandler       0x0800052b   0x94  Code  Gb  portserial.o [1]
USART_ClearFlag         0x08000b2d    0x4  Code  Gb  stm32f0xx_usart.o [1]
USART_ClearITPendingBit
                        0x08000b69    0xa  Code  Gb  stm32f0xx_usart.o [1]
USART_Cmd               0x08000ab9   0x16  Code  Gb  stm32f0xx_usart.o [1]
USART_GetFlagStatus     0x08000b1f    0xe  Code  Gb  stm32f0xx_usart.o [1]
USART_GetITStatus       0x08000b31   0x38  Code  Gb  stm32f0xx_usart.o [1]
USART_ITConfig          0x08000af5   0x2a  Code  Gb  stm32f0xx_usart.o [1]
USART_Init              0x08000a1d   0x9c  Code  Gb  stm32f0xx_usart.o [1]
USART_ReceiveData       0x08000ad7    0x8  Code  Gb  stm32f0xx_usart.o [1]
USART_SendData          0x08000acf    0x8  Code  Gb  stm32f0xx_usart.o [1]
__ICFEDIT_region_RAM_end__ {Abs}
                        0x20001fff          --   Gb  command line/config [2]
__ICFEDIT_region_RAM_start__ {Abs}
                        0x20000000          --   Gb  command line/config [2]
__aeabi_assert          0x0800079f   0x1e  Code  Gb  ABIassert.o [5]
__aeabi_idiv0           0x08000d91         Code  Gb  IntDivZer.o [4]
__aeabi_memcpy          0x080019f5         Code  Gb  ABImemcpy.o [4]
__aeabi_uidiv           0x080005d9         Code  Gb  I32DivModFast.o [4]
__aeabi_uidivmod        0x080005d9         Code  Gb  I32DivModFast.o [4]
__as_entries_start      0xffffffff          --   Gb  command line/config [2]
__as_table_start        0xffffffff          --   Gb  command line/config [2]
__cmain                 0x08001b29         Code  Gb  cmain.o [4]
__exit                  0x08000e79   0x14  Code  Gb  exit.o [5]
__iar_EmptyStepPoint    0x0800079d    0x2  Code  Gb  ABIassert.o [5]
__iar_copy_init3        0x08001a8b   0x30  Code  Gb  copy_init3.o [4]
__iar_data_init3        0x08001abd   0x28  Code  Gb  data_init.o [4]
__iar_program_start     0x08001b6d         Code  Gb  cstartup_M.o [4]
__iar_zero_init3        0x08000687   0x2a  Code  Gb  zero_init3.o [4]
__low_level_init        0x08001b43    0x4  Code  Gb  low_level_init.o [3]
__vector_table          0x08000000         Data  Gb  startup_stm32f0xx.o [1]
_call_main              0x08001b35         Code  Gb  cmain.o [4]
_exit                   0x08001b51         Code  Gb  cexit.o [4]
_main                   0x08001b3f         Code  Gb  cmain.o [4]
abort                   0x08000e6f    0xa  Code  Gb  abort.o [3]
at24xx_check            0x08001235   0x3e  Code  Gb  main.o [1]
aucCRCHi                0x080007ec  0x100  Data  Lc  mbcrc.o [1]
aucCRCLo                0x080008ec  0x100  Data  Lc  mbcrc.o [1]
beep_init               0x08001135   0x34  Code  Gb  main.o [1]
board_init              0x08001169   0x5a  Code  Gb  main.o [1]
delayus                 0x08000e8d    0xc  Code  Gb  myiic.o [1]
eMBEnable               0x0800146d   0x1c  Code  Gb  mb.o [1]
eMBFuncReadCoils        0x080016fd   0x76  Code  Gb  mbfunccoils.o [1]
eMBFuncReadDiscreteInputs
                        0x0800191d   0x74  Code  Gb  mbfuncdisc.o [1]
eMBFuncReadHoldingRegister
                        0x080015cf   0x60  Code  Gb  mbfuncholding.o [1]
eMBFuncReadInputRegister
                        0x08001991   0x62  Code  Gb  mbfuncinput.o [1]
eMBFuncReadWriteMultipleHoldingRegister
                        0x0800162f   0xb2  Code  Gb  mbfuncholding.o [1]
eMBFuncReportSlaveID    0x08001b09   0x1a  Code  Gb  mbfuncother.o [1]
eMBFuncWriteCoil        0x08001773   0x58  Code  Gb  mbfunccoils.o [1]
eMBFuncWriteHoldingRegister
                        0x0800154d   0x32  Code  Gb  mbfuncholding.o [1]
eMBFuncWriteMultipleCoils
                        0x080017cb   0x62  Code  Gb  mbfunccoils.o [1]
eMBFuncWriteMultipleHoldingRegister
                        0x0800157f   0x50  Code  Gb  mbfuncholding.o [1]
eMBInit                 0x08001411   0x5c  Code  Gb  mb.o [1]
eMBPoll                 0x08001489   0x9e  Code  Gb  mb.o [1]
eMBRTUInit              0x080000c1   0x36  Code  Gb  mbrtu.o [1]
eMBRTUReceive           0x0800011d   0x50  Code  Gb  mbrtu.o [1]
eMBRTUSend              0x0800016d   0x60  Code  Gb  mbrtu.o [1]
eMBRTUStart             0x080000f7   0x16  Code  Gb  mbrtu.o [1]
eMBRTUStop              0x0800010d   0x10  Code  Gb  mbrtu.o [1]
eMBRegCoilsCB           0x08001355    0x4  Code  Gb  main.o [1]
eMBRegDiscreteCB        0x08001359    0x4  Code  Gb  main.o [1]
eMBRegHoldingCB         0x08001273   0x78  Code  Gb  main.o [1]
eMBRegInputCB           0x08001351    0x4  Code  Gb  main.o [1]
eMBState                0x20000081    0x1  Data  Lc  mb.o [1]
eQueuedEvent            0x2000020a    0x1  Data  Lc  portevent.o [1]
eRcvState               0x20000229    0x1  Data  Lc  mbrtu.o [1]
eSndState               0x20000228    0x1  Data  Lc  mbrtu.o [1]
exit                    0x08001b47    0x8  Code  Gb  exit.o [3]
get_data_flag           0x20000244    0x1  Data  Gb  main.o [1]
get_sensor_data         0x080013f1   0x18  Code  Gb  infrared_sensor.o [1]
main                    0x080011ff   0x36  Code  Gb  main.o [1]
peMBFrameReceiveCur     0x20000094    0x4  Data  Lc  mb.o [1]
peMBFrameSendCur        0x20000088    0x4  Data  Lc  mb.o [1]
prveMBError2Exception   0x080016e1   0x1a  Code  Gb  mbutils.o [1]
pucSndBufferCur         0x20000230    0x4  Data  Lc  mbrtu.o [1]
pvMBFrameCloseCur       0x20000098    0x4  Data  Lc  mb.o [1]
pvMBFrameStartCur       0x2000008c    0x4  Data  Lc  mb.o [1]
pvMBFrameStopCur        0x20000090    0x4  Data  Lc  mb.o [1]
pxMBFrameCBByteReceived
                        0x2000009c    0x4  Data  Gb  mb.o [1]
pxMBFrameCBTransmitterEmpty
                        0x200000a0    0x4  Data  Gb  mb.o [1]
pxMBPortCBTimerExpired  0x200000a4    0x4  Data  Gb  mb.o [1]
restore_data            0x080013db   0x16  Code  Gb  infrared_sensor.o [1]
sensor_init             0x080013b1   0x2a  Code  Gb  infrared_sensor.o [1]
system_init             0x080011c3   0x3c  Code  Gb  main.o [1]
tim3_cnt                0x20000240    0x4  Data  Lc  porttimer.o [1]
timer2_init             0x080012eb   0x66  Code  Gb  main.o [1]
ucMBAddress             0x20000080    0x1  Data  Lc  mb.o [1]
ucMBSlaveID             0x200001e8   0x20  Data  Lc  mbfuncother.o [1]
ucRTUBuf                0x200000e8  0x100  Data  Gb  mbrtu.o [1]
usMBCRC16               0x080007c1   0x2a  Code  Gb  mbcrc.o [1]
usMBSlaveIDLen          0x20000208    0x2  Data  Lc  mbfuncother.o [1]
usRcvBufferPos          0x2000022c    0x2  Data  Lc  mbrtu.o [1]
usRegHoldingBuf         0x200000b0   0x14  Data  Gb  main.o [1]
usRegHoldingStart       0x200000ac    0x2  Data  Gb  main.o [1]
usSndBufferCount        0x2000022a    0x2  Data  Lc  mbrtu.o [1]
vMBPortSerialEnable     0x08000429   0x2c  Code  Gb  portserial.o [1]
vMBPortTimersDisable    0x0800073b   0x20  Code  Gb  porttimer.o [1]
vMBPortTimersEnable     0x08000719   0x22  Code  Gb  porttimer.o [1]
xEventInQueue           0x2000020b    0x1  Data  Lc  portevent.o [1]
xFuncHandlers           0x20000000   0x80  Data  Lc  mb.o [1]
xMBPortEventGet         0x08000a03   0x16  Code  Gb  portevent.o [1]
xMBPortEventInit        0x080009ed    0xa  Code  Gb  portevent.o [1]
xMBPortEventPost        0x080009f7    0xc  Code  Gb  portevent.o [1]
xMBPortSerialGetByte    0x0800051b   0x10  Code  Gb  portserial.o [1]
xMBPortSerialInit       0x08000455   0xb8  Code  Gb  portserial.o [1]
xMBPortSerialPutByte    0x0800050d    0xe  Code  Gb  portserial.o [1]
xMBPortTimersInit       0x080006b1   0x68  Code  Gb  porttimer.o [1]
xMBRTUReceiveFSM        0x080001cd   0x72  Code  Gb  mbrtu.o [1]
xMBRTUTimerT35Expired   0x080002ad   0x52  Code  Gb  mbrtu.o [1]
xMBRTUTransmitFSM       0x08000241   0x6a  Code  Gb  mbrtu.o [1]


[1] = E:\WorkPlace\传感器实验箱\sensor\sensor_node\Project\infrared sensor\Obj
[2] = command line
[3] = dl6M_tlf.a
[4] = rt6M_tl.a
[5] = shb_l.a

  7 028 bytes of readonly  code memory
    268 bytes of readonly  data memory
  2 629 bytes of readwrite data memory

Errors: none
Warnings: none
