###############################################################################
#
# IAR ELF Linker V7.20.2.7424/W32 for ARM                 22/Mar/2016  16:56:18
# Copyright 2007-2014 IAR Systems AB.
#
#    Output file  =  
#        E:\WorkPlace\传感器实验箱\sensor\control_node_beta3\Project\testT001\Exe\testFreeMB_STM32F0.out
#    Map file     =  
#        E:\WorkPlace\传感器实验箱\sensor\control_node_beta3\Project\testT001\List\testFreeMB_STM32F0.map
#    Command line =  
#        E:\WorkPlace\传感器实验箱\sensor\control_node_beta3\Project\testT001\Obj\FS_FIFO_V1.o
#        E:\WorkPlace\传感器实验箱\sensor\control_node_beta3\Project\testT001\Obj\main.o
#        E:\WorkPlace\传感器实验箱\sensor\control_node_beta3\Project\testT001\Obj\mb.o
#        E:\WorkPlace\传感器实验箱\sensor\control_node_beta3\Project\testT001\Obj\mbcrc.o
#        E:\WorkPlace\传感器实验箱\sensor\control_node_beta3\Project\testT001\Obj\mbfunccoils.o
#        E:\WorkPlace\传感器实验箱\sensor\control_node_beta3\Project\testT001\Obj\mbfuncdiag.o
#        E:\WorkPlace\传感器实验箱\sensor\control_node_beta3\Project\testT001\Obj\mbfuncdisc.o
#        E:\WorkPlace\传感器实验箱\sensor\control_node_beta3\Project\testT001\Obj\mbfuncholding.o
#        E:\WorkPlace\传感器实验箱\sensor\control_node_beta3\Project\testT001\Obj\mbfuncinput.o
#        E:\WorkPlace\传感器实验箱\sensor\control_node_beta3\Project\testT001\Obj\mbfuncother.o
#        E:\WorkPlace\传感器实验箱\sensor\control_node_beta3\Project\testT001\Obj\mbrtu.o
#        E:\WorkPlace\传感器实验箱\sensor\control_node_beta3\Project\testT001\Obj\mbutils.o
#        E:\WorkPlace\传感器实验箱\sensor\control_node_beta3\Project\testT001\Obj\myiic.o
#        E:\WorkPlace\传感器实验箱\sensor\control_node_beta3\Project\testT001\Obj\portevent.o
#        E:\WorkPlace\传感器实验箱\sensor\control_node_beta3\Project\testT001\Obj\portserial.o
#        E:\WorkPlace\传感器实验箱\sensor\control_node_beta3\Project\testT001\Obj\porttimer.o
#        E:\WorkPlace\传感器实验箱\sensor\control_node_beta3\Project\testT001\Obj\startup_stm32f0xx.o
#        E:\WorkPlace\传感器实验箱\sensor\control_node_beta3\Project\testT001\Obj\stm32f0xx_adc.o
#        E:\WorkPlace\传感器实验箱\sensor\control_node_beta3\Project\testT001\Obj\stm32f0xx_cec.o
#        E:\WorkPlace\传感器实验箱\sensor\control_node_beta3\Project\testT001\Obj\stm32f0xx_comp.o
#        E:\WorkPlace\传感器实验箱\sensor\control_node_beta3\Project\testT001\Obj\stm32f0xx_crc.o
#        E:\WorkPlace\传感器实验箱\sensor\control_node_beta3\Project\testT001\Obj\stm32f0xx_dac.o
#        E:\WorkPlace\传感器实验箱\sensor\control_node_beta3\Project\testT001\Obj\stm32f0xx_dbgmcu.o
#        E:\WorkPlace\传感器实验箱\sensor\control_node_beta3\Project\testT001\Obj\stm32f0xx_dma.o
#        E:\WorkPlace\传感器实验箱\sensor\control_node_beta3\Project\testT001\Obj\stm32f0xx_exti.o
#        E:\WorkPlace\传感器实验箱\sensor\control_node_beta3\Project\testT001\Obj\stm32f0xx_flash.o
#        E:\WorkPlace\传感器实验箱\sensor\control_node_beta3\Project\testT001\Obj\stm32f0xx_gpio.o
#        E:\WorkPlace\传感器实验箱\sensor\control_node_beta3\Project\testT001\Obj\stm32f0xx_i2c.o
#        E:\WorkPlace\传感器实验箱\sensor\control_node_beta3\Project\testT001\Obj\stm32f0xx_it.o
#        E:\WorkPlace\传感器实验箱\sensor\control_node_beta3\Project\testT001\Obj\stm32f0xx_iwdg.o
#        E:\WorkPlace\传感器实验箱\sensor\control_node_beta3\Project\testT001\Obj\stm32f0xx_misc.o
#        E:\WorkPlace\传感器实验箱\sensor\control_node_beta3\Project\testT001\Obj\stm32f0xx_pwr.o
#        E:\WorkPlace\传感器实验箱\sensor\control_node_beta3\Project\testT001\Obj\stm32f0xx_rcc.o
#        E:\WorkPlace\传感器实验箱\sensor\control_node_beta3\Project\testT001\Obj\stm32f0xx_rtc.o
#        E:\WorkPlace\传感器实验箱\sensor\control_node_beta3\Project\testT001\Obj\stm32f0xx_spi.o
#        E:\WorkPlace\传感器实验箱\sensor\control_node_beta3\Project\testT001\Obj\stm32f0xx_syscfg.o
#        E:\WorkPlace\传感器实验箱\sensor\control_node_beta3\Project\testT001\Obj\stm32f0xx_tim.o
#        E:\WorkPlace\传感器实验箱\sensor\control_node_beta3\Project\testT001\Obj\stm32f0xx_usart.o
#        E:\WorkPlace\传感器实验箱\sensor\control_node_beta3\Project\testT001\Obj\stm32f0xx_wwdg.o
#        E:\WorkPlace\传感器实验箱\sensor\control_node_beta3\Project\testT001\Obj\system_stm32f0xx.o
#        --redirect _Printf=_PrintfFull --redirect _Scanf=_ScanfFull -o
#        E:\WorkPlace\传感器实验箱\sensor\control_node_beta3\Project\testT001\Exe\testFreeMB_STM32F0.out
#        --map
#        E:\WorkPlace\传感器实验箱\sensor\control_node_beta3\Project\testT001\List\testFreeMB_STM32F0.map
#        --config "C:\Program Files (x86)\IAR Systems\Embedded Workbench
#        7.0\arm\config\linker\ST\stm32f051x8.icf" --semihosting --entry
#        __iar_program_start --vfe
#
###############################################################################

*******************************************************************************
*** RUNTIME MODEL ATTRIBUTES
***

CppFlavor       = *
__SystemLibrary = DLib


*******************************************************************************
*** PLACEMENT SUMMARY
***

"A1":  place at 0x08000000 { ro section .intvec };
"P1":  place in [from 0x08000000 to 0x0800ffff] { ro };
"P2":  place in [from 0x20000000 to 0x20001fff] { rw, block CSTACK, block HEAP };

  Section            Kind        Address    Size  Object
  -------            ----        -------    ----  ------
"A1":                                       0xc0
  .intvec            ro code  0x08000000    0xc0  startup_stm32f0xx.o [1]
                            - 0x080000c0    0xc0

"P1":                                     0x1cfc
  .text              ro code  0x080000c0   0x370  mbrtu.o [1]
  .text              ro code  0x08000430   0x1b0  portserial.o [1]
  .text              ro code  0x080005e0    0xae  I32DivModFast.o [4]
  .text              ro code  0x0800068e    0x2a  zero_init3.o [4]
  .text              ro code  0x080006b8    0xec  porttimer.o [1]
  .text              ro code  0x080007a4    0x24  ABIassert.o [5]
  .text              ro code  0x080007c8   0x22c  mbcrc.o [1]
  .text              ro code  0x080009f4    0x30  portevent.o [1]
  .text              ro code  0x08000a24   0x156  stm32f0xx_usart.o [1]
  .text              ro code  0x08000b7a     0x2  startup_stm32f0xx.o [1]
  .text              ro code  0x08000b7c   0x108  stm32f0xx_rcc.o [1]
  .text              ro code  0x08000c84    0xbe  stm32f0xx_gpio.o [1]
  .text              ro code  0x08000d42     0x2  startup_stm32f0xx.o [1]
  .text              ro code  0x08000d44    0x54  stm32f0xx_misc.o [1]
  .text              ro code  0x08000d98     0x2  IntDivZer.o [4]
  .text              ro code  0x08000d9a     0x2  startup_stm32f0xx.o [1]
  .text              ro code  0x08000d9c    0xda  stm32f0xx_tim.o [1]
  .text              ro code  0x08000e76     0xa  abort.o [3]
  .text              ro code  0x08000e80    0x14  exit.o [5]
  .text              ro code  0x08000e94   0x340  main.o [1]
  .text              ro code  0x080011d4   0x2a6  myiic.o [1]
  .text              ro code  0x0800147a     0x2  startup_stm32f0xx.o [1]
  .text              ro code  0x0800147c   0x13c  mb.o [1]
  .text              ro code  0x080015b8    0xf8  mbutils.o [1]
  .text              ro code  0x080016b0   0x194  mbfuncholding.o [1]
  .text              ro code  0x08001844   0x134  mbfunccoils.o [1]
  .text              ro code  0x08001978    0xec  system_stm32f0xx.o [1]
  .text              ro code  0x08001a64    0x74  mbfuncdisc.o [1]
  .text              ro code  0x08001ad8    0x62  mbfuncinput.o [1]
  .text              ro code  0x08001b3a     0x2  startup_stm32f0xx.o [1]
  .text              ro code  0x08001b3c    0x5c  ABImemcpy.o [4]
  .text              ro code  0x08001b98    0x30  copy_init3.o [4]
  .text              ro code  0x08001bc8    0x28  data_init.o [4]
  .iar.init_table    const    0x08001bf0    0x24  - Linker created -
  .text              ro code  0x08001c14    0x20  mbfuncother.o [1]
  .text              ro code  0x08001c34    0x1a  cmain.o [4]
  .text              ro code  0x08001c4e     0x4  low_level_init.o [3]
  .text              ro code  0x08001c52     0x8  exit.o [3]
  .text              ro code  0x08001c5a     0x2  startup_stm32f0xx.o [1]
  .text              ro code  0x08001c5c     0xa  cexit.o [4]
  .text              ro code  0x08001c66    0x14  stm32f0xx_it.o [1]
  .text              ro code  0x08001c7a     0x2  startup_stm32f0xx.o [1]
  .text              ro code  0x08001c7c    0x10  startup_stm32f0xx.o [1]
  .text              ro code  0x08001c8c     0xc  cstartup_M.o [4]
  .text              ro code  0x08001c98     0x2  startup_stm32f0xx.o [1]
  .text              ro code  0x08001c9a     0x2  startup_stm32f0xx.o [1]
  .text              ro code  0x08001c9c     0x2  startup_stm32f0xx.o [1]
  .text              ro code  0x08001c9e     0x2  startup_stm32f0xx.o [1]
  .text              ro code  0x08001ca0     0x2  startup_stm32f0xx.o [1]
  .text              ro code  0x08001ca2     0x2  startup_stm32f0xx.o [1]
  .text              ro code  0x08001ca4     0x2  startup_stm32f0xx.o [1]
  .text              ro code  0x08001ca6     0x2  startup_stm32f0xx.o [1]
  .text              ro code  0x08001ca8     0x2  startup_stm32f0xx.o [1]
  .text              ro code  0x08001caa     0x2  startup_stm32f0xx.o [1]
  .text              ro code  0x08001cac     0x2  startup_stm32f0xx.o [1]
  .text              ro code  0x08001cae     0x2  startup_stm32f0xx.o [1]
  .text              ro code  0x08001cb0     0x2  startup_stm32f0xx.o [1]
  .text              ro code  0x08001cb2     0x2  startup_stm32f0xx.o [1]
  .text              ro code  0x08001cb4     0x2  startup_stm32f0xx.o [1]
  .text              ro code  0x08001cb6     0x2  startup_stm32f0xx.o [1]
  .text              ro code  0x08001cb8     0x2  startup_stm32f0xx.o [1]
  .text              ro code  0x08001cba     0x2  startup_stm32f0xx.o [1]
  .rodata            const    0x08001cbc     0x0  zero_init3.o [4]
  .rodata            const    0x08001cbc     0x0  copy_init3.o [4]
  Initializer bytes  ro data  0x08001cbc   0x100  <for P2 s0>
                            - 0x08001dbc  0x1cfc

"P2":                                      0xa60
  P2 s0                       0x20000000   0x100  <Init block>
    .data            inited   0x20000000    0x80  mb.o [1]
    .data            inited   0x20000080    0x2c  mb.o [1]
    .data            inited   0x200000ac    0x16  main.o [1]
    .data            inited   0x200000c2     0x2  main.o [1]
    .data            inited   0x200000c4    0x14  main.o [1]
    .data            inited   0x200000d8    0x14  system_stm32f0xx.o [1]
    .data            inited   0x200000ec    0x10  stm32f0xx_rcc.o [1]
    .data            inited   0x200000fc     0x2  main.o [1]
  .bss               zero     0x20000100   0x100  mbrtu.o [1]
  .bss               zero     0x20000200    0x22  mbfuncother.o [1]
  .bss               zero     0x20000222     0x2  portevent.o [1]
  .bss               zero     0x20000224    0x1c  main.o [1]
  .bss               zero     0x20000240     0xc  mbrtu.o [1]
  .bss               zero     0x2000024c     0x8  myiic.o [1]
  .bss               zero     0x20000254     0x4  main.o [1]
  .bss               zero     0x20000258     0x4  porttimer.o [1]
  CSTACK                      0x20000260   0x800  <Block>
    CSTACK           uninit   0x20000260   0x800  <Block tail>
                            - 0x20000a60   0xa60


*******************************************************************************
*** INIT TABLE
***

          Address     Size
          -------     ----
Zero (__iar_zero_init3)
    1 destination range, total size 0x15c:
          0x20000100  0x15c

Copy (__iar_copy_init3)
    1 source range, total size 0x100 (100% of destination):
          0x08001cbc  0x100
    1 destination range, total size 0xfe:
          0x20000000   0xfe



*******************************************************************************
*** MODULE SUMMARY
***

    Module               ro code  ro data  rw data
    ------               -------  -------  -------
E:\WorkPlace\传感器实验箱\sensor\control_node_beta3\Project\testT001\Obj: [1]
    main.o                   832       46       78
    mb.o                     316      172      172
    mbcrc.o                  556
    mbfunccoils.o            308
    mbfuncdisc.o             116
    mbfuncholding.o          404
    mbfuncinput.o             98
    mbfuncother.o             32                34
    mbrtu.o                  880               268
    mbutils.o                248
    myiic.o                  678                 8
    portevent.o               48                 2
    portserial.o             432
    porttimer.o              236                 4
    startup_stm32f0xx.o      258
    stm32f0xx_gpio.o         190
    stm32f0xx_it.o            20
    stm32f0xx_misc.o          84
    stm32f0xx_rcc.o          264       16       16
    stm32f0xx_tim.o          218
    stm32f0xx_usart.o        342
    system_stm32f0xx.o       236       20       20
    ----------------------------------------------
    Total:                 6 796      254      602

command line: [2]
    ----------------------------------------------
    Total:

dl6M_tlf.a: [3]
    abort.o                   10
    exit.o                     8
    low_level_init.o           4
    ----------------------------------------------
    Total:                    22

rt6M_tl.a: [4]
    ABImemcpy.o               92
    I32DivModFast.o          174
    IntDivZer.o                2
    cexit.o                   10
    cmain.o                   26
    copy_init3.o              48
    cstartup_M.o              12
    data_init.o               40
    zero_init3.o              42
    ----------------------------------------------
    Total:                   446

shb_l.a: [5]
    ABIassert.o               36
    exit.o                    20
    ----------------------------------------------
    Total:                    56

    Linker created                     38    2 048
--------------------------------------------------
    Grand Total:           7 320      292    2 650


*******************************************************************************
*** ENTRY LIST
***

Entry                      Address   Size  Type      Object
-----                      -------   ----  ----      ------
?main                   0x08001c35         Code  Gb  cmain.o [4]
AHBPrescTable           0x200000d8   0x10  Data  Gb  system_stm32f0xx.o [1]
APBAHBPrescTable        0x200000ec   0x10  Data  Lc  stm32f0xx_rcc.o [1]
CSTACK$$Base            0x20000260          --   Gb  - Linker created -
CSTACK$$Limit           0x20000a60          --   Gb  - Linker created -
Delay                   0x08001199   0x12  Code  Gb  main.o [1]
GPIO_Init               0x08000c85   0x6a  Code  Gb  stm32f0xx_gpio.o [1]
GPIO_InitStructure      0x2000024c    0x8  Data  Gb  myiic.o [1]
GPIO_PinAFConfig        0x08000d23   0x20  Code  Gb  stm32f0xx_gpio.o [1]
GPIO_ReadInputDataBit   0x08000d05    0x8  Code  Gb  stm32f0xx_gpio.o [1]
GPIO_ReadOutputDataBit  0x08000d0d    0x6  Code  Gb  stm32f0xx_gpio.o [1]
GPIO_ResetBits          0x08000d1f    0x4  Code  Gb  stm32f0xx_gpio.o [1]
GPIO_SetBits            0x08000d1b    0x4  Code  Gb  stm32f0xx_gpio.o [1]
GPIO_StructInit         0x08000cef   0x12  Code  Gb  stm32f0xx_gpio.o [1]
HardFault_Handler       0x08001c69    0x2  Code  Gb  stm32f0xx_it.o [1]
I2C_Read_one_Byte       0x08001423   0x42  Code  Gb  myiic.o [1]
I2C_Write_one_Byte      0x080013f1   0x32  Code  Gb  myiic.o [1]
IIC_Ack                 0x080012f3   0x1a  Code  Gb  myiic.o [1]
IIC_Init                0x080011e1   0x2e  Code  Gb  myiic.o [1]
IIC_NAck                0x0800130d   0x18  Code  Gb  myiic.o [1]
IIC_Read_Byte           0x08001397   0x50  Code  Gb  myiic.o [1]
IIC_Send_Byte           0x08001343   0x54  Code  Gb  myiic.o [1]
IIC_Start               0x08001249   0x2a  Code  Gb  myiic.o [1]
IIC_Stop                0x08001273   0x36  Code  Gb  myiic.o [1]
IIC_Wait_Ack            0x080012a9   0x4a  Code  Gb  myiic.o [1]
NMI_Handler             0x08001c67    0x2  Code  Gb  stm32f0xx_it.o [1]
NVIC_Init               0x08000d45   0x46  Code  Gb  stm32f0xx_misc.o [1]
PendSV_Handler          0x08001c6d    0x2  Code  Gb  stm32f0xx_it.o [1]
RCC_AHBPeriphClockCmd   0x08000c3f   0x14  Code  Gb  stm32f0xx_rcc.o [1]
RCC_APB1PeriphClockCmd  0x08000c53   0x14  Code  Gb  stm32f0xx_rcc.o [1]
RCC_Clocks              0x20000224   0x1c  Data  Gb  main.o [1]
RCC_GetClocksFreq       0x08000b7d   0xc2  Code  Gb  stm32f0xx_rcc.o [1]
Region$$Table$$Base     0x08001bf0          --   Gb  - Linker created -
Region$$Table$$Limit    0x08001c14          --   Gb  - Linker created -
SDA_IN                  0x08001227   0x14  Code  Gb  myiic.o [1]
SDA_OUT                 0x0800120f   0x18  Code  Gb  myiic.o [1]
SVC_Handler             0x08001c6b    0x2  Code  Gb  stm32f0xx_it.o [1]
SysTick_Handler         0x08001c6f    0x8  Code  Gb  stm32f0xx_it.o [1]
SystemCoreClock         0x200000e8    0x4  Data  Gb  system_stm32f0xx.o [1]
SystemInit              0x08001979   0xce  Code  Gb  system_stm32f0xx.o [1]
TIM2_IRQHandler         0x08001c77    0x2  Code  Gb  stm32f0xx_it.o [1]
TIM3_IRQHandler         0x0800076b   0x26  Code  Gb  porttimer.o [1]
TIM_ARRPreloadConfig    0x08000df9   0x14  Code  Gb  stm32f0xx_tim.o [1]
TIM_ClearITPendingBit   0x08000e71    0x6  Code  Gb  stm32f0xx_tim.o [1]
TIM_Cmd                 0x08000e0d   0x14  Code  Gb  stm32f0xx_tim.o [1]
TIM_GetITStatus         0x08000e5b   0x16  Code  Gb  stm32f0xx_tim.o [1]
TIM_ITConfig            0x08000e49   0x12  Code  Gb  stm32f0xx_tim.o [1]
TIM_SetCounter          0x08000df5    0x4  Code  Gb  stm32f0xx_tim.o [1]
TIM_TimeBaseInit        0x08000d9d   0x58  Code  Gb  stm32f0xx_tim.o [1]
TimingDelay             0x20000254    0x4  Data  Lc  main.o [1]
TimingDelay_Decrement   0x080011ab   0x10  Code  Gb  main.o [1]
USART1_IRQHandler       0x08001c79    0x2  Code  Gb  stm32f0xx_it.o [1]
USART2_IRQHandler       0x08000533   0x94  Code  Gb  portserial.o [1]
USART_ClearFlag         0x08000b35    0x4  Code  Gb  stm32f0xx_usart.o [1]
USART_ClearITPendingBit
                        0x08000b71    0xa  Code  Gb  stm32f0xx_usart.o [1]
USART_Cmd               0x08000ac1   0x16  Code  Gb  stm32f0xx_usart.o [1]
USART_GetFlagStatus     0x08000b27    0xe  Code  Gb  stm32f0xx_usart.o [1]
USART_GetITStatus       0x08000b39   0x38  Code  Gb  stm32f0xx_usart.o [1]
USART_ITConfig          0x08000afd   0x2a  Code  Gb  stm32f0xx_usart.o [1]
USART_Init              0x08000a25   0x9c  Code  Gb  stm32f0xx_usart.o [1]
USART_ReceiveData       0x08000adf    0x8  Code  Gb  stm32f0xx_usart.o [1]
USART_SendData          0x08000ad7    0x8  Code  Gb  stm32f0xx_usart.o [1]
__ICFEDIT_region_RAM_end__ {Abs}
                        0x20001fff          --   Gb  command line/config [2]
__ICFEDIT_region_RAM_start__ {Abs}
                        0x20000000          --   Gb  command line/config [2]
__aeabi_assert          0x080007a7   0x1e  Code  Gb  ABIassert.o [5]
__aeabi_idiv0           0x08000d99         Code  Gb  IntDivZer.o [4]
__aeabi_memcpy          0x08001b3d         Code  Gb  ABImemcpy.o [4]
__aeabi_uidiv           0x080005e1         Code  Gb  I32DivModFast.o [4]
__aeabi_uidivmod        0x080005e1         Code  Gb  I32DivModFast.o [4]
__as_entries_start      0xffffffff          --   Gb  command line/config [2]
__as_table_start        0xffffffff          --   Gb  command line/config [2]
__cmain                 0x08001c35         Code  Gb  cmain.o [4]
__exit                  0x08000e81   0x14  Code  Gb  exit.o [5]
__iar_EmptyStepPoint    0x080007a5    0x2  Code  Gb  ABIassert.o [5]
__iar_copy_init3        0x08001b99   0x30  Code  Gb  copy_init3.o [4]
__iar_data_init3        0x08001bc9   0x28  Code  Gb  data_init.o [4]
__iar_program_start     0x08001c8d         Code  Gb  cstartup_M.o [4]
__iar_zero_init3        0x0800068f   0x2a  Code  Gb  zero_init3.o [4]
__low_level_init        0x08001c4f    0x4  Code  Gb  low_level_init.o [3]
__vector_table          0x08000000         Data  Gb  startup_stm32f0xx.o [1]
_call_main              0x08001c41         Code  Gb  cmain.o [4]
_exit                   0x08001c5d         Code  Gb  cexit.o [4]
_main                   0x08001c4b         Code  Gb  cmain.o [4]
abort                   0x08000e77    0xa  Code  Gb  abort.o [3]
at24xx_check            0x08000f49   0x3e  Code  Gb  main.o [1]
aucCRCHi                0x080007f4  0x100  Data  Lc  mbcrc.o [1]
aucCRCLo                0x080008f4  0x100  Data  Lc  mbcrc.o [1]
beep_init               0x08000e95   0x34  Code  Gb  main.o [1]
board_init              0x08000ef3   0x56  Code  Gb  main.o [1]
delayus                 0x080011d5    0xc  Code  Gb  myiic.o [1]
eMBEnable               0x080014d9   0x1c  Code  Gb  mb.o [1]
eMBFuncReadCoils        0x08001845   0x76  Code  Gb  mbfunccoils.o [1]
eMBFuncReadDiscreteInputs
                        0x08001a65   0x74  Code  Gb  mbfuncdisc.o [1]
eMBFuncReadHoldingRegister
                        0x08001733   0x60  Code  Gb  mbfuncholding.o [1]
eMBFuncReadInputRegister
                        0x08001ad9   0x62  Code  Gb  mbfuncinput.o [1]
eMBFuncReadWriteMultipleHoldingRegister
                        0x08001793   0xb2  Code  Gb  mbfuncholding.o [1]
eMBFuncReportSlaveID    0x08001c15   0x1a  Code  Gb  mbfuncother.o [1]
eMBFuncWriteCoil        0x080018bb   0x58  Code  Gb  mbfunccoils.o [1]
eMBFuncWriteHoldingRegister
                        0x080016b1   0x32  Code  Gb  mbfuncholding.o [1]
eMBFuncWriteMultipleCoils
                        0x08001913   0x62  Code  Gb  mbfunccoils.o [1]
eMBFuncWriteMultipleHoldingRegister
                        0x080016e3   0x50  Code  Gb  mbfuncholding.o [1]
eMBInit                 0x0800147d   0x5c  Code  Gb  mb.o [1]
eMBPoll                 0x080014f5   0x9e  Code  Gb  mb.o [1]
eMBRTUInit              0x080000c1   0x36  Code  Gb  mbrtu.o [1]
eMBRTUReceive           0x0800011d   0x50  Code  Gb  mbrtu.o [1]
eMBRTUSend              0x0800016d   0x60  Code  Gb  mbrtu.o [1]
eMBRTUStart             0x080000f7   0x16  Code  Gb  mbrtu.o [1]
eMBRTUStop              0x0800010d   0x10  Code  Gb  mbrtu.o [1]
eMBRegCoilsCB           0x080010dd   0x6e  Code  Gb  main.o [1]
eMBRegDiscreteCB        0x08001151   0x44  Code  Gb  main.o [1]
eMBRegHoldingCB         0x08001011   0x78  Code  Gb  main.o [1]
eMBRegInputCB           0x08001091   0x40  Code  Gb  main.o [1]
eMBState                0x20000081    0x1  Data  Lc  mb.o [1]
eQueuedEvent            0x20000222    0x1  Data  Lc  portevent.o [1]
eRcvState               0x20000241    0x1  Data  Lc  mbrtu.o [1]
eSndState               0x20000240    0x1  Data  Lc  mbrtu.o [1]
exit                    0x08001c53    0x8  Code  Gb  exit.o [3]
get_sensor_data         0x08000fd1   0x18  Code  Gb  main.o [1]
infrared_gpio_init      0x08000ec9   0x2a  Code  Gb  main.o [1]
main                    0x08000fe9   0x28  Code  Gb  main.o [1]
peMBFrameReceiveCur     0x20000094    0x4  Data  Lc  mb.o [1]
peMBFrameSendCur        0x20000088    0x4  Data  Lc  mb.o [1]
prveMBError2Exception   0x08001623   0x1a  Code  Gb  mbutils.o [1]
pucSndBufferCur         0x20000248    0x4  Data  Lc  mbrtu.o [1]
pvMBFrameCloseCur       0x20000098    0x4  Data  Lc  mb.o [1]
pvMBFrameStartCur       0x2000008c    0x4  Data  Lc  mb.o [1]
pvMBFrameStopCur        0x20000090    0x4  Data  Lc  mb.o [1]
pxMBFrameCBByteReceived
                        0x2000009c    0x4  Data  Gb  mb.o [1]
pxMBFrameCBTransmitterEmpty
                        0x200000a0    0x4  Data  Gb  mb.o [1]
pxMBPortCBTimerExpired  0x200000a4    0x4  Data  Gb  mb.o [1]
system_init             0x08000f87   0x4a  Code  Gb  main.o [1]
tim3_cnt                0x20000258    0x4  Data  Lc  porttimer.o [1]
ucMBAddress             0x20000080    0x1  Data  Lc  mb.o [1]
ucMBSlaveID             0x20000200   0x20  Data  Lc  mbfuncother.o [1]
ucRTUBuf                0x20000100  0x100  Data  Gb  mbrtu.o [1]
ucRegCoilsBuf           0x200000c2    0x2  Data  Gb  main.o [1]
ucRegDiscreteBuf        0x200000fc    0x2  Data  Gb  main.o [1]
usMBCRC16               0x080007c9   0x2a  Code  Gb  mbcrc.o [1]
usMBSlaveIDLen          0x20000220    0x2  Data  Lc  mbfuncother.o [1]
usRcvBufferPos          0x20000244    0x2  Data  Lc  mbrtu.o [1]
usRegHoldingBuf         0x200000ac   0x14  Data  Gb  main.o [1]
usRegHoldingStart       0x200000c0    0x2  Data  Gb  main.o [1]
usRegInputBuf           0x200000c8   0x10  Data  Gb  main.o [1]
usRegInputStart         0x200000c4    0x2  Data  Gb  main.o [1]
usSndBufferCount        0x20000242    0x2  Data  Lc  mbrtu.o [1]
vMBPortSerialEnable     0x08000431   0x2c  Code  Gb  portserial.o [1]
vMBPortTimersDisable    0x08000743   0x20  Code  Gb  porttimer.o [1]
vMBPortTimersEnable     0x08000721   0x22  Code  Gb  porttimer.o [1]
xEventInQueue           0x20000223    0x1  Data  Lc  portevent.o [1]
xFuncHandlers           0x20000000   0x80  Data  Lc  mb.o [1]
xMBPortEventGet         0x08000a0b   0x16  Code  Gb  portevent.o [1]
xMBPortEventInit        0x080009f5    0xa  Code  Gb  portevent.o [1]
xMBPortEventPost        0x080009ff    0xc  Code  Gb  portevent.o [1]
xMBPortSerialGetByte    0x08000523   0x10  Code  Gb  portserial.o [1]
xMBPortSerialInit       0x0800045d   0xb8  Code  Gb  portserial.o [1]
xMBPortSerialPutByte    0x08000515    0xe  Code  Gb  portserial.o [1]
xMBPortTimersInit       0x080006b9   0x68  Code  Gb  porttimer.o [1]
xMBRTUReceiveFSM        0x080001cd   0x72  Code  Gb  mbrtu.o [1]
xMBRTUTimerT35Expired   0x080002ad   0x52  Code  Gb  mbrtu.o [1]
xMBRTUTransmitFSM       0x08000241   0x6a  Code  Gb  mbrtu.o [1]
xMBUtilGetBits          0x08001603   0x20  Code  Gb  mbutils.o [1]
xMBUtilSetBits          0x080015b9   0x4a  Code  Gb  mbutils.o [1]


[1] = E:\WorkPlace\传感器实验箱\sensor\control_node_beta3\Project\testT001\Obj
[2] = command line
[3] = dl6M_tlf.a
[4] = rt6M_tl.a
[5] = shb_l.a

  7 320 bytes of readonly  code memory
    292 bytes of readonly  data memory
  2 650 bytes of readwrite data memory

Errors: none
Warnings: none
