###############################################################################
#
# IAR ELF Linker V7.20.2.7424/W32 for ARM                 28/Mar/2016  15:01:05
# Copyright 2007-2014 IAR Systems AB.
#
#    Output file  =  
#        E:\WorkPlace\传感器实验箱\sensor\sensor_node\Project\humiture
#        sensor\Exe\testFreeMB_STM32F0.out
#    Map file     =  
#        E:\WorkPlace\传感器实验箱\sensor\sensor_node\Project\humiture
#        sensor\List\testFreeMB_STM32F0.map
#    Command line =  
#        "E:\WorkPlace\传感器实验箱\sensor\sensor_node\Project\humiture
#        sensor\Obj\FS_FIFO_V1.o"
#        "E:\WorkPlace\传感器实验箱\sensor\sensor_node\Project\humiture
#        sensor\Obj\main.o"
#        "E:\WorkPlace\传感器实验箱\sensor\sensor_node\Project\humiture
#        sensor\Obj\mb.o"
#        "E:\WorkPlace\传感器实验箱\sensor\sensor_node\Project\humiture
#        sensor\Obj\mbcrc.o"
#        "E:\WorkPlace\传感器实验箱\sensor\sensor_node\Project\humiture
#        sensor\Obj\mbfunccoils.o"
#        "E:\WorkPlace\传感器实验箱\sensor\sensor_node\Project\humiture
#        sensor\Obj\mbfuncdiag.o"
#        "E:\WorkPlace\传感器实验箱\sensor\sensor_node\Project\humiture
#        sensor\Obj\mbfuncdisc.o"
#        "E:\WorkPlace\传感器实验箱\sensor\sensor_node\Project\humiture
#        sensor\Obj\mbfuncholding.o"
#        "E:\WorkPlace\传感器实验箱\sensor\sensor_node\Project\humiture
#        sensor\Obj\mbfuncinput.o"
#        "E:\WorkPlace\传感器实验箱\sensor\sensor_node\Project\humiture
#        sensor\Obj\mbfuncother.o"
#        "E:\WorkPlace\传感器实验箱\sensor\sensor_node\Project\humiture
#        sensor\Obj\mbrtu.o"
#        "E:\WorkPlace\传感器实验箱\sensor\sensor_node\Project\humiture
#        sensor\Obj\mbutils.o"
#        "E:\WorkPlace\传感器实验箱\sensor\sensor_node\Project\humiture
#        sensor\Obj\myiic.o"
#        "E:\WorkPlace\传感器实验箱\sensor\sensor_node\Project\humiture
#        sensor\Obj\portevent.o"
#        "E:\WorkPlace\传感器实验箱\sensor\sensor_node\Project\humiture
#        sensor\Obj\portserial.o"
#        "E:\WorkPlace\传感器实验箱\sensor\sensor_node\Project\humiture
#        sensor\Obj\porttimer.o"
#        "E:\WorkPlace\传感器实验箱\sensor\sensor_node\Project\humiture
#        sensor\Obj\SHT1x.o"
#        "E:\WorkPlace\传感器实验箱\sensor\sensor_node\Project\humiture
#        sensor\Obj\startup_stm32f0xx.o"
#        "E:\WorkPlace\传感器实验箱\sensor\sensor_node\Project\humiture
#        sensor\Obj\stm32f0xx_adc.o"
#        "E:\WorkPlace\传感器实验箱\sensor\sensor_node\Project\humiture
#        sensor\Obj\stm32f0xx_cec.o"
#        "E:\WorkPlace\传感器实验箱\sensor\sensor_node\Project\humiture
#        sensor\Obj\stm32f0xx_comp.o"
#        "E:\WorkPlace\传感器实验箱\sensor\sensor_node\Project\humiture
#        sensor\Obj\stm32f0xx_crc.o"
#        "E:\WorkPlace\传感器实验箱\sensor\sensor_node\Project\humiture
#        sensor\Obj\stm32f0xx_dac.o"
#        "E:\WorkPlace\传感器实验箱\sensor\sensor_node\Project\humiture
#        sensor\Obj\stm32f0xx_dbgmcu.o"
#        "E:\WorkPlace\传感器实验箱\sensor\sensor_node\Project\humiture
#        sensor\Obj\stm32f0xx_dma.o"
#        "E:\WorkPlace\传感器实验箱\sensor\sensor_node\Project\humiture
#        sensor\Obj\stm32f0xx_exti.o"
#        "E:\WorkPlace\传感器实验箱\sensor\sensor_node\Project\humiture
#        sensor\Obj\stm32f0xx_flash.o"
#        "E:\WorkPlace\传感器实验箱\sensor\sensor_node\Project\humiture
#        sensor\Obj\stm32f0xx_gpio.o"
#        "E:\WorkPlace\传感器实验箱\sensor\sensor_node\Project\humiture
#        sensor\Obj\stm32f0xx_i2c.o"
#        "E:\WorkPlace\传感器实验箱\sensor\sensor_node\Project\humiture
#        sensor\Obj\stm32f0xx_it.o"
#        "E:\WorkPlace\传感器实验箱\sensor\sensor_node\Project\humiture
#        sensor\Obj\stm32f0xx_iwdg.o"
#        "E:\WorkPlace\传感器实验箱\sensor\sensor_node\Project\humiture
#        sensor\Obj\stm32f0xx_misc.o"
#        "E:\WorkPlace\传感器实验箱\sensor\sensor_node\Project\humiture
#        sensor\Obj\stm32f0xx_pwr.o"
#        "E:\WorkPlace\传感器实验箱\sensor\sensor_node\Project\humiture
#        sensor\Obj\stm32f0xx_rcc.o"
#        "E:\WorkPlace\传感器实验箱\sensor\sensor_node\Project\humiture
#        sensor\Obj\stm32f0xx_rtc.o"
#        "E:\WorkPlace\传感器实验箱\sensor\sensor_node\Project\humiture
#        sensor\Obj\stm32f0xx_spi.o"
#        "E:\WorkPlace\传感器实验箱\sensor\sensor_node\Project\humiture
#        sensor\Obj\stm32f0xx_syscfg.o"
#        "E:\WorkPlace\传感器实验箱\sensor\sensor_node\Project\humiture
#        sensor\Obj\stm32f0xx_tim.o"
#        "E:\WorkPlace\传感器实验箱\sensor\sensor_node\Project\humiture
#        sensor\Obj\stm32f0xx_usart.o"
#        "E:\WorkPlace\传感器实验箱\sensor\sensor_node\Project\humiture
#        sensor\Obj\stm32f0xx_wwdg.o"
#        "E:\WorkPlace\传感器实验箱\sensor\sensor_node\Project\humiture
#        sensor\Obj\system_stm32f0xx.o" --redirect _Printf=_PrintfFull
#        --redirect _Scanf=_ScanfFull -o
#        "E:\WorkPlace\传感器实验箱\sensor\sensor_node\Project\humiture
#        sensor\Exe\testFreeMB_STM32F0.out" --map
#        "E:\WorkPlace\传感器实验箱\sensor\sensor_node\Project\humiture
#        sensor\List\testFreeMB_STM32F0.map" --config "C:\Program Files
#        (x86)\IAR Systems\Embedded Workbench
#        7.0\arm\config\linker\ST\stm32f051x8.icf" --semihosting --entry
#        __iar_program_start --vfe
#
###############################################################################

*******************************************************************************
*** RUNTIME MODEL ATTRIBUTES
***

CppFlavor       = *
__SystemLibrary = DLib


*******************************************************************************
*** PLACEMENT SUMMARY
***

"A1":  place at 0x08000000 { ro section .intvec };
"P1":  place in [from 0x08000000 to 0x0800ffff] { ro };
"P2":  place in [from 0x20000000 to 0x20001fff] { rw, block CSTACK, block HEAP };

  Section            Kind        Address    Size  Object
  -------            ----        -------    ----  ------
"A1":                                       0xc0
  .intvec            ro code  0x08000000    0xc0  startup_stm32f0xx.o [1]
                            - 0x080000c0    0xc0

"P1":                                     0x2160
  .text              ro code  0x080000c0   0x3a4  SHT1x.o [1]
  .text              ro code  0x08000464   0x108  stm32f0xx_rcc.o [1]
  .text              ro code  0x0800056c    0xbe  stm32f0xx_gpio.o [1]
  .text              ro code  0x0800062a    0x2a  zero_init3.o [5]
  .text              ro code  0x08000654   0x27c  main.o [1]
  .text              ro code  0x080008d0    0x1e  I32ToFlt.o [4]
  .text              ro code  0x080008ee    0xb4  FltMul.o [4]
  .text              ro code  0x080009a2   0x116  FltAddSub.o [4]
  .text              ro code  0x08000ab8    0x28  FltCmpGe.o [4]
  .text              ro code  0x08000ae0    0x26  FltCmpLe.o [4]
  .text              ro code  0x08000b06     0x2  startup_stm32f0xx.o [1]
  .text              ro code  0x08000b08    0x26  FltToU32.o [4]
  .text              ro code  0x08000b2e    0xae  I32DivModFast.o [5]
  .text              ro code  0x08000bdc   0x2a6  myiic.o [1]
  .text              ro code  0x08000e82     0x2  startup_stm32f0xx.o [1]
  .text              ro code  0x08000e84   0x13c  mb.o [1]
  .text              ro code  0x08000fc0    0xda  stm32f0xx_tim.o [1]
  .text              ro code  0x0800109a     0x2  startup_stm32f0xx.o [1]
  .text              ro code  0x0800109c    0x54  stm32f0xx_misc.o [1]
  .text              ro code  0x080010f0     0x2  IntDivZer.o [5]
  .text              ro code  0x080010f2     0x2  startup_stm32f0xx.o [1]
  .text              ro code  0x080010f4   0x368  mbrtu.o [1]
  .text              ro code  0x0800145c    0x30  portevent.o [1]
  .text              ro code  0x0800148c   0x1b0  portserial.o [1]
  .text              ro code  0x0800163c    0xec  porttimer.o [1]
  .text              ro code  0x08001728    0x24  ABIassert.o [6]
  .text              ro code  0x0800174c   0x22c  mbcrc.o [1]
  .text              ro code  0x08001978   0x156  stm32f0xx_usart.o [1]
  .text              ro code  0x08001ace     0xa  abort.o [3]
  .text              ro code  0x08001ad8    0x14  exit.o [6]
  .text              ro code  0x08001aec   0x194  mbfuncholding.o [1]
  .text              ro code  0x08001c80    0x1a  mbutils.o [1]
  .text              ro code  0x08001c9a     0x2  startup_stm32f0xx.o [1]
  .text              ro code  0x08001c9c   0x134  mbfunccoils.o [1]
  .text              ro code  0x08001dd0    0xec  system_stm32f0xx.o [1]
  .text              ro code  0x08001ebc    0x74  mbfuncdisc.o [1]
  .text              ro code  0x08001f30    0x62  mbfuncinput.o [1]
  .text              ro code  0x08001f92     0x2  startup_stm32f0xx.o [1]
  .text              ro code  0x08001f94    0x5c  ABImemcpy.o [5]
  .text              ro code  0x08001ff0    0x3a  stm32f0xx_it.o [1]
  .text              ro code  0x0800202a    0x30  copy_init3.o [5]
  .text              ro code  0x0800205a     0x2  startup_stm32f0xx.o [1]
  .text              ro code  0x0800205c    0x28  data_init.o [5]
  .iar.init_table    const    0x08002084    0x24  - Linker created -
  .text              ro code  0x080020a8    0x20  mbfuncother.o [1]
  .text              ro code  0x080020c8    0x1a  cmain.o [5]
  .text              ro code  0x080020e2     0x4  low_level_init.o [3]
  .text              ro code  0x080020e6     0x8  exit.o [3]
  .text              ro code  0x080020ee     0x2  startup_stm32f0xx.o [1]
  .text              ro code  0x080020f0     0xa  cexit.o [5]
  .text              ro code  0x080020fa     0x2  startup_stm32f0xx.o [1]
  .text              ro code  0x080020fc    0x10  startup_stm32f0xx.o [1]
  .text              ro code  0x0800210c     0xc  cstartup_M.o [5]
  .text              ro code  0x08002118     0x2  startup_stm32f0xx.o [1]
  .text              ro code  0x0800211a     0x2  startup_stm32f0xx.o [1]
  .text              ro code  0x0800211c     0x2  startup_stm32f0xx.o [1]
  .text              ro code  0x0800211e     0x2  startup_stm32f0xx.o [1]
  .text              ro code  0x08002120     0x2  startup_stm32f0xx.o [1]
  .text              ro code  0x08002122     0x2  startup_stm32f0xx.o [1]
  .text              ro code  0x08002124     0x2  startup_stm32f0xx.o [1]
  .text              ro code  0x08002126     0x2  startup_stm32f0xx.o [1]
  .text              ro code  0x08002128     0x2  startup_stm32f0xx.o [1]
  .text              ro code  0x0800212a     0x2  startup_stm32f0xx.o [1]
  .text              ro code  0x0800212c     0x2  startup_stm32f0xx.o [1]
  .text              ro code  0x0800212e     0x2  startup_stm32f0xx.o [1]
  .text              ro code  0x08002130     0x2  startup_stm32f0xx.o [1]
  .text              ro code  0x08002132     0x2  startup_stm32f0xx.o [1]
  .text              ro code  0x08002134     0x2  startup_stm32f0xx.o [1]
  .text              ro code  0x08002136     0x2  startup_stm32f0xx.o [1]
  .rodata            const    0x08002138     0x0  zero_init3.o [5]
  .rodata            const    0x08002138     0x0  copy_init3.o [5]
  Initializer bytes  ro data  0x08002138    0xe8  <for P2 s0>
                            - 0x08002220  0x2160

"P2":                                      0xa48
  P2 s0                       0x20000000    0xe8  <Init block>
    .data            inited   0x20000000    0x80  mb.o [1]
    .data            inited   0x20000080    0x2c  mb.o [1]
    .data            inited   0x200000ac    0x18  main.o [1]
    .data            inited   0x200000c4    0x14  system_stm32f0xx.o [1]
    .data            inited   0x200000d8    0x10  stm32f0xx_rcc.o [1]
  .bss               zero     0x200000e8   0x100  mbrtu.o [1]
  .bss               zero     0x200001e8    0x22  mbfuncother.o [1]
  .bss               zero     0x2000020a     0x2  portevent.o [1]
  .bss               zero     0x2000020c    0x1c  main.o [1]
  .bss               zero     0x20000228     0xc  mbrtu.o [1]
  .bss               zero     0x20000234     0x8  myiic.o [1]
  .bss               zero     0x2000023c     0x4  main.o [1]
  .bss               zero     0x20000240     0x4  porttimer.o [1]
  .bss               zero     0x20000244     0x1  main.o [1]
  CSTACK                      0x20000248   0x800  <Block>
    CSTACK           uninit   0x20000248   0x800  <Block tail>
                            - 0x20000a48   0xa48


*******************************************************************************
*** INIT TABLE
***

          Address     Size
          -------     ----
Zero (__iar_zero_init3)
    1 destination range, total size 0x15d:
          0x200000e8  0x15d

Copy (__iar_copy_init3)
    1 source range, total size 0xe8:
          0x08002138   0xe8
    1 destination range, total size 0xe8:
          0x20000000   0xe8



*******************************************************************************
*** MODULE SUMMARY
***

    Module               ro code  ro data  rw data
    ------               -------  -------  -------
E:\WorkPlace\传感器实验箱\sensor\sensor_node\Project\humiture sensor\Obj: [1]
    SHT1x.o                  932
    main.o                   636       24       57
    mb.o                     316      172      172
    mbcrc.o                  556
    mbfunccoils.o            308
    mbfuncdisc.o             116
    mbfuncholding.o          404
    mbfuncinput.o             98
    mbfuncother.o             32                34
    mbrtu.o                  872               268
    mbutils.o                 26
    myiic.o                  678                 8
    portevent.o               48                 2
    portserial.o             432
    porttimer.o              236                 4
    startup_stm32f0xx.o      258
    stm32f0xx_gpio.o         190
    stm32f0xx_it.o            58
    stm32f0xx_misc.o          84
    stm32f0xx_rcc.o          264       16       16
    stm32f0xx_tim.o          218
    stm32f0xx_usart.o        342
    system_stm32f0xx.o       236       20       20
    ----------------------------------------------
    Total:                 7 340      232      581

command line: [2]
    ----------------------------------------------
    Total:

dl6M_tlf.a: [3]
    abort.o                   10
    exit.o                     8
    low_level_init.o           4
    ----------------------------------------------
    Total:                    22

m6M_tl.a: [4]
    FltAddSub.o              278
    FltCmpGe.o                40
    FltCmpLe.o                38
    FltMul.o                 180
    FltToU32.o                38
    I32ToFlt.o                30
    ----------------------------------------------
    Total:                   604

rt6M_tl.a: [5]
    ABImemcpy.o               92
    I32DivModFast.o          174
    IntDivZer.o                2
    cexit.o                   10
    cmain.o                   26
    copy_init3.o              48
    cstartup_M.o              12
    data_init.o               40
    zero_init3.o              42
    ----------------------------------------------
    Total:                   446

shb_l.a: [6]
    ABIassert.o               36
    exit.o                    20
    ----------------------------------------------
    Total:                    56

    Linker created                     36    2 048
--------------------------------------------------
    Grand Total:           8 468      268    2 629


*******************************************************************************
*** ENTRY LIST
***

Entry                      Address   Size  Type      Object
-----                      -------   ----  ----      ------
?main                   0x080020c9         Code  Gb  cmain.o [5]
AHBPrescTable           0x200000c4   0x10  Data  Gb  system_stm32f0xx.o [1]
APBAHBPrescTable        0x200000d8   0x10  Data  Lc  stm32f0xx_rcc.o [1]
CSTACK$$Base            0x20000248          --   Gb  - Linker created -
CSTACK$$Limit           0x20000a48          --   Gb  - Linker created -
Delay                   0x0800087d   0x12  Code  Gb  main.o [1]
GPIO_Init               0x0800056d   0x6a  Code  Gb  stm32f0xx_gpio.o [1]
GPIO_InitStructure      0x20000234    0x8  Data  Gb  myiic.o [1]
GPIO_PinAFConfig        0x0800060b   0x20  Code  Gb  stm32f0xx_gpio.o [1]
GPIO_ReadInputDataBit   0x080005ed    0x8  Code  Gb  stm32f0xx_gpio.o [1]
GPIO_ReadOutputDataBit  0x080005f5    0x6  Code  Gb  stm32f0xx_gpio.o [1]
GPIO_ResetBits          0x08000607    0x4  Code  Gb  stm32f0xx_gpio.o [1]
GPIO_SetBits            0x08000603    0x4  Code  Gb  stm32f0xx_gpio.o [1]
GPIO_StructInit         0x080005d7   0x12  Code  Gb  stm32f0xx_gpio.o [1]
HardFault_Handler       0x08001ff3    0x2  Code  Gb  stm32f0xx_it.o [1]
I2C_GPIO_Configuration  0x080000cd   0x3c  Code  Gb  SHT1x.o [1]
I2C_Read_one_Byte       0x08000e2b   0x42  Code  Gb  myiic.o [1]
I2C_ReceiveByte         0x0800022f   0x8a  Code  Gb  SHT1x.o [1]
I2C_SendByte            0x080001b7   0x48  Code  Gb  SHT1x.o [1]
I2C_WaitAck             0x0800017d   0x3a  Code  Gb  SHT1x.o [1]
I2C_Write_one_Byte      0x08000df9   0x32  Code  Gb  myiic.o [1]
I2C_delay               0x080000c1    0xc  Code  Gb  SHT1x.o [1]
IIC_Ack                 0x08000cfb   0x1a  Code  Gb  myiic.o [1]
IIC_Init                0x08000be9   0x2e  Code  Gb  myiic.o [1]
IIC_NAck                0x08000d15   0x18  Code  Gb  myiic.o [1]
IIC_Read_Byte           0x08000d9f   0x50  Code  Gb  myiic.o [1]
IIC_Send_Byte           0x08000d4b   0x54  Code  Gb  myiic.o [1]
IIC_Start               0x08000c51   0x2a  Code  Gb  myiic.o [1]
IIC_Stop                0x08000c7b   0x36  Code  Gb  myiic.o [1]
IIC_Wait_Ack            0x08000cb1   0x4a  Code  Gb  myiic.o [1]
NMI_Handler             0x08001ff1    0x2  Code  Gb  stm32f0xx_it.o [1]
NVIC_Init               0x0800109d   0x46  Code  Gb  stm32f0xx_misc.o [1]
PendSV_Handler          0x08001ff7    0x2  Code  Gb  stm32f0xx_it.o [1]
RCC_AHBPeriphClockCmd   0x08000527   0x14  Code  Gb  stm32f0xx_rcc.o [1]
RCC_APB1PeriphClockCmd  0x0800053b   0x14  Code  Gb  stm32f0xx_rcc.o [1]
RCC_Clocks              0x2000020c   0x1c  Data  Gb  main.o [1]
RCC_GetClocksFreq       0x08000465   0xc2  Code  Gb  stm32f0xx_rcc.o [1]
Region$$Table$$Base     0x08002084          --   Gb  - Linker created -
Region$$Table$$Limit    0x080020a8          --   Gb  - Linker created -
SDA_IN                  0x08000c2f   0x14  Code  Gb  myiic.o [1]
SDA_OUT                 0x08000c17   0x18  Code  Gb  myiic.o [1]
SHT10_Cal               0x08000323   0x8c  Code  Gb  SHT1x.o [1]
SHT1x_Init              0x080001ff   0x30  Code  Gb  SHT1x.o [1]
SHT1x_Read              0x080002b9   0x6a  Code  Gb  SHT1x.o [1]
SVC_Handler             0x08001ff5    0x2  Code  Gb  stm32f0xx_it.o [1]
Set_PIN_Mode            0x08000109   0x2e  Code  Gb  SHT1x.o [1]
SysTick_Handler         0x08001ff9    0x8  Code  Gb  stm32f0xx_it.o [1]
SystemCoreClock         0x200000d4    0x4  Data  Gb  system_stm32f0xx.o [1]
SystemInit              0x08001dd1   0xce  Code  Gb  system_stm32f0xx.o [1]
TIM2_IRQHandler         0x08002001   0x22  Code  Gb  stm32f0xx_it.o [1]
TIM3_IRQHandler         0x080016ef   0x26  Code  Gb  porttimer.o [1]
TIM_ARRPreloadConfig    0x0800101d   0x14  Code  Gb  stm32f0xx_tim.o [1]
TIM_ClearITPendingBit   0x08001095    0x6  Code  Gb  stm32f0xx_tim.o [1]
TIM_Cmd                 0x08001031   0x14  Code  Gb  stm32f0xx_tim.o [1]
TIM_GetITStatus         0x0800107f   0x16  Code  Gb  stm32f0xx_tim.o [1]
TIM_ITConfig            0x0800106d   0x12  Code  Gb  stm32f0xx_tim.o [1]
TIM_SetCounter          0x08001019    0x4  Code  Gb  stm32f0xx_tim.o [1]
TIM_TimeBaseInit        0x08000fc1   0x58  Code  Gb  stm32f0xx_tim.o [1]
TimingDelay             0x2000023c    0x4  Data  Lc  main.o [1]
TimingDelay_Decrement   0x08000895   0x10  Code  Gb  main.o [1]
Trans_Start             0x08000137   0x46  Code  Gb  SHT1x.o [1]
USART1_IRQHandler       0x08002029    0x2  Code  Gb  stm32f0xx_it.o [1]
USART2_IRQHandler       0x0800158f   0x94  Code  Gb  portserial.o [1]
USART_ClearFlag         0x08001a89    0x4  Code  Gb  stm32f0xx_usart.o [1]
USART_ClearITPendingBit
                        0x08001ac5    0xa  Code  Gb  stm32f0xx_usart.o [1]
USART_Cmd               0x08001a15   0x16  Code  Gb  stm32f0xx_usart.o [1]
USART_GetFlagStatus     0x08001a7b    0xe  Code  Gb  stm32f0xx_usart.o [1]
USART_GetITStatus       0x08001a8d   0x38  Code  Gb  stm32f0xx_usart.o [1]
USART_ITConfig          0x08001a51   0x2a  Code  Gb  stm32f0xx_usart.o [1]
USART_Init              0x08001979   0x9c  Code  Gb  stm32f0xx_usart.o [1]
USART_ReceiveData       0x08001a33    0x8  Code  Gb  stm32f0xx_usart.o [1]
USART_SendData          0x08001a2b    0x8  Code  Gb  stm32f0xx_usart.o [1]
__ICFEDIT_region_RAM_end__ {Abs}
                        0x20001fff          --   Gb  command line/config [2]
__ICFEDIT_region_RAM_start__ {Abs}
                        0x20000000          --   Gb  command line/config [2]
__aeabi_assert          0x0800172b   0x1e  Code  Gb  ABIassert.o [6]
__aeabi_cfcmple         0x08000ae1         Code  Gb  FltCmpLe.o [4]
__aeabi_cfrcmple        0x08000ab9         Code  Gb  FltCmpGe.o [4]
__aeabi_f2uiz           0x08000b09         Code  Gb  FltToU32.o [4]
__aeabi_fadd            0x080009a3         Code  Gb  FltAddSub.o [4]
__aeabi_fmul            0x080008ef         Code  Gb  FltMul.o [4]
__aeabi_idiv0           0x080010f1         Code  Gb  IntDivZer.o [5]
__aeabi_memcpy          0x08001f95         Code  Gb  ABImemcpy.o [5]
__aeabi_ui2f            0x080008d1         Code  Gb  I32ToFlt.o [4]
__aeabi_uidiv           0x08000b2f         Code  Gb  I32DivModFast.o [5]
__aeabi_uidivmod        0x08000b2f         Code  Gb  I32DivModFast.o [5]
__as_entries_start      0xffffffff          --   Gb  command line/config [2]
__as_table_start        0xffffffff          --   Gb  command line/config [2]
__cmain                 0x080020c9         Code  Gb  cmain.o [5]
__exit                  0x08001ad9   0x14  Code  Gb  exit.o [6]
__iar_EmptyStepPoint    0x08001729    0x2  Code  Gb  ABIassert.o [6]
__iar_copy_init3        0x0800202b   0x30  Code  Gb  copy_init3.o [5]
__iar_data_init3        0x0800205d   0x28  Code  Gb  data_init.o [5]
__iar_program_start     0x0800210d         Code  Gb  cstartup_M.o [5]
__iar_ui2f              0x080008d5         Code  Gb  I32ToFlt.o [4]
__iar_zero_init3        0x0800062b   0x2a  Code  Gb  zero_init3.o [5]
__low_level_init        0x080020e3    0x4  Code  Gb  low_level_init.o [3]
__vector_table          0x08000000         Data  Gb  startup_stm32f0xx.o [1]
_call_main              0x080020d5         Code  Gb  cmain.o [5]
_exit                   0x080020f1         Code  Gb  cexit.o [5]
_main                   0x080020df         Code  Gb  cmain.o [5]
abort                   0x08001acf    0xa  Code  Gb  abort.o [3]
at24xx_check            0x08000755   0x3e  Code  Gb  main.o [1]
aucCRCHi                0x08001778  0x100  Data  Lc  mbcrc.o [1]
aucCRCLo                0x08001878  0x100  Data  Lc  mbcrc.o [1]
beep_init               0x08000655   0x34  Code  Gb  main.o [1]
board_init              0x08000689   0x5a  Code  Gb  main.o [1]
delayus                 0x08000bdd    0xc  Code  Gb  myiic.o [1]
eMBEnable               0x08000ee1   0x1c  Code  Gb  mb.o [1]
eMBFuncReadCoils        0x08001c9d   0x76  Code  Gb  mbfunccoils.o [1]
eMBFuncReadDiscreteInputs
                        0x08001ebd   0x74  Code  Gb  mbfuncdisc.o [1]
eMBFuncReadHoldingRegister
                        0x08001b6f   0x60  Code  Gb  mbfuncholding.o [1]
eMBFuncReadInputRegister
                        0x08001f31   0x62  Code  Gb  mbfuncinput.o [1]
eMBFuncReadWriteMultipleHoldingRegister
                        0x08001bcf   0xb2  Code  Gb  mbfuncholding.o [1]
eMBFuncReportSlaveID    0x080020a9   0x1a  Code  Gb  mbfuncother.o [1]
eMBFuncWriteCoil        0x08001d13   0x58  Code  Gb  mbfunccoils.o [1]
eMBFuncWriteHoldingRegister
                        0x08001aed   0x32  Code  Gb  mbfuncholding.o [1]
eMBFuncWriteMultipleCoils
                        0x08001d6b   0x62  Code  Gb  mbfunccoils.o [1]
eMBFuncWriteMultipleHoldingRegister
                        0x08001b1f   0x50  Code  Gb  mbfuncholding.o [1]
eMBInit                 0x08000e85   0x5c  Code  Gb  mb.o [1]
eMBPoll                 0x08000efd   0x9e  Code  Gb  mb.o [1]
eMBRTUInit              0x080010f5   0x36  Code  Gb  mbrtu.o [1]
eMBRTUReceive           0x08001151   0x50  Code  Gb  mbrtu.o [1]
eMBRTUSend              0x080011a1   0x60  Code  Gb  mbrtu.o [1]
eMBRTUStart             0x0800112b   0x16  Code  Gb  mbrtu.o [1]
eMBRTUStop              0x08001141   0x10  Code  Gb  mbrtu.o [1]
eMBRegCoilsCB           0x08000875    0x4  Code  Gb  main.o [1]
eMBRegDiscreteCB        0x08000879    0x4  Code  Gb  main.o [1]
eMBRegHoldingCB         0x08000793   0x78  Code  Gb  main.o [1]
eMBRegInputCB           0x08000871    0x4  Code  Gb  main.o [1]
eMBState                0x20000081    0x1  Data  Lc  mb.o [1]
eQueuedEvent            0x2000020a    0x1  Data  Lc  portevent.o [1]
eRcvState               0x20000229    0x1  Data  Lc  mbrtu.o [1]
eSndState               0x20000228    0x1  Data  Lc  mbrtu.o [1]
exit                    0x080020e7    0x8  Code  Gb  exit.o [3]
get_data_flag           0x20000244    0x1  Data  Gb  main.o [1]
get_sensor_data         0x080003d1   0x62  Code  Gb  SHT1x.o [1]
main                    0x0800071f   0x36  Code  Gb  main.o [1]
peMBFrameReceiveCur     0x20000094    0x4  Data  Lc  mb.o [1]
peMBFrameSendCur        0x20000088    0x4  Data  Lc  mb.o [1]
prveMBError2Exception   0x08001c81   0x1a  Code  Gb  mbutils.o [1]
pucSndBufferCur         0x20000230    0x4  Data  Lc  mbrtu.o [1]
pvMBFrameCloseCur       0x20000098    0x4  Data  Lc  mb.o [1]
pvMBFrameStartCur       0x2000008c    0x4  Data  Lc  mb.o [1]
pvMBFrameStopCur        0x20000090    0x4  Data  Lc  mb.o [1]
pxMBFrameCBByteReceived
                        0x2000009c    0x4  Data  Gb  mb.o [1]
pxMBFrameCBTransmitterEmpty
                        0x200000a0    0x4  Data  Gb  mb.o [1]
pxMBPortCBTimerExpired  0x200000a4    0x4  Data  Gb  mb.o [1]
restore_data            0x080003bb    0xe  Code  Gb  SHT1x.o [1]
sensor_init             0x080003af    0xc  Code  Gb  SHT1x.o [1]
system_init             0x080006e3   0x3c  Code  Gb  main.o [1]
tim3_cnt                0x20000240    0x4  Data  Lc  porttimer.o [1]
timer2_init             0x0800080b   0x66  Code  Gb  main.o [1]
ucMBAddress             0x20000080    0x1  Data  Lc  mb.o [1]
ucMBSlaveID             0x200001e8   0x20  Data  Lc  mbfuncother.o [1]
ucRTUBuf                0x200000e8  0x100  Data  Gb  mbrtu.o [1]
usMBCRC16               0x0800174d   0x2a  Code  Gb  mbcrc.o [1]
usMBSlaveIDLen          0x20000208    0x2  Data  Lc  mbfuncother.o [1]
usRcvBufferPos          0x2000022c    0x2  Data  Lc  mbrtu.o [1]
usRegHoldingBuf         0x200000b0   0x14  Data  Gb  main.o [1]
usRegHoldingStart       0x200000ac    0x2  Data  Gb  main.o [1]
usSndBufferCount        0x2000022a    0x2  Data  Lc  mbrtu.o [1]
vMBPortSerialEnable     0x0800148d   0x2c  Code  Gb  portserial.o [1]
vMBPortTimersDisable    0x080016c7   0x20  Code  Gb  porttimer.o [1]
vMBPortTimersEnable     0x080016a5   0x22  Code  Gb  porttimer.o [1]
xEventInQueue           0x2000020b    0x1  Data  Lc  portevent.o [1]
xFuncHandlers           0x20000000   0x80  Data  Lc  mb.o [1]
xMBPortEventGet         0x08001473   0x16  Code  Gb  portevent.o [1]
xMBPortEventInit        0x0800145d    0xa  Code  Gb  portevent.o [1]
xMBPortEventPost        0x08001467    0xc  Code  Gb  portevent.o [1]
xMBPortSerialGetByte    0x0800157f   0x10  Code  Gb  portserial.o [1]
xMBPortSerialInit       0x080014b9   0xb8  Code  Gb  portserial.o [1]
xMBPortSerialPutByte    0x08001571    0xe  Code  Gb  portserial.o [1]
xMBPortTimersInit       0x0800163d   0x68  Code  Gb  porttimer.o [1]
xMBRTUReceiveFSM        0x08001201   0x72  Code  Gb  mbrtu.o [1]
xMBRTUTimerT35Expired   0x080012e1   0x52  Code  Gb  mbrtu.o [1]
xMBRTUTransmitFSM       0x08001275   0x6a  Code  Gb  mbrtu.o [1]


[1] = E:\WorkPlace\传感器实验箱\sensor\sensor_node\Project\humiture sensor\Obj
[2] = command line
[3] = dl6M_tlf.a
[4] = m6M_tl.a
[5] = rt6M_tl.a
[6] = shb_l.a

  8 468 bytes of readonly  code memory
    268 bytes of readonly  data memory
  2 629 bytes of readwrite data memory

Errors: none
Warnings: none
