Component: ARM Compiler 5.05 update 1 (build 106) Tool: armlink [4d0efa]

==============================================================================

Section Cross References

    gpio.o(i.HAL_GPIO_EXTI_Callback) refers to gpio.o(.data) for .data
    gpio.o(i.MX_GPIO_Init) refers to stm32f0xx_hal_gpio.o(i.HAL_GPIO_Init) for HAL_GPIO_Init
    gpio.o(i.MX_GPIO_Init) refers to stm32f0xx_hal_cortex.o(i.HAL_NVIC_SetPriority) for HAL_NVIC_SetPriority
    gpio.o(i.MX_GPIO_Init) refers to stm32f0xx_hal_cortex.o(i.HAL_NVIC_EnableIRQ) for HAL_NVIC_EnableIRQ
    stm32f0xx_hal_msp.o(i.HAL_MspInit) refers to stm32f0xx_hal_cortex.o(i.HAL_NVIC_SetPriority) for HAL_NVIC_SetPriority
    main.o(i.SystemClock_Config) refers to stm32f0xx_hal_rcc.o(i.HAL_RCC_OscConfig) for HAL_RCC_OscConfig
    main.o(i.SystemClock_Config) refers to stm32f0xx_hal_rcc.o(i.HAL_RCC_ClockConfig) for HAL_RCC_ClockConfig
    main.o(i.SystemClock_Config) refers to stm32f0xx_hal_rcc_ex.o(i.HAL_RCCEx_PeriphCLKConfig) for HAL_RCCEx_PeriphCLKConfig
    main.o(i.SystemClock_Config) refers to stm32f0xx_hal_rcc.o(i.HAL_RCC_GetHCLKFreq) for HAL_RCC_GetHCLKFreq
    main.o(i.SystemClock_Config) refers to uidiv.o(.text) for __aeabi_uidivmod
    main.o(i.SystemClock_Config) refers to stm32f0xx_hal_cortex.o(i.HAL_SYSTICK_Config) for HAL_SYSTICK_Config
    main.o(i.SystemClock_Config) refers to stm32f0xx_hal_cortex.o(i.HAL_SYSTICK_CLKSourceConfig) for HAL_SYSTICK_CLKSourceConfig
    main.o(i.SystemClock_Config) refers to stm32f0xx_hal_cortex.o(i.HAL_NVIC_SetPriority) for HAL_NVIC_SetPriority
    main.o(i.eMBRegHoldingCB) refers to main.o(.data) for .data
    main.o(i.main) refers to stm32f0xx_hal.o(i.HAL_Init) for HAL_Init
    main.o(i.main) refers to main.o(i.SystemClock_Config) for SystemClock_Config
    main.o(i.main) refers to gpio.o(i.MX_GPIO_Init) for MX_GPIO_Init
    main.o(i.main) refers to dma.o(i.MX_DMA_Init) for MX_DMA_Init
    main.o(i.main) refers to i2c.o(i.MX_I2C1_Init) for MX_I2C1_Init
    main.o(i.main) refers to tim.o(i.MX_TIM6_Init) for MX_TIM6_Init
    main.o(i.main) refers to tim.o(i.MX_TIM14_Init) for MX_TIM14_Init
    main.o(i.main) refers to usart.o(i.MX_USART1_UART_Init) for MX_USART1_UART_Init
    main.o(i.main) refers to usart.o(i.MX_USART2_UART_Init) for MX_USART2_UART_Init
    main.o(i.main) refers to finger_operation.o(i.Init_sth) for Init_sth
    main.o(i.main) refers to stm32f0xx_hal_tim.o(i.HAL_TIM_Base_Start_IT) for HAL_TIM_Base_Start_IT
    main.o(i.main) refers to mb.o(i.eMBInit) for eMBInit
    main.o(i.main) refers to mb.o(i.eMBEnable) for eMBEnable
    main.o(i.main) refers to finger_operation.o(i.Find_Finger) for Find_Finger
    main.o(i.main) refers to finger_operation.o(i.Write_Finger) for Write_Finger
    main.o(i.main) refers to finger_operation.o(i.Delate_Finger) for Delate_Finger
    main.o(i.main) refers to tim.o(.bss) for htim14
    main.o(i.main) refers to gpio.o(.data) for KEY2_FLAG
    i2c.o(i.HAL_I2C_MspDeInit) refers to stm32f0xx_hal_gpio.o(i.HAL_GPIO_DeInit) for HAL_GPIO_DeInit
    i2c.o(i.HAL_I2C_MspInit) refers to stm32f0xx_hal_gpio.o(i.HAL_GPIO_Init) for HAL_GPIO_Init
    i2c.o(i.MX_I2C1_Init) refers to stm32f0xx_hal_i2c.o(i.HAL_I2C_Init) for HAL_I2C_Init
    i2c.o(i.MX_I2C1_Init) refers to stm32f0xx_hal_i2c_ex.o(i.HAL_I2CEx_ConfigAnalogFilter) for HAL_I2CEx_ConfigAnalogFilter
    i2c.o(i.MX_I2C1_Init) refers to i2c.o(.bss) for .bss
    usart.o(i.HAL_UART_MspDeInit) refers to stm32f0xx_hal_gpio.o(i.HAL_GPIO_DeInit) for HAL_GPIO_DeInit
    usart.o(i.HAL_UART_MspDeInit) refers to stm32f0xx_hal_dma.o(i.HAL_DMA_DeInit) for HAL_DMA_DeInit
    usart.o(i.HAL_UART_MspDeInit) refers to stm32f0xx_hal_cortex.o(i.HAL_NVIC_DisableIRQ) for HAL_NVIC_DisableIRQ
    usart.o(i.HAL_UART_MspInit) refers to stm32f0xx_hal_gpio.o(i.HAL_GPIO_Init) for HAL_GPIO_Init
    usart.o(i.HAL_UART_MspInit) refers to stm32f0xx_hal_cortex.o(i.HAL_NVIC_SetPriority) for HAL_NVIC_SetPriority
    usart.o(i.HAL_UART_MspInit) refers to stm32f0xx_hal_dma.o(i.HAL_DMA_Init) for HAL_DMA_Init
    usart.o(i.HAL_UART_MspInit) refers to stm32f0xx_hal_cortex.o(i.HAL_NVIC_EnableIRQ) for HAL_NVIC_EnableIRQ
    usart.o(i.HAL_UART_MspInit) refers to usart.o(.bss) for .bss
    usart.o(i.HAL_UART_RxCpltCallback) refers to usart.o(.bss) for .bss
    usart.o(i.HAL_UART_RxCpltCallback) refers to usart.o(.data) for .data
    usart.o(i.HAL_UART_TxCpltCallback) refers to usart.o(.bss) for .bss
    usart.o(i.HAL_UART_TxCpltCallback) refers to usart.o(.data) for .data
    usart.o(i.MX_USART1_UART_Init) refers to stm32f0xx_hal_uart.o(i.HAL_UART_Init) for HAL_UART_Init
    usart.o(i.MX_USART1_UART_Init) refers to usart.o(.bss) for .bss
    usart.o(i.MX_USART2_UART_Init) refers to stm32f0xx_hal_uart.o(i.HAL_UART_Init) for HAL_UART_Init
    usart.o(i.MX_USART2_UART_Init) refers to usart.o(.bss) for .bss
    stm32f0xx_it.o(i.DMA1_Channel4_5_IRQHandler) refers to stm32f0xx_hal_dma.o(i.HAL_DMA_IRQHandler) for HAL_DMA_IRQHandler
[...]
    ../Src/usart.c                           0x00000000   Number         0  usart.o ABSOLUTE
    ../clib/microlib/division.c              0x00000000   Number         0  uidiv.o ABSOLUTE
    ../clib/microlib/division.c              0x00000000   Number         0  uldiv.o ABSOLUTE
    ../clib/microlib/init/entry.s            0x00000000   Number         0  entry10b.o ABSOLUTE
    ../clib/microlib/init/entry.s            0x00000000   Number         0  entry.o ABSOLUTE
    ../clib/microlib/init/entry.s            0x00000000   Number         0  entry7a.o ABSOLUTE
    ../clib/microlib/init/entry.s            0x00000000   Number         0  entry7b.o ABSOLUTE
    ../clib/microlib/init/entry.s            0x00000000   Number         0  entry11a.o ABSOLUTE
    ../clib/microlib/init/entry.s            0x00000000   Number         0  entry8a.o ABSOLUTE
    ../clib/microlib/init/entry.s            0x00000000   Number         0  entry8b.o ABSOLUTE
    ../clib/microlib/init/entry.s            0x00000000   Number         0  entry11b.o ABSOLUTE
    ../clib/microlib/init/entry.s            0x00000000   Number         0  entry9a.o ABSOLUTE
    ../clib/microlib/init/entry.s            0x00000000   Number         0  entry9b.o ABSOLUTE
    ../clib/microlib/init/entry.s            0x00000000   Number         0  entry10a.o ABSOLUTE
    ../clib/microlib/init/entry.s            0x00000000   Number         0  entry2.o ABSOLUTE
    ../clib/microlib/init/entry.s            0x00000000   Number         0  entry5.o ABSOLUTE
    ../clib/microlib/longlong.c              0x00000000   Number         0  llshl.o ABSOLUTE
    ../clib/microlib/longlong.c              0x00000000   Number         0  llsshr.o ABSOLUTE
    ../clib/microlib/longlong.c              0x00000000   Number         0  llushr.o ABSOLUTE
    ../clib/microlib/printf/printf.c         0x00000000   Number         0  printf2.o ABSOLUTE
    ../clib/microlib/printf/printf.c         0x00000000   Number         0  printf3.o ABSOLUTE
    ../clib/microlib/printf/printf.c         0x00000000   Number         0  printf4.o ABSOLUTE
    ../clib/microlib/printf/printf.c         0x00000000   Number         0  printf8.o ABSOLUTE
    ../clib/microlib/printf/printf.c         0x00000000   Number         0  printfb.o ABSOLUTE
    ../clib/microlib/printf/printf.c         0x00000000   Number         0  printfa.o ABSOLUTE
    ../clib/microlib/printf/printf.c         0x00000000   Number         0  printf7.o ABSOLUTE
    ../clib/microlib/printf/printf.c         0x00000000   Number         0  printf6.o ABSOLUTE
    ../clib/microlib/printf/printf.c         0x00000000   Number         0  printf5.o ABSOLUTE
    ../clib/microlib/printf/printf.c         0x00000000   Number         0  printf1.o ABSOLUTE
    ../clib/microlib/printf/printf.c         0x00000000   Number         0  printf0.o ABSOLUTE
    ../clib/microlib/printf/stubs.s          0x00000000   Number         0  stubs.o ABSOLUTE
    ../clib/microlib/stdio/streams.c         0x00000000   Number         0  stdout.o ABSOLUTE
    ../clib/microlib/stdlib/abort.c          0x00000000   Number         0  abort.o ABSOLUTE
    ../clib/microlib/string/memcpy.c         0x00000000   Number         0  memcpya.o ABSOLUTE
    ../clib/microlib/string/memcpy.c         0x00000000   Number         0  memcpyb.o ABSOLUTE
    ../clib/microlib/string/memset.c         0x00000000   Number         0  memseta.o ABSOLUTE
    ../clib/microlib/stubs.s                 0x00000000   Number         0  iusefp.o ABSOLUTE
    ../fplib/microlib/fpadd.c                0x00000000   Number         0  dadd.o ABSOLUTE
    ../fplib/microlib/fpdiv.c                0x00000000   Number         0  ddiv.o ABSOLUTE
    ../fplib/microlib/fpepilogue.c           0x00000000   Number         0  depilogue.o ABSOLUTE
    ../fplib/microlib/fpfix.c                0x00000000   Number         0  dfixul.o ABSOLUTE
    ../fplib/microlib/fpmul.c                0x00000000   Number         0  dmul.o ABSOLUTE
    ..\Drivers\CMSIS\Device\ST\STM32F0xx\Source\Templates\system_stm32f0xx.c 0x00000000   Number         0  system_stm32f0xx.o ABSOLUTE
    ..\Drivers\STM32F0xx_HAL_Driver\Src\stm32f0xx_hal.c 0x00000000   Number         0  stm32f0xx_hal.o ABSOLUTE
    ..\Drivers\STM32F0xx_HAL_Driver\Src\stm32f0xx_hal_cortex.c 0x00000000   Number         0  stm32f0xx_hal_cortex.o ABSOLUTE
    ..\Drivers\STM32F0xx_HAL_Driver\Src\stm32f0xx_hal_dma.c 0x00000000   Number         0  stm32f0xx_hal_dma.o ABSOLUTE
    ..\Drivers\STM32F0xx_HAL_Driver\Src\stm32f0xx_hal_flash.c 0x00000000   Number         0  stm32f0xx_hal_flash.o ABSOLUTE
    ..\Drivers\STM32F0xx_HAL_Driver\Src\stm32f0xx_hal_flash_ex.c 0x00000000   Number         0  stm32f0xx_hal_flash_ex.o ABSOLUTE
    ..\Drivers\STM32F0xx_HAL_Driver\Src\stm32f0xx_hal_gpio.c 0x00000000   Number         0  stm32f0xx_hal_gpio.o ABSOLUTE
    ..\Drivers\STM32F0xx_HAL_Driver\Src\stm32f0xx_hal_i2c.c 0x00000000   Number         0  stm32f0xx_hal_i2c.o ABSOLUTE
    ..\Drivers\STM32F0xx_HAL_Driver\Src\stm32f0xx_hal_i2c_ex.c 0x00000000   Number         0  stm32f0xx_hal_i2c_ex.o ABSOLUTE
    ..\Drivers\STM32F0xx_HAL_Driver\Src\stm32f0xx_hal_pwr.c 0x00000000   Number         0  stm32f0xx_hal_pwr.o ABSOLUTE
    ..\Drivers\STM32F0xx_HAL_Driver\Src\stm32f0xx_hal_pwr_ex.c 0x00000000   Number         0  stm32f0xx_hal_pwr_ex.o ABSOLUTE
    ..\Drivers\STM32F0xx_HAL_Driver\Src\stm32f0xx_hal_rcc.c 0x00000000   Number         0  stm32f0xx_hal_rcc.o ABSOLUTE
    ..\Drivers\STM32F0xx_HAL_Driver\Src\stm32f0xx_hal_rcc_ex.c 0x00000000   Number         0  stm32f0xx_hal_rcc_ex.o ABSOLUTE
    ..\Drivers\STM32F0xx_HAL_Driver\Src\stm32f0xx_hal_tim.c 0x00000000   Number         0  stm32f0xx_hal_tim.o ABSOLUTE
    ..\Drivers\STM32F0xx_HAL_Driver\Src\stm32f0xx_hal_tim_ex.c 0x00000000   Number         0  stm32f0xx_hal_tim_ex.o ABSOLUTE
    ..\Drivers\STM32F0xx_HAL_Driver\Src\stm32f0xx_hal_uart.c 0x00000000   Number         0  stm32f0xx_hal_uart.o ABSOLUTE
    ..\Drivers\STM32F0xx_HAL_Driver\Src\stm32f0xx_hal_uart_ex.c 0x00000000   Number         0  stm32f0xx_hal_uart_ex.o ABSOLUTE
    ..\FreeModbus\FS_FIFO_V1.c               0x00000000   Number         0  fs_fifo_v1.o ABSOLUTE
    ..\FreeModbus\modbus\ascii\mbascii.c     0x00000000   Number         0  mbascii.o ABSOLUTE
    ..\FreeModbus\modbus\functions\mbfunccoils.c 0x00000000   Number         0  mbfunccoils.o ABSOLUTE
    ..\FreeModbus\modbus\functions\mbfuncdiag.c 0x00000000   Number         0  mbfuncdiag.o ABSOLUTE
    ..\FreeModbus\modbus\functions\mbfuncdisc.c 0x00000000   Number         0  mbfuncdisc.o ABSOLUTE
    ..\FreeModbus\modbus\functions\mbfuncholding.c 0x00000000   Number         0  mbfuncholding.o ABSOLUTE
    ..\FreeModbus\modbus\functions\mbfuncinput.c 0x00000000   Number         0  mbfuncinput.o ABSOLUTE
    ..\FreeModbus\modbus\functions\mbfuncother.c 0x00000000   Number         0  mbfuncother.o ABSOLUTE
    ..\FreeModbus\modbus\functions\mbutils.c 0x00000000   Number         0  mbutils.o ABSOLUTE
    ..\FreeModbus\modbus\mb.c                0x00000000   Number         0  mb.o ABSOLUTE
    ..\FreeModbus\modbus\rtu\mbcrc.c         0x00000000   Number         0  mbcrc.o ABSOLUTE
    ..\FreeModbus\modbus\rtu\mbrtu.c         0x00000000   Number         0  mbrtu.o ABSOLUTE
    ..\FreeModbus\modbus\tcp\mbtcp.c         0x00000000   Number         0  mbtcp.o ABSOLUTE
    ..\FreeModbus\port\portevent.c           0x00000000   Number         0  portevent.o ABSOLUTE
    ..\FreeModbus\port\portserial.c          0x00000000   Number         0  portserial.o ABSOLUTE
    ..\FreeModbus\port\porttimer.c           0x00000000   Number         0  porttimer.o ABSOLUTE
    ..\Src\Finger_Operation.c                0x00000000   Number         0  finger_operation.o ABSOLUTE
    ..\Src\dma.c                             0x00000000   Number         0  dma.o ABSOLUTE
    ..\Src\gpio.c                            0x00000000   Number         0  gpio.o ABSOLUTE
    ..\Src\i2c.c                             0x00000000   Number         0  i2c.o ABSOLUTE
    ..\Src\lcd.c                             0x00000000   Number         0  lcd.o ABSOLUTE
    ..\Src\main.c                            0x00000000   Number         0  main.o ABSOLUTE
    ..\Src\stm32f0xx_hal_msp.c               0x00000000   Number         0  stm32f0xx_hal_msp.o ABSOLUTE
    ..\Src\stm32f0xx_it.c                    0x00000000   Number         0  stm32f0xx_it.o ABSOLUTE
    ..\Src\tim.c                             0x00000000   Number         0  tim.o ABSOLUTE
    ..\Src\usart.c                           0x00000000   Number         0  usart.o ABSOLUTE
    ..\\FreeModbus\\FS_FIFO_V1.c             0x00000000   Number         0  fs_fifo_v1.o ABSOLUTE
    ..\\FreeModbus\\modbus\\rtu\\mbrtu.c     0x00000000   Number         0  mbrtu.o ABSOLUTE
    ..\\FreeModbus\\port\\portserial.c       0x00000000   Number         0  portserial.o ABSOLUTE
    ..\\FreeModbus\\port\\porttimer.c        0x00000000   Number         0  porttimer.o ABSOLUTE
    ..\\Src\\Finger_Operation.c              0x00000000   Number         0  finger_operation.o ABSOLUTE
    ..\\Src\\lcd.c                           0x00000000   Number         0  lcd.o ABSOLUTE
    cdrcmple.s                               0x00000000   Number         0  cdrcmple.o ABSOLUTE
    dc.s                                     0x00000000   Number         0  dc.o ABSOLUTE
    handlers.s                               0x00000000   Number         0  handlers.o ABSOLUTE
    init.s                                   0x00000000   Number         0  init.o ABSOLUTE
    RESET                                    0x08000000   Section      188  startup_stm32f051x8.o(RESET)
    .ARM.Collect$$$$00000000                 0x080000bc   Section        0  entry.o(.ARM.Collect$$$$00000000)
    .ARM.Collect$$$$00000001                 0x080000bc   Section        4  entry2.o(.ARM.Collect$$$$00000001)
    .ARM.Collect$$$$00000004                 0x080000c0   Section        4  entry5.o(.ARM.Collect$$$$00000004)
    .ARM.Collect$$$$00000008                 0x080000c4   Section        0  entry7b.o(.ARM.Collect$$$$00000008)
    .ARM.Collect$$$$0000000A                 0x080000c4   Section        0  entry8b.o(.ARM.Collect$$$$0000000A)
    .ARM.Collect$$$$0000000B                 0x080000c4   Section        8  entry9a.o(.ARM.Collect$$$$0000000B)
    .ARM.Collect$$$$0000000D                 0x080000cc   Section        0  entry10a.o(.ARM.Collect$$$$0000000D)
    .ARM.Collect$$$$0000000F                 0x080000cc   Section        0  entry11a.o(.ARM.Collect$$$$0000000F)
    .ARM.Collect$$$$00002712                 0x080000cc   Section        4  entry2.o(.ARM.Collect$$$$00002712)
    __lit__00000000                          0x080000cc   Data           4  entry2.o(.ARM.Collect$$$$00002712)
    .text                                    0x080000d0   Section       28  startup_stm32f051x8.o(.text)
    .text                                    0x080000ec   Section        0  uidiv.o(.text)
    .text                                    0x08000118   Section        0  llushr.o(.text)
    .text                                    0x0800013a   Section        0  memcpya.o(.text)
    .text                                    0x0800015e   Section        0  memseta.o(.text)
    .text                                    0x08000182   Section        0  uldiv.o(.text)
    .text                                    0x080001e4   Section       36  init.o(.text)
    .text                                    0x08000208   Section        0  llshl.o(.text)
    i.Combine_Finger_Feature                 0x08000228   Section        0  finger_operation.o(i.Combine_Finger_Feature)
    i.Commands_Send                          0x08000268   Section        0  finger_operation.o(i.Commands_Send)
    i.DMA1_Channel4_5_IRQHandler             0x08000298   Section        0  stm32f0xx_it.o(i.DMA1_Channel4_5_IRQHandler)
    i.DMA_SetConfig                          0x080002a8   Section        0  stm32f0xx_hal_dma.o(i.DMA_SetConfig)
    DMA_SetConfig                            0x080002a9   Thumb Code    30  stm32f0xx_hal_dma.o(i.DMA_SetConfig)
    i.Delate_Finger                          0x080002c8   Section        0  finger_operation.o(i.Delate_Finger)
    i.EXTI0_1_IRQHandler                     0x08000318   Section        0  stm32f0xx_it.o(i.EXTI0_1_IRQHandler)
    i.Empty_The_FinLib                       0x08000328   Section        0  finger_operation.o(i.Empty_The_FinLib)
    i.Find_Finger                            0x08000390   Section        0  finger_operation.o(i.Find_Finger)
    i.Find_Finger_And_Save_ImageBuffer       0x08000454   Section        0  finger_operation.o(i.Find_Finger_And_Save_ImageBuffer)
    i.FingerDelay                            0x08000494   Section        0  finger_operation.o(i.FingerDelay)
    i.Get_FPM_CMD                            0x080004b4   Section        0  finger_operation.o(i.Get_FPM_CMD)
    i.Get_FPM_CMD_Data_area                  0x08000528   Section        0  finger_operation.o(i.Get_FPM_CMD_Data_area)
    i.Get_Finger_Feature_Save_To_CharBuffer1 0x08000554   Section        0  finger_operation.o(i.Get_Finger_Feature_Save_To_CharBuffer1)
    i.Get_Finger_Feature_Save_To_CharBuffer2 0x080005a8   Section        0  finger_operation.o(i.Get_Finger_Feature_Save_To_CharBuffer2)
    i.Gui_DrawFont_GBK16                     0x080005fc   Section        0  lcd.o(i.Gui_DrawFont_GBK16)
    i.Gui_DrawPoint                          0x08000758   Section        0  lcd.o(i.Gui_DrawPoint)
    i.HAL_DMA_Abort                          0x08000770   Section        0  stm32f0xx_hal_dma.o(i.HAL_DMA_Abort)
    i.HAL_DMA_IRQHandler                     0x080007bc   Section        0  stm32f0xx_hal_dma.o(i.HAL_DMA_IRQHandler)
    i.HAL_DMA_Init                           0x08000998   Section        0  stm32f0xx_hal_dma.o(i.HAL_DMA_Init)
    i.HAL_DMA_Start_IT                       0x080009ec   Section        0  stm32f0xx_hal_dma.o(i.HAL_DMA_Start_IT)
    i.HAL_Delay                              0x08000a3a   Section        0  stm32f0xx_hal.o(i.HAL_Delay)
    i.HAL_GPIO_EXTI_Callback                 0x08000a50   Section        0  gpio.o(i.HAL_GPIO_EXTI_Callback)
    i.HAL_GPIO_EXTI_IRQHandler               0x08000a68   Section        0  stm32f0xx_hal_gpio.o(i.HAL_GPIO_EXTI_IRQHandler)
    i.HAL_GPIO_Init                          0x08000a80   Section        0  stm32f0xx_hal_gpio.o(i.HAL_GPIO_Init)
    i.HAL_GPIO_WritePin                      0x08000bc8   Section        0  stm32f0xx_hal_gpio.o(i.HAL_GPIO_WritePin)
    i.HAL_GetTick                            0x08000bd4   Section        0  stm32f0xx_hal.o(i.HAL_GetTick)
    i.HAL_I2CEx_ConfigAnalogFilter           0x08000be0   Section        0  stm32f0xx_hal_i2c_ex.o(i.HAL_I2CEx_ConfigAnalogFilter)
    i.HAL_I2C_Init                           0x08000c40   Section        0  stm32f0xx_hal_i2c.o(i.HAL_I2C_Init)
    i.HAL_I2C_MspInit                        0x08000ce4   Section        0  i2c.o(i.HAL_I2C_MspInit)
    i.HAL_IncTick                            0x08000d2c   Section        0  stm32f0xx_hal.o(i.HAL_IncTick)
    i.HAL_Init                               0x08000d3c   Section        0  stm32f0xx_hal.o(i.HAL_Init)
    i.HAL_InitTick                           0x08000d5c   Section        0  stm32f0xx_hal.o(i.HAL_InitTick)
    i.HAL_MspInit                            0x08000d80   Section        0  stm32f0xx_hal_msp.o(i.HAL_MspInit)
    i.HAL_NVIC_ClearPendingIRQ               0x08000da4   Section        0  stm32f0xx_hal_cortex.o(i.HAL_NVIC_ClearPendingIRQ)
    i.HAL_NVIC_EnableIRQ                     0x08000db8   Section        0  stm32f0xx_hal_cortex.o(i.HAL_NVIC_EnableIRQ)
    i.HAL_NVIC_SetPriority                   0x08000dcc   Section        0  stm32f0xx_hal_cortex.o(i.HAL_NVIC_SetPriority)
    i.HAL_RCCEx_PeriphCLKConfig              0x08000dd4   Section        0  stm32f0xx_hal_rcc_ex.o(i.HAL_RCCEx_PeriphCLKConfig)
    i.HAL_RCC_ClockConfig                    0x08000eac   Section        0  stm32f0xx_hal_rcc.o(i.HAL_RCC_ClockConfig)
    i.HAL_RCC_GetHCLKFreq                    0x08001048   Section        0  stm32f0xx_hal_rcc.o(i.HAL_RCC_GetHCLKFreq)
    i.HAL_RCC_GetPCLK1Freq                   0x08001070   Section        0  stm32f0xx_hal_rcc.o(i.HAL_RCC_GetPCLK1Freq)
    i.HAL_RCC_GetSysClockFreq                0x08001090   Section        0  stm32f0xx_hal_rcc.o(i.HAL_RCC_GetSysClockFreq)
    i.HAL_RCC_OscConfig                      0x08001108   Section        0  stm32f0xx_hal_rcc.o(i.HAL_RCC_OscConfig)
    i.HAL_SYSTICK_CLKSourceConfig            0x08001490   Section        0  stm32f0xx_hal_cortex.o(i.HAL_SYSTICK_CLKSourceConfig)
    i.HAL_SYSTICK_Callback                   0x080014a8   Section        0  stm32f0xx_hal_cortex.o(i.HAL_SYSTICK_Callback)
    i.HAL_SYSTICK_Config                     0x080014ac   Section        0  stm32f0xx_hal_cortex.o(i.HAL_SYSTICK_Config)
    i.HAL_SYSTICK_IRQHandler                 0x080014dc   Section        0  stm32f0xx_hal_cortex.o(i.HAL_SYSTICK_IRQHandler)
    i.HAL_TIMEx_BreakCallback                0x080014e4   Section        0  stm32f0xx_hal_tim_ex.o(i.HAL_TIMEx_BreakCallback)
    i.HAL_TIMEx_CommutationCallback          0x080014e6   Section        0  stm32f0xx_hal_tim_ex.o(i.HAL_TIMEx_CommutationCallback)
    i.HAL_TIMEx_MasterConfigSynchronization  0x080014e8   Section        0  stm32f0xx_hal_tim_ex.o(i.HAL_TIMEx_MasterConfigSynchronization)
    i.HAL_TIM_Base_Init                      0x08001530   Section        0  stm32f0xx_hal_tim.o(i.HAL_TIM_Base_Init)
    i.HAL_TIM_Base_MspInit                   0x08001564   Section        0  tim.o(i.HAL_TIM_Base_MspInit)
    i.HAL_TIM_Base_Start_IT                  0x080015c0   Section        0  stm32f0xx_hal_tim.o(i.HAL_TIM_Base_Start_IT)
    i.HAL_TIM_IC_CaptureCallback             0x080015d6   Section        0  stm32f0xx_hal_tim.o(i.HAL_TIM_IC_CaptureCallback)
    i.HAL_TIM_IRQHandler                     0x080015d8   Section        0  stm32f0xx_hal_tim.o(i.HAL_TIM_IRQHandler)
    i.HAL_TIM_OC_DelayElapsedCallback        0x0800173a   Section        0  stm32f0xx_hal_tim.o(i.HAL_TIM_OC_DelayElapsedCallback)
    i.HAL_TIM_PWM_PulseFinishedCallback      0x0800173c   Section        0  stm32f0xx_hal_tim.o(i.HAL_TIM_PWM_PulseFinishedCallback)
    i.HAL_TIM_PeriodElapsedCallback          0x08001740   Section        0  stm32f0xx_it.o(i.HAL_TIM_PeriodElapsedCallback)
    i.HAL_TIM_TriggerCallback                0x08001764   Section        0  stm32f0xx_hal_tim.o(i.HAL_TIM_TriggerCallback)
    i.HAL_UARTEx_WakeupCallback              0x08001766   Section        0  stm32f0xx_hal_uart_ex.o(i.HAL_UARTEx_WakeupCallback)
    i.HAL_UART_DMAStop                       0x08001768   Section        0  stm32f0xx_hal_uart.o(i.HAL_UART_DMAStop)
    i.HAL_UART_ErrorCallback                 0x0800179e   Section        0  stm32f0xx_hal_uart.o(i.HAL_UART_ErrorCallback)
    i.HAL_UART_IRQHandler                    0x080017a0   Section        0  stm32f0xx_hal_uart_ex.o(i.HAL_UART_IRQHandler)
    i.HAL_UART_Init                          0x08001884   Section        0  stm32f0xx_hal_uart.o(i.HAL_UART_Init)
    i.HAL_UART_MspInit                       0x080018f0   Section        0  usart.o(i.HAL_UART_MspInit)
    i.HAL_UART_Receive                       0x080019b0   Section        0  stm32f0xx_hal_uart.o(i.HAL_UART_Receive)
    i.HAL_UART_Receive_DMA                   0x08001a90   Section        0  stm32f0xx_hal_uart.o(i.HAL_UART_Receive_DMA)
    i.HAL_UART_RxCpltCallback                0x08001b14   Section        0  usart.o(i.HAL_UART_RxCpltCallback)
    i.HAL_UART_RxHalfCpltCallback            0x08001b2c   Section        0  stm32f0xx_hal_uart.o(i.HAL_UART_RxHalfCpltCallback)
    i.HAL_UART_Transmit                      0x08001b2e   Section        0  stm32f0xx_hal_uart.o(i.HAL_UART_Transmit)
    i.HAL_UART_Transmit_IT                   0x08001be8   Section        0  stm32f0xx_hal_uart.o(i.HAL_UART_Transmit_IT)
    i.HAL_UART_TxCpltCallback                0x08001c48   Section        0  usart.o(i.HAL_UART_TxCpltCallback)
    i.Init_sth                               0x08001c60   Section        0  finger_operation.o(i.Init_sth)
    i.LCD_WriteData_16Bit                    0x08001cb4   Section        0  lcd.o(i.LCD_WriteData_16Bit)
    i.Lcd_Clear                              0x08001cd4   Section        0  lcd.o(i.Lcd_Clear)
    i.Lcd_Init                               0x08001d02   Section        0  lcd.o(i.Lcd_Init)
    i.Lcd_SetRegion                          0x08001d30   Section        0  lcd.o(i.Lcd_SetRegion)
    i.Lcd_WriteData                          0x08001d86   Section        0  lcd.o(i.Lcd_WriteData)
    i.Lcd_WriteIndex                         0x08001d9c   Section        0  lcd.o(i.Lcd_WriteIndex)
    i.MX_DMA_Init                            0x08001db4   Section        0  dma.o(i.MX_DMA_Init)
    i.MX_GPIO_Init                           0x08001ddc   Section        0  gpio.o(i.MX_GPIO_Init)
    i.MX_I2C1_Init                           0x08001e48   Section        0  i2c.o(i.MX_I2C1_Init)
    i.MX_TIM14_Init                          0x08001e84   Section        0  tim.o(i.MX_TIM14_Init)
    i.MX_TIM6_Init                           0x08001eac   Section        0  tim.o(i.MX_TIM6_Init)
    i.MX_USART1_UART_Init                    0x08001ee0   Section        0  usart.o(i.MX_USART1_UART_Init)
    i.MX_USART2_UART_Init                    0x08001f10   Section        0  usart.o(i.MX_USART2_UART_Init)
    i.NVIC_SetPriority                       0x08001f40   Section        0  stm32f0xx_hal_cortex.o(i.NVIC_SetPriority)
    NVIC_SetPriority                         0x08001f41   Thumb Code    60  stm32f0xx_hal_cortex.o(i.NVIC_SetPriority)
    i.ReadEffectiveTemplate                  0x08001f84   Section        0  finger_operation.o(i.ReadEffectiveTemplate)
    i.SPI_WriteData                          0x08001ffc   Section        0  lcd.o(i.SPI_WriteData)
    i.Save_Finger_Form_To_Flash_Position     0x08002024   Section        0  finger_operation.o(i.Save_Finger_Form_To_Flash_Position)
    i.Search_Finger_In_Finlib                0x0800209c   Section        0  finger_operation.o(i.Search_Finger_In_Finlib)
    i.SysTick_Handler                        0x08002120   Section        0  stm32f0xx_it.o(i.SysTick_Handler)
    i.SystemClock_Config                     0x0800212c   Section        0  main.o(i.SystemClock_Config)
    i.SystemInit                             0x08002194   Section        0  system_stm32f0xx.o(i.SystemInit)
    i.TIM14_IRQHandler                       0x080021f0   Section        0  stm32f0xx_it.o(i.TIM14_IRQHandler)
    i.TIM6_DAC_IRQHandler                    0x08002200   Section        0  stm32f0xx_it.o(i.TIM6_DAC_IRQHandler)
    i.TIM_Base_SetConfig                     0x08002210   Section        0  stm32f0xx_hal_tim.o(i.TIM_Base_SetConfig)
    i.TIP_DELATE_ALL                         0x0800229c   Section        0  finger_operation.o(i.TIP_DELATE_ALL)
    i.TIP_FAILED                             0x080022c0   Section        0  finger_operation.o(i.TIP_FAILED)
    i.TIP_SUCCESS                            0x080022d4   Section        0  finger_operation.o(i.TIP_SUCCESS)
    i.TIP_WRITE_FAILED                       0x080022e8   Section        0  finger_operation.o(i.TIP_WRITE_FAILED)
    i.TIP_WRITE_SUCCESS                      0x0800230c   Section        0  finger_operation.o(i.TIP_WRITE_SUCCESS)
    i.UART_AdvFeatureConfig                  0x08002330   Section        0  stm32f0xx_hal_uart.o(i.UART_AdvFeatureConfig)
    i.UART_CheckIdleState                    0x080023fc   Section        0  stm32f0xx_hal_uart.o(i.UART_CheckIdleState)
    i.UART_DMAError                          0x08002458   Section        0  stm32f0xx_hal_uart.o(i.UART_DMAError)
    UART_DMAError                            0x08002459   Thumb Code    34  stm32f0xx_hal_uart.o(i.UART_DMAError)
    i.UART_DMAReceiveCplt                    0x0800247a   Section        0  stm32f0xx_hal_uart.o(i.UART_DMAReceiveCplt)
    UART_DMAReceiveCplt                      0x0800247b   Thumb Code    54  stm32f0xx_hal_uart.o(i.UART_DMAReceiveCplt)
    i.UART_DMARxHalfCplt                     0x080024b0   Section        0  stm32f0xx_hal_uart.o(i.UART_DMARxHalfCplt)
    UART_DMARxHalfCplt                       0x080024b1   Thumb Code    10  stm32f0xx_hal_uart.o(i.UART_DMARxHalfCplt)
    i.UART_EndTransmit_IT                    0x080024ba   Section        0  stm32f0xx_hal_uart.o(i.UART_EndTransmit_IT)
    i.UART_Receive_IT                        0x080024ea   Section        0  stm32f0xx_hal_uart.o(i.UART_Receive_IT)
    i.UART_SetConfig                         0x08002578   Section        0  stm32f0xx_hal_uart.o(i.UART_SetConfig)
    i.UART_Transmit_IT                       0x0800269c   Section        0  stm32f0xx_hal_uart.o(i.UART_Transmit_IT)
    i.UART_WaitOnFlagUntilTimeout            0x0800270a   Section        0  stm32f0xx_hal_uart.o(i.UART_WaitOnFlagUntilTimeout)
    i.USART1_IRQHandler                      0x080027b8   Section        0  stm32f0xx_it.o(i.USART1_IRQHandler)
    i.USART2_IRQHandler                      0x080027e8   Section        0  stm32f0xx_it.o(i.USART2_IRQHandler)
    i.Write_Finger                           0x08002828   Section        0  finger_operation.o(i.Write_Finger)
    i.__0sprintf$8                           0x080028c0   Section        0  printf8.o(i.__0sprintf$8)
    i.__scatterload_copy                     0x080028e8   Section       14  handlers.o(i.__scatterload_copy)
    i.__scatterload_null                     0x080028f6   Section        2  handlers.o(i.__scatterload_null)
    i.__scatterload_zeroinit                 0x080028f8   Section       14  handlers.o(i.__scatterload_zeroinit)
    i._printf_core                           0x08002908   Section        0  printf8.o(i._printf_core)
    _printf_core                             0x08002909   Thumb Code  1020  printf8.o(i._printf_core)
    i._printf_post_padding                   0x08002d30   Section        0  printf8.o(i._printf_post_padding)
    _printf_post_padding                     0x08002d31   Thumb Code    32  printf8.o(i._printf_post_padding)
    i._printf_pre_padding                    0x08002d50   Section        0  printf8.o(i._printf_pre_padding)
    _printf_pre_padding                      0x08002d51   Thumb Code    44  printf8.o(i._printf_pre_padding)
    i._sputc                                 0x08002d7c   Section        0  printf8.o(i._sputc)
    _sputc                                   0x08002d7d   Thumb Code    10  printf8.o(i._sputc)
    i.eMBEnable                              0x08002d88   Section        0  mb.o(i.eMBEnable)
    i.eMBFuncReadCoils                       0x08002da8   Section        0  mbfunccoils.o(i.eMBFuncReadCoils)
    i.eMBFuncReadDiscreteInputs              0x08002e1c   Section        0  mbfuncdisc.o(i.eMBFuncReadDiscreteInputs)
    i.eMBFuncReadHoldingRegister             0x08002e90   Section        0  mbfuncholding.o(i.eMBFuncReadHoldingRegister)
    i.eMBFuncReadInputRegister               0x08002eea   Section        0  mbfuncinput.o(i.eMBFuncReadInputRegister)
    i.eMBFuncReadWriteMultipleHoldingRegister 0x08002f48   Section        0  mbfuncholding.o(i.eMBFuncReadWriteMultipleHoldingRegister)
    i.eMBFuncReportSlaveID                   0x08002fe4   Section        0  mbfuncother.o(i.eMBFuncReportSlaveID)
    i.eMBFuncWriteCoil                       0x08003008   Section        0  mbfunccoils.o(i.eMBFuncWriteCoil)
    i.eMBFuncWriteHoldingRegister            0x0800305e   Section        0  mbfuncholding.o(i.eMBFuncWriteHoldingRegister)
    i.eMBFuncWriteMultipleCoils              0x08003090   Section        0  mbfunccoils.o(i.eMBFuncWriteMultipleCoils)
    i.eMBFuncWriteMultipleHoldingRegister    0x080030f4   Section        0  mbfuncholding.o(i.eMBFuncWriteMultipleHoldingRegister)
    i.eMBInit                                0x08003144   Section        0  mb.o(i.eMBInit)
    i.eMBPoll                                0x080031c8   Section        0  mb.o(i.eMBPoll)
    i.eMBRTUInit                             0x08003284   Section        0  mbrtu.o(i.eMBRTUInit)
    i.eMBRTUReceive                          0x080032c0   Section        0  mbrtu.o(i.eMBRTUReceive)
    i.eMBRTUSend                             0x0800330c   Section        0  mbrtu.o(i.eMBRTUSend)
    i.eMBRTUStart                            0x08003378   Section        0  mbrtu.o(i.eMBRTUStart)
    i.eMBRTUStop                             0x08003394   Section        0  mbrtu.o(i.eMBRTUStop)
    i.eMBRegCoilsCB                          0x080033a4   Section        0  main.o(i.eMBRegCoilsCB)
    i.eMBRegDiscreteCB                       0x080033a8   Section        0  main.o(i.eMBRegDiscreteCB)
    i.eMBRegHoldingCB                        0x080033ac   Section        0  main.o(i.eMBRegHoldingCB)
    i.eMBRegInputCB                          0x08003414   Section        0  main.o(i.eMBRegInputCB)
    i.main                                   0x08003418   Section        0  main.o(i.main)
    i.prveMBError2Exception                  0x08003490   Section        0  mbutils.o(i.prveMBError2Exception)
    i.prvvTIMERExpiredISR                    0x080034a8   Section        0  porttimer.o(i.prvvTIMERExpiredISR)
    i.prvvUARTRxISR                          0x080034b4   Section        0  portserial.o(i.prvvUARTRxISR)
    i.prvvUARTTxReadyISR                     0x080034c0   Section        0  portserial.o(i.prvvUARTTxReadyISR)
    i.showimage_farsight                     0x080034cc   Section        0  lcd.o(i.showimage_farsight)
    i.usMBCRC16                              0x080034fc   Section        0  mbcrc.o(i.usMBCRC16)
    i.vMBPortSerialEnable                    0x0800352c   Section        0  portserial.o(i.vMBPortSerialEnable)
    i.vMBPortTimersDisable                   0x08003584   Section        0  porttimer.o(i.vMBPortTimersDisable)
    i.vMBPortTimersEnable                    0x080035c4   Section        0  porttimer.o(i.vMBPortTimersEnable)
    i.xMBPortEventGet                        0x080035ec   Section        0  portevent.o(i.xMBPortEventGet)
    i.xMBPortEventInit                       0x08003608   Section        0  portevent.o(i.xMBPortEventInit)
    i.xMBPortEventPost                       0x08003618   Section        0  portevent.o(i.xMBPortEventPost)
    i.xMBPortSerialGetByte                   0x08003628   Section        0  portserial.o(i.xMBPortSerialGetByte)
    i.xMBPortSerialInit                      0x08003648   Section        0  portserial.o(i.xMBPortSerialInit)
    i.xMBPortSerialPutByte                   0x0800364c   Section        0  portserial.o(i.xMBPortSerialPutByte)
    i.xMBPortTimersInit                      0x0800366c   Section        0  porttimer.o(i.xMBPortTimersInit)
    i.xMBRTUReceiveFSM                       0x08003670   Section        0  mbrtu.o(i.xMBRTUReceiveFSM)
    i.xMBRTUTimerT35Expired                  0x080036e4   Section        0  mbrtu.o(i.xMBRTUTimerT35Expired)
    i.xMBRTUTransmitFSM                      0x08003728   Section        0  mbrtu.o(i.xMBRTUTransmitFSM)
    .constdata                               0x08003788   Section     2099  lcd.o(.constdata)
    .constdata                               0x08003fbb   Section     8960  finger_operation.o(.constdata)
    .constdata                               0x080062bb   Section      512  mbcrc.o(.constdata)
    aucCRCHi                                 0x080062bb   Data         256  mbcrc.o(.constdata)
    aucCRCLo                                 0x080063bb   Data         256  mbcrc.o(.constdata)
    .constdata                               0x080064bb   Section       16  stm32f0xx_hal_rcc.o(.constdata)
    .data                                    0x20000000   Section        2  gpio.o(.data)
    .data                                    0x20000002   Section        4  main.o(.data)
    .data                                    0x20000006   Section        2  main.o(.data)
    .data                                    0x20000008   Section        2  usart.o(.data)
    .data                                    0x2000000a   Section        1  stm32f0xx_it.o(.data)
    .data                                    0x2000000c   Section       54  finger_operation.o(.data)
    .data                                    0x20000042   Section        2  portevent.o(.data)
    eQueuedEvent                             0x20000042   Data           1  portevent.o(.data)
    xEventInQueue                            0x20000043   Data           1  portevent.o(.data)
    .data                                    0x20000044   Section        2  mbfuncother.o(.data)
    usMBSlaveIDLen                           0x20000044   Data           2  mbfuncother.o(.data)
    .data                                    0x20000048   Section       12  mbrtu.o(.data)
    eSndState                                0x20000048   Data           1  mbrtu.o(.data)
    eRcvState                                0x20000049   Data           1  mbrtu.o(.data)
    usSndBufferCount                         0x2000004a   Data           2  mbrtu.o(.data)
    usRcvBufferPos                           0x2000004c   Data           2  mbrtu.o(.data)
    pucSndBufferCur                          0x20000050   Data           4  mbrtu.o(.data)
    .data                                    0x20000054   Section      172  mb.o(.data)
    eMBState                                 0x20000054   Data           1  mb.o(.data)
    ucRcvAddress                             0x20000055   Data           1  mb.o(.data)
    ucFunctionCode                           0x20000056   Data           1  mb.o(.data)
    eException                               0x20000057   Data           1  mb.o(.data)
    ucMBAddress                              0x20000058   Data           1  mb.o(.data)
    eMBCurrentMode                           0x20000059   Data           1  mb.o(.data)
    usLength                                 0x2000005a   Data           2  mb.o(.data)
    ucMBFrame                                0x2000005c   Data           4  mb.o(.data)
    peMBFrameSendCur                         0x20000060   Data           4  mb.o(.data)
    pvMBFrameStartCur                        0x20000064   Data           4  mb.o(.data)
    pvMBFrameStopCur                         0x20000068   Data           4  mb.o(.data)
    peMBFrameReceiveCur                      0x2000006c   Data           4  mb.o(.data)
    pvMBFrameCloseCur                        0x20000070   Data           4  mb.o(.data)
    xFuncHandlers                            0x20000080   Data         128  mb.o(.data)
    .data                                    0x20000100   Section       20  system_stm32f0xx.o(.data)
    .data                                    0x20000114   Section        4  stm32f0xx_hal.o(.data)
    uwTick                                   0x20000114   Data           4  stm32f0xx_hal.o(.data)
    .bss                                     0x20000118   Section      128  main.o(.bss)
    .bss                                     0x20000198   Section       60  i2c.o(.bss)
    .bss                                     0x200001d4   Section      280  usart.o(.bss)
    .bss                                     0x200002ec   Section      128  stm32f0xx_it.o(.bss)
    .bss                                     0x2000036c   Section      404  finger_operation.o(.bss)
    .bss                                     0x20000500   Section      120  tim.o(.bss)
    .bss                                     0x20000578   Section       32  mbfuncother.o(.bss)
    ucMBSlaveID                              0x20000578   Data          32  mbfuncother.o(.bss)
    .bss                                     0x20000598   Section      256  mbrtu.o(.bss)
    STACK                                    0x20000698   Section     1024  startup_stm32f051x8.o(STACK)

    Global Symbols

    Symbol Name                              Value     Ov Type        Size  Object(Section)

    BuildAttributes$$THM_ISAv3M$S$PE$A:L22$X:L11$S22$IEEE1$IW$USESV6$~STKCKD$USESV7$~SHL$OSPACE$ROPI$EBA8$MICROLIB$REQ8$PRES8$EABIv2 0x00000000   Number         0  anon$$obj.o ABSOLUTE
    __ARM_use_no_argv                        0x00000000   Number         0  main.o ABSOLUTE
    _printf_a                                0x00000000   Number         0  stubs.o ABSOLUTE
    _printf_c                                0x00000000   Number         0  stubs.o ABSOLUTE
    _printf_charcount                        0x00000000   Number         0  stubs.o ABSOLUTE
    _printf_d                                0x00000000   Number         0  stubs.o ABSOLUTE
    _printf_e                                0x00000000   Number         0  stubs.o ABSOLUTE
    _printf_f                                0x00000000   Number         0  stubs.o ABSOLUTE
    _printf_flags                            0x00000000   Number         0  stubs.o ABSOLUTE
    _printf_fp_dec                           0x00000000   Number         0  stubs.o ABSOLUTE
    _printf_fp_hex                           0x00000000   Number         0  stubs.o ABSOLUTE
    _printf_g                                0x00000000   Number         0  stubs.o ABSOLUTE
    _printf_i                                0x00000000   Number         0  stubs.o ABSOLUTE
    _printf_int_dec                          0x00000000   Number         0  stubs.o ABSOLUTE
    _printf_l                                0x00000000   Number         0  stubs.o ABSOLUTE
    _printf_lc                               0x00000000   Number         0  stubs.o ABSOLUTE
    _printf_ll                               0x00000000   Number         0  stubs.o ABSOLUTE
    _printf_lld                              0x00000000   Number         0  stubs.o ABSOLUTE
    _printf_lli                              0x00000000   Number         0  stubs.o ABSOLUTE
    _printf_llo                              0x00000000   Number         0  stubs.o ABSOLUTE
    _printf_llu                              0x00000000   Number         0  stubs.o ABSOLUTE
    _printf_llx                              0x00000000   Number         0  stubs.o ABSOLUTE
    _printf_longlong_dec                     0x00000000   Number         0  stubs.o ABSOLUTE
    _printf_longlong_hex                     0x00000000   Number         0  stubs.o ABSOLUTE
    _printf_longlong_oct                     0x00000000   Number         0  stubs.o ABSOLUTE
    _printf_ls                               0x00000000   Number         0  stubs.o ABSOLUTE
    _printf_mbtowc                           0x00000000   Number         0  stubs.o ABSOLUTE
    _printf_n                                0x00000000   Number         0  stubs.o ABSOLUTE
    _printf_o                                0x00000000   Number         0  stubs.o ABSOLUTE
    _printf_p                                0x00000000   Number         0  stubs.o ABSOLUTE
    _printf_percent                          0x00000000   Number         0  stubs.o ABSOLUTE
    _printf_pre_padding                      0x00000000   Number         0  stubs.o ABSOLUTE
    _printf_return_value                     0x00000000   Number         0  stubs.o ABSOLUTE
    _printf_s                                0x00000000   Number         0  stubs.o ABSOLUTE
    _printf_sizespec                         0x00000000   Number         0  stubs.o ABSOLUTE
    _printf_str                              0x00000000   Number         0  stubs.o ABSOLUTE
    _printf_truncate_signed                  0x00000000   Number         0  stubs.o ABSOLUTE
    _printf_truncate_unsigned                0x00000000   Number         0  stubs.o ABSOLUTE
    _printf_u                                0x00000000   Number         0  stubs.o ABSOLUTE
    _printf_wc                               0x00000000   Number         0  stubs.o ABSOLUTE
    _printf_wctomb                           0x00000000   Number         0  stubs.o ABSOLUTE
    _printf_widthprec                        0x00000000   Number         0  stubs.o ABSOLUTE
    _printf_x                                0x00000000   Number         0  stubs.o ABSOLUTE
    __cpp_initialize__aeabi_                  - Undefined Weak Reference
    __cxa_finalize                            - Undefined Weak Reference
    __decompress                              - Undefined Weak Reference
    _clock_init                               - Undefined Weak Reference
    _microlib_exit                            - Undefined Weak Reference
    __Vectors_Size                           0x000000bc   Number         0  startup_stm32f051x8.o ABSOLUTE
    __Vectors                                0x08000000   Data           4  startup_stm32f051x8.o(RESET)
    __Vectors_End                            0x080000bc   Data           0  startup_stm32f051x8.o(RESET)
    __main                                   0x080000bd   Thumb Code     0  entry.o(.ARM.Collect$$$$00000000)
    _main_stk                                0x080000bd   Thumb Code     0  entry2.o(.ARM.Collect$$$$00000001)
    _main_scatterload                        0x080000c1   Thumb Code     0  entry5.o(.ARM.Collect$$$$00000004)
    __main_after_scatterload                 0x080000c5   Thumb Code     0  entry5.o(.ARM.Collect$$$$00000004)
    _main_clock                              0x080000c5   Thumb Code     0  entry7b.o(.ARM.Collect$$$$00000008)
    _main_cpp_init                           0x080000c5   Thumb Code     0  entry8b.o(.ARM.Collect$$$$0000000A)
    _main_init                               0x080000c5   Thumb Code     0  entry9a.o(.ARM.Collect$$$$0000000B)
    __rt_final_cpp                           0x080000cd   Thumb Code     0  entry10a.o(.ARM.Collect$$$$0000000D)
    __rt_final_exit                          0x080000cd   Thumb Code     0  entry11a.o(.ARM.Collect$$$$0000000F)
    Reset_Handler                            0x080000d1   Thumb Code     8  startup_stm32f051x8.o(.text)
    NMI_Handler                              0x080000d9   Thumb Code     2  startup_stm32f051x8.o(.text)
    HardFault_Handler                        0x080000db   Thumb Code     2  startup_stm32f051x8.o(.text)
    SVC_Handler                              0x080000dd   Thumb Code     2  startup_stm32f051x8.o(.text)
    PendSV_Handler                           0x080000df   Thumb Code     2  startup_stm32f051x8.o(.text)
    ADC1_COMP_IRQHandler                     0x080000e3   Thumb Code     0  startup_stm32f051x8.o(.text)
    CEC_IRQHandler                           0x080000e3   Thumb Code     0  startup_stm32f051x8.o(.text)
    DMA1_Channel1_IRQHandler                 0x080000e3   Thumb Code     0  startup_stm32f051x8.o(.text)
    DMA1_Channel2_3_IRQHandler               0x080000e3   Thumb Code     0  startup_stm32f051x8.o(.text)
    EXTI2_3_IRQHandler                       0x080000e3   Thumb Code     0  startup_stm32f051x8.o(.text)
    EXTI4_15_IRQHandler                      0x080000e3   Thumb Code     0  startup_stm32f051x8.o(.text)
    FLASH_IRQHandler                         0x080000e3   Thumb Code     0  startup_stm32f051x8.o(.text)
    I2C1_IRQHandler                          0x080000e3   Thumb Code     0  startup_stm32f051x8.o(.text)
    I2C2_IRQHandler                          0x080000e3   Thumb Code     0  startup_stm32f051x8.o(.text)
    PVD_IRQHandler                           0x080000e3   Thumb Code     0  startup_stm32f051x8.o(.text)
    RCC_IRQHandler                           0x080000e3   Thumb Code     0  startup_stm32f051x8.o(.text)
    RTC_IRQHandler                           0x080000e3   Thumb Code     0  startup_stm32f051x8.o(.text)
    SPI1_IRQHandler                          0x080000e3   Thumb Code     0  startup_stm32f051x8.o(.text)
    SPI2_IRQHandler                          0x080000e3   Thumb Code     0  startup_stm32f051x8.o(.text)
    TIM15_IRQHandler                         0x080000e3   Thumb Code     0  startup_stm32f051x8.o(.text)
    TIM16_IRQHandler                         0x080000e3   Thumb Code     0  startup_stm32f051x8.o(.text)
    TIM17_IRQHandler                         0x080000e3   Thumb Code     0  startup_stm32f051x8.o(.text)
    TIM1_BRK_UP_TRG_COM_IRQHandler           0x080000e3   Thumb Code     0  startup_stm32f051x8.o(.text)
    TIM1_CC_IRQHandler                       0x080000e3   Thumb Code     0  startup_stm32f051x8.o(.text)
    TIM2_IRQHandler                          0x080000e3   Thumb Code     0  startup_stm32f051x8.o(.text)
    TIM3_IRQHandler                          0x080000e3   Thumb Code     0  startup_stm32f051x8.o(.text)
    TSC_IRQHandler                           0x080000e3   Thumb Code     0  startup_stm32f051x8.o(.text)
    WWDG_IRQHandler                          0x080000e3   Thumb Code     0  startup_stm32f051x8.o(.text)
    __aeabi_uidiv                            0x080000ed   Thumb Code     0  uidiv.o(.text)
    __aeabi_uidivmod                         0x080000ed   Thumb Code    44  uidiv.o(.text)
    __aeabi_llsr                             0x08000119   Thumb Code    34  llushr.o(.text)
    _ll_ushift_r                             0x08000119   Thumb Code     0  llushr.o(.text)
    __aeabi_memcpy                           0x0800013b   Thumb Code    36  memcpya.o(.text)
    __aeabi_memcpy4                          0x0800013b   Thumb Code     0  memcpya.o(.text)
    __aeabi_memcpy8                          0x0800013b   Thumb Code     0  memcpya.o(.text)
    __aeabi_memset                           0x0800015f   Thumb Code    14  memseta.o(.text)
    __aeabi_memset4                          0x0800015f   Thumb Code     0  memseta.o(.text)
    __aeabi_memset8                          0x0800015f   Thumb Code     0  memseta.o(.text)
    __aeabi_memclr                           0x0800016d   Thumb Code     4  memseta.o(.text)
    __aeabi_memclr4                          0x0800016d   Thumb Code     0  memseta.o(.text)
    __aeabi_memclr8                          0x0800016d   Thumb Code     0  memseta.o(.text)
    _memset$wrapper                          0x08000171   Thumb Code    18  memseta.o(.text)
    __aeabi_uldivmod                         0x08000183   Thumb Code    96  uldiv.o(.text)
    __scatterload                            0x080001e5   Thumb Code    28  init.o(.text)
    __scatterload_rt2                        0x080001e5   Thumb Code     0  init.o(.text)
    __aeabi_llsl                             0x08000209   Thumb Code    32  llshl.o(.text)
    _ll_shift_l                              0x08000209   Thumb Code     0  llshl.o(.text)
    Combine_Finger_Feature                   0x08000229   Thumb Code    56  finger_operation.o(i.Combine_Finger_Feature)
    Commands_Send                            0x08000269   Thumb Code    38  finger_operation.o(i.Commands_Send)
    DMA1_Channel4_5_IRQHandler               0x08000299   Thumb Code    10  stm32f0xx_it.o(i.DMA1_Channel4_5_IRQHandler)
    Delate_Finger                            0x080002c9   Thumb Code    52  finger_operation.o(i.Delate_Finger)
    EXTI0_1_IRQHandler                       0x08000319   Thumb Code    16  stm32f0xx_it.o(i.EXTI0_1_IRQHandler)
    Empty_The_FinLib                         0x08000329   Thumb Code    90  finger_operation.o(i.Empty_The_FinLib)
    Find_Finger                              0x08000391   Thumb Code   140  finger_operation.o(i.Find_Finger)
    Find_Finger_And_Save_ImageBuffer         0x08000455   Thumb Code    56  finger_operation.o(i.Find_Finger_And_Save_ImageBuffer)
    FingerDelay                              0x08000495   Thumb Code    26  finger_operation.o(i.FingerDelay)
    Get_FPM_CMD                              0x080004b5   Thumb Code   110  finger_operation.o(i.Get_FPM_CMD)
    Get_FPM_CMD_Data_area                    0x08000529   Thumb Code    38  finger_operation.o(i.Get_FPM_CMD_Data_area)
    Get_Finger_Feature_Save_To_CharBuffer1   0x08000555   Thumb Code    74  finger_operation.o(i.Get_Finger_Feature_Save_To_CharBuffer1)
    Get_Finger_Feature_Save_To_CharBuffer2   0x080005a9   Thumb Code    74  finger_operation.o(i.Get_Finger_Feature_Save_To_CharBuffer2)
    Gui_DrawFont_GBK16                       0x080005fd   Thumb Code   338  lcd.o(i.Gui_DrawFont_GBK16)
    Gui_DrawPoint                            0x08000759   Thumb Code    24  lcd.o(i.Gui_DrawPoint)
    HAL_DMA_Abort                            0x08000771   Thumb Code    76  stm32f0xx_hal_dma.o(i.HAL_DMA_Abort)
    HAL_DMA_IRQHandler                       0x080007bd   Thumb Code   470  stm32f0xx_hal_dma.o(i.HAL_DMA_IRQHandler)
    HAL_DMA_Init                             0x08000999   Thumb Code    78  stm32f0xx_hal_dma.o(i.HAL_DMA_Init)
    HAL_DMA_Start_IT                         0x080009ed   Thumb Code    78  stm32f0xx_hal_dma.o(i.HAL_DMA_Start_IT)
    HAL_Delay                                0x08000a3b   Thumb Code    22  stm32f0xx_hal.o(i.HAL_Delay)
    HAL_GPIO_EXTI_Callback                   0x08000a51   Thumb Code    20  gpio.o(i.HAL_GPIO_EXTI_Callback)
    HAL_GPIO_EXTI_IRQHandler                 0x08000a69   Thumb Code    18  stm32f0xx_hal_gpio.o(i.HAL_GPIO_EXTI_IRQHandler)
    HAL_GPIO_Init                            0x08000a81   Thumb Code   302  stm32f0xx_hal_gpio.o(i.HAL_GPIO_Init)
    HAL_GPIO_WritePin                        0x08000bc9   Thumb Code    12  stm32f0xx_hal_gpio.o(i.HAL_GPIO_WritePin)
    HAL_GetTick                              0x08000bd5   Thumb Code     6  stm32f0xx_hal.o(i.HAL_GetTick)
    HAL_I2CEx_ConfigAnalogFilter             0x08000be1   Thumb Code    96  stm32f0xx_hal_i2c_ex.o(i.HAL_I2CEx_ConfigAnalogFilter)
    HAL_I2C_Init                             0x08000c41   Thumb Code   158  stm32f0xx_hal_i2c.o(i.HAL_I2C_Init)
    HAL_I2C_MspInit                          0x08000ce5   Thumb Code    60  i2c.o(i.HAL_I2C_MspInit)
    HAL_IncTick                              0x08000d2d   Thumb Code    10  stm32f0xx_hal.o(i.HAL_IncTick)
    HAL_Init                                 0x08000d3d   Thumb Code    26  stm32f0xx_hal.o(i.HAL_Init)
    HAL_InitTick                             0x08000d5d   Thumb Code    34  stm32f0xx_hal.o(i.HAL_InitTick)
    HAL_MspInit                              0x08000d81   Thumb Code    30  stm32f0xx_hal_msp.o(i.HAL_MspInit)
    HAL_NVIC_ClearPendingIRQ                 0x08000da5   Thumb Code    14  stm32f0xx_hal_cortex.o(i.HAL_NVIC_ClearPendingIRQ)
    HAL_NVIC_EnableIRQ                       0x08000db9   Thumb Code    14  stm32f0xx_hal_cortex.o(i.HAL_NVIC_EnableIRQ)
    HAL_NVIC_SetPriority                     0x08000dcd   Thumb Code     8  stm32f0xx_hal_cortex.o(i.HAL_NVIC_SetPriority)
    HAL_RCCEx_PeriphCLKConfig                0x08000dd5   Thumb Code   204  stm32f0xx_hal_rcc_ex.o(i.HAL_RCCEx_PeriphCLKConfig)
    HAL_RCC_ClockConfig                      0x08000ead   Thumb Code   400  stm32f0xx_hal_rcc.o(i.HAL_RCC_ClockConfig)
    HAL_RCC_GetHCLKFreq                      0x08001049   Thumb Code    26  stm32f0xx_hal_rcc.o(i.HAL_RCC_GetHCLKFreq)
    HAL_RCC_GetPCLK1Freq                     0x08001071   Thumb Code    22  stm32f0xx_hal_rcc.o(i.HAL_RCC_GetPCLK1Freq)
    HAL_RCC_GetSysClockFreq                  0x08001091   Thumb Code    76  stm32f0xx_hal_rcc.o(i.HAL_RCC_GetSysClockFreq)
    HAL_RCC_OscConfig                        0x08001109   Thumb Code   892  stm32f0xx_hal_rcc.o(i.HAL_RCC_OscConfig)
    HAL_SYSTICK_CLKSourceConfig              0x08001491   Thumb Code    20  stm32f0xx_hal_cortex.o(i.HAL_SYSTICK_CLKSourceConfig)
    HAL_SYSTICK_Callback                     0x080014a9   Thumb Code     2  stm32f0xx_hal_cortex.o(i.HAL_SYSTICK_Callback)
    HAL_SYSTICK_Config                       0x080014ad   Thumb Code    38  stm32f0xx_hal_cortex.o(i.HAL_SYSTICK_Config)
    HAL_SYSTICK_IRQHandler                   0x080014dd   Thumb Code     8  stm32f0xx_hal_cortex.o(i.HAL_SYSTICK_IRQHandler)
    HAL_TIMEx_BreakCallback                  0x080014e5   Thumb Code     2  stm32f0xx_hal_tim_ex.o(i.HAL_TIMEx_BreakCallback)
    HAL_TIMEx_CommutationCallback            0x080014e7   Thumb Code     2  stm32f0xx_hal_tim_ex.o(i.HAL_TIMEx_CommutationCallback)
    HAL_TIMEx_MasterConfigSynchronization    0x080014e9   Thumb Code    72  stm32f0xx_hal_tim_ex.o(i.HAL_TIMEx_MasterConfigSynchronization)
    HAL_TIM_Base_Init                        0x08001531   Thumb Code    52  stm32f0xx_hal_tim.o(i.HAL_TIM_Base_Init)
    HAL_TIM_Base_MspInit                     0x08001565   Thumb Code    78  tim.o(i.HAL_TIM_Base_MspInit)
    HAL_TIM_Base_Start_IT                    0x080015c1   Thumb Code    22  stm32f0xx_hal_tim.o(i.HAL_TIM_Base_Start_IT)
    HAL_TIM_IC_CaptureCallback               0x080015d7   Thumb Code     2  stm32f0xx_hal_tim.o(i.HAL_TIM_IC_CaptureCallback)
    HAL_TIM_IRQHandler                       0x080015d9   Thumb Code   354  stm32f0xx_hal_tim.o(i.HAL_TIM_IRQHandler)
    HAL_TIM_OC_DelayElapsedCallback          0x0800173b   Thumb Code     2  stm32f0xx_hal_tim.o(i.HAL_TIM_OC_DelayElapsedCallback)
    HAL_TIM_PWM_PulseFinishedCallback        0x0800173d   Thumb Code     2  stm32f0xx_hal_tim.o(i.HAL_TIM_PWM_PulseFinishedCallback)
    HAL_TIM_PeriodElapsedCallback            0x08001741   Thumb Code    26  stm32f0xx_it.o(i.HAL_TIM_PeriodElapsedCallback)
    HAL_TIM_TriggerCallback                  0x08001765   Thumb Code     2  stm32f0xx_hal_tim.o(i.HAL_TIM_TriggerCallback)
    HAL_UARTEx_WakeupCallback                0x08001767   Thumb Code     2  stm32f0xx_hal_uart_ex.o(i.HAL_UARTEx_WakeupCallback)
    HAL_UART_DMAStop                         0x08001769   Thumb Code    54  stm32f0xx_hal_uart.o(i.HAL_UART_DMAStop)
    HAL_UART_ErrorCallback                   0x0800179f   Thumb Code     2  stm32f0xx_hal_uart.o(i.HAL_UART_ErrorCallback)
    HAL_UART_IRQHandler                      0x080017a1   Thumb Code   228  stm32f0xx_hal_uart_ex.o(i.HAL_UART_IRQHandler)
    HAL_UART_Init                            0x08001885   Thumb Code   108  stm32f0xx_hal_uart.o(i.HAL_UART_Init)
    HAL_UART_MspInit                         0x080018f1   Thumb Code   170  usart.o(i.HAL_UART_MspInit)
    HAL_UART_Receive                         0x080019b1   Thumb Code   218  stm32f0xx_hal_uart.o(i.HAL_UART_Receive)
    HAL_UART_Receive_DMA                     0x08001a91   Thumb Code   120  stm32f0xx_hal_uart.o(i.HAL_UART_Receive_DMA)
    HAL_UART_RxCpltCallback                  0x08001b15   Thumb Code    16  usart.o(i.HAL_UART_RxCpltCallback)
    HAL_UART_RxHalfCpltCallback              0x08001b2d   Thumb Code     2  stm32f0xx_hal_uart.o(i.HAL_UART_RxHalfCpltCallback)
    HAL_UART_Transmit                        0x08001b2f   Thumb Code   186  stm32f0xx_hal_uart.o(i.HAL_UART_Transmit)
    HAL_UART_Transmit_IT                     0x08001be9   Thumb Code    96  stm32f0xx_hal_uart.o(i.HAL_UART_Transmit_IT)
    HAL_UART_TxCpltCallback                  0x08001c49   Thumb Code    14  usart.o(i.HAL_UART_TxCpltCallback)
    Init_sth                                 0x08001c61   Thumb Code    64  finger_operation.o(i.Init_sth)
    LCD_WriteData_16Bit                      0x08001cb5   Thumb Code    32  lcd.o(i.LCD_WriteData_16Bit)
    Lcd_Clear                                0x08001cd5   Thumb Code    46  lcd.o(i.Lcd_Clear)
    Lcd_Init                                 0x08001d03   Thumb Code    46  lcd.o(i.Lcd_Init)
    Lcd_SetRegion                            0x08001d31   Thumb Code    86  lcd.o(i.Lcd_SetRegion)
    Lcd_WriteData                            0x08001d87   Thumb Code    22  lcd.o(i.Lcd_WriteData)
    Lcd_WriteIndex                           0x08001d9d   Thumb Code    22  lcd.o(i.Lcd_WriteIndex)
    MX_DMA_Init                              0x08001db5   Thumb Code    36  dma.o(i.MX_DMA_Init)
    MX_GPIO_Init                             0x08001ddd   Thumb Code    96  gpio.o(i.MX_GPIO_Init)
    MX_I2C1_Init                             0x08001e49   Thumb Code    46  i2c.o(i.MX_I2C1_Init)
    MX_TIM14_Init                            0x08001e85   Thumb Code    28  tim.o(i.MX_TIM14_Init)
    MX_TIM6_Init                             0x08001ead   Thumb Code    38  tim.o(i.MX_TIM6_Init)
    MX_USART1_UART_Init                      0x08001ee1   Thumb Code    40  usart.o(i.MX_USART1_UART_Init)
    MX_USART2_UART_Init                      0x08001f11   Thumb Code    40  usart.o(i.MX_USART2_UART_Init)
    ReadEffectiveTemplate                    0x08001f85   Thumb Code   104  finger_operation.o(i.ReadEffectiveTemplate)
    SPI_WriteData                            0x08001ffd   Thumb Code    40  lcd.o(i.SPI_WriteData)
    Save_Finger_Form_To_Flash_Position       0x08002025   Thumb Code   108  finger_operation.o(i.Save_Finger_Form_To_Flash_Position)
    Search_Finger_In_Finlib                  0x0800209d   Thumb Code   120  finger_operation.o(i.Search_Finger_In_Finlib)
    SysTick_Handler                          0x08002121   Thumb Code    12  stm32f0xx_it.o(i.SysTick_Handler)
    SystemClock_Config                       0x0800212d   Thumb Code   102  main.o(i.SystemClock_Config)
    SystemInit                               0x08002195   Thumb Code    78  system_stm32f0xx.o(i.SystemInit)
    TIM14_IRQHandler                         0x080021f1   Thumb Code    10  stm32f0xx_it.o(i.TIM14_IRQHandler)
    TIM6_DAC_IRQHandler                      0x08002201   Thumb Code    10  stm32f0xx_it.o(i.TIM6_DAC_IRQHandler)
    TIM_Base_SetConfig                       0x08002211   Thumb Code   116  stm32f0xx_hal_tim.o(i.TIM_Base_SetConfig)
    TIP_DELATE_ALL                           0x0800229d   Thumb Code    36  finger_operation.o(i.TIP_DELATE_ALL)
    TIP_FAILED                               0x080022c1   Thumb Code    20  finger_operation.o(i.TIP_FAILED)
    TIP_SUCCESS                              0x080022d5   Thumb Code    20  finger_operation.o(i.TIP_SUCCESS)
    TIP_WRITE_FAILED                         0x080022e9   Thumb Code    36  finger_operation.o(i.TIP_WRITE_FAILED)
    TIP_WRITE_SUCCESS                        0x0800230d   Thumb Code    36  finger_operation.o(i.TIP_WRITE_SUCCESS)
    UART_AdvFeatureConfig                    0x08002331   Thumb Code   202  stm32f0xx_hal_uart.o(i.UART_AdvFeatureConfig)
    UART_CheckIdleState                      0x080023fd   Thumb Code    84  stm32f0xx_hal_uart.o(i.UART_CheckIdleState)
    UART_EndTransmit_IT                      0x080024bb   Thumb Code    48  stm32f0xx_hal_uart.o(i.UART_EndTransmit_IT)
    UART_Receive_IT                          0x080024eb   Thumb Code   142  stm32f0xx_hal_uart.o(i.UART_Receive_IT)
    UART_SetConfig                           0x08002579   Thumb Code   268  stm32f0xx_hal_uart.o(i.UART_SetConfig)
    UART_Transmit_IT                         0x0800269d   Thumb Code   110  stm32f0xx_hal_uart.o(i.UART_Transmit_IT)
    UART_WaitOnFlagUntilTimeout              0x0800270b   Thumb Code   174  stm32f0xx_hal_uart.o(i.UART_WaitOnFlagUntilTimeout)
    USART1_IRQHandler                        0x080027b9   Thumb Code    42  stm32f0xx_it.o(i.USART1_IRQHandler)
    USART2_IRQHandler                        0x080027e9   Thumb Code    52  stm32f0xx_it.o(i.USART2_IRQHandler)
    Write_Finger                             0x08002829   Thumb Code   116  finger_operation.o(i.Write_Finger)
    __0sprintf$8                             0x080028c1   Thumb Code    36  printf8.o(i.__0sprintf$8)
    __1sprintf$8                             0x080028c1   Thumb Code     0  printf8.o(i.__0sprintf$8)
    __2sprintf                               0x080028c1   Thumb Code     0  printf8.o(i.__0sprintf$8)
    __scatterload_copy                       0x080028e9   Thumb Code    14  handlers.o(i.__scatterload_copy)
    __scatterload_null                       0x080028f7   Thumb Code     2  handlers.o(i.__scatterload_null)
    __scatterload_zeroinit                   0x080028f9   Thumb Code    14  handlers.o(i.__scatterload_zeroinit)
    eMBEnable                                0x08002d89   Thumb Code    28  mb.o(i.eMBEnable)
    eMBFuncReadCoils                         0x08002da9   Thumb Code   112  mbfunccoils.o(i.eMBFuncReadCoils)
    eMBFuncReadDiscreteInputs                0x08002e1d   Thumb Code   110  mbfuncdisc.o(i.eMBFuncReadDiscreteInputs)
    eMBFuncReadHoldingRegister               0x08002e91   Thumb Code    90  mbfuncholding.o(i.eMBFuncReadHoldingRegister)
    eMBFuncReadInputRegister                 0x08002eeb   Thumb Code    94  mbfuncinput.o(i.eMBFuncReadInputRegister)
    eMBFuncReadWriteMultipleHoldingRegister  0x08002f49   Thumb Code   156  mbfuncholding.o(i.eMBFuncReadWriteMultipleHoldingRegister)
    eMBFuncReportSlaveID                     0x08002fe5   Thumb Code    26  mbfuncother.o(i.eMBFuncReportSlaveID)
    eMBFuncWriteCoil                         0x08003009   Thumb Code    86  mbfunccoils.o(i.eMBFuncWriteCoil)
    eMBFuncWriteHoldingRegister              0x0800305f   Thumb Code    50  mbfuncholding.o(i.eMBFuncWriteHoldingRegister)
    eMBFuncWriteMultipleCoils                0x08003091   Thumb Code    96  mbfunccoils.o(i.eMBFuncWriteMultipleCoils)
    eMBFuncWriteMultipleHoldingRegister      0x080030f5   Thumb Code    80  mbfuncholding.o(i.eMBFuncWriteMultipleHoldingRegister)
    eMBInit                                  0x08003145   Thumb Code    98  mb.o(i.eMBInit)
    eMBPoll                                  0x080031c9   Thumb Code   184  mb.o(i.eMBPoll)
    eMBRTUInit                               0x08003285   Thumb Code    56  mbrtu.o(i.eMBRTUInit)
    eMBRTUReceive                            0x080032c1   Thumb Code    66  mbrtu.o(i.eMBRTUReceive)
    eMBRTUSend                               0x0800330d   Thumb Code   100  mbrtu.o(i.eMBRTUSend)
    eMBRTUStart                              0x08003379   Thumb Code    22  mbrtu.o(i.eMBRTUStart)
    eMBRTUStop                               0x08003395   Thumb Code    16  mbrtu.o(i.eMBRTUStop)
    eMBRegCoilsCB                            0x080033a5   Thumb Code     4  main.o(i.eMBRegCoilsCB)
    eMBRegDiscreteCB                         0x080033a9   Thumb Code     4  main.o(i.eMBRegDiscreteCB)
    eMBRegHoldingCB                          0x080033ad   Thumb Code    98  main.o(i.eMBRegHoldingCB)
    eMBRegInputCB                            0x08003415   Thumb Code     4  main.o(i.eMBRegInputCB)
    main                                     0x08003419   Thumb Code   108  main.o(i.main)
    prveMBError2Exception                    0x08003491   Thumb Code    24  mbutils.o(i.prveMBError2Exception)
    prvvTIMERExpiredISR                      0x080034a9   Thumb Code     6  porttimer.o(i.prvvTIMERExpiredISR)
    prvvUARTRxISR                            0x080034b5   Thumb Code     6  portserial.o(i.prvvUARTRxISR)
    prvvUARTTxReadyISR                       0x080034c1   Thumb Code     6  portserial.o(i.prvvUARTTxReadyISR)
    showimage_farsight                       0x080034cd   Thumb Code    46  lcd.o(i.showimage_farsight)
    usMBCRC16                                0x080034fd   Thumb Code    42  mbcrc.o(i.usMBCRC16)
    vMBPortSerialEnable                      0x0800352d   Thumb Code    84  portserial.o(i.vMBPortSerialEnable)
    vMBPortTimersDisable                     0x08003585   Thumb Code    54  porttimer.o(i.vMBPortTimersDisable)
    vMBPortTimersEnable                      0x080035c5   Thumb Code    36  porttimer.o(i.vMBPortTimersEnable)
    xMBPortEventGet                          0x080035ed   Thumb Code    24  portevent.o(i.xMBPortEventGet)
    xMBPortEventInit                         0x08003609   Thumb Code    10  portevent.o(i.xMBPortEventInit)
    xMBPortEventPost                         0x08003619   Thumb Code    12  portevent.o(i.xMBPortEventPost)
    xMBPortSerialGetByte                     0x08003629   Thumb Code    26  portserial.o(i.xMBPortSerialGetByte)
    xMBPortSerialInit                        0x08003649   Thumb Code     4  portserial.o(i.xMBPortSerialInit)
    xMBPortSerialPutByte                     0x0800364d   Thumb Code    26  portserial.o(i.xMBPortSerialPutByte)
    xMBPortTimersInit                        0x0800366d   Thumb Code     4  porttimer.o(i.xMBPortTimersInit)
    xMBRTUReceiveFSM                         0x08003671   Thumb Code   106  mbrtu.o(i.xMBRTUReceiveFSM)
    xMBRTUTimerT35Expired                    0x080036e5   Thumb Code    62  mbrtu.o(i.xMBRTUTimerT35Expired)
    xMBRTUTransmitFSM                        0x08003729   Thumb Code    90  mbrtu.o(i.xMBRTUTransmitFSM)
    asc16                                    0x08003788   Data        1521  lcd.o(.constdata)
    hz16                                     0x08003d79   Data         578  lcd.o(.constdata)
    gImage_logo                              0x08003fbb   Data        8960  finger_operation.o(.constdata)
    aAPBAHBPrescTable                        0x080064bb   Data          16  stm32f0xx_hal_rcc.o(.constdata)
    Region$$Table$$Base                      0x080064cc   Number         0  anon$$obj.o(Region$$Table)
    Region$$Table$$Limit                     0x080064ec   Number         0  anon$$obj.o(Region$$Table)
    KEY2_FLAG                                0x20000000   Data           1  gpio.o(.data)
    KEY3_FLAG                                0x20000001   Data           1  gpio.o(.data)
    usRegHoldingBuf                          0x20000002   Data           2  main.o(.data)
    usRegHoldingStart                        0x20000004   Data           2  main.o(.data)
    FingerCount                              0x20000006   Data           2  main.o(.data)
    UART_SEND_FLAG                           0x20000008   Data           1  usart.o(.data)
    UART_RECV_FLAG                           0x20000009   Data           1  usart.o(.data)
    dma_state                                0x2000000a   Data           1  stm32f0xx_it.o(.data)
    fcmd_length                              0x2000000c   Data           1  finger_operation.o(.data)
    Person_num                               0x2000000e   Data           2  finger_operation.o(.data)
    FP_Get_Img                               0x20000010   Data          12  finger_operation.o(.data)
    FP_Img_To_Buffer1                        0x2000001c   Data          13  finger_operation.o(.data)
    FP_Img_To_Buffer2                        0x20000029   Data          13  finger_operation.o(.data)
    FP_Reg_Model                             0x20000036   Data          12  finger_operation.o(.data)
    pxMBFrameCBByteReceived                  0x20000074   Data           4  mb.o(.data)
    pxMBFrameCBTransmitterEmpty              0x20000078   Data           4  mb.o(.data)
    pxMBPortCBTimerExpired                   0x2000007c   Data           4  mb.o(.data)
    SystemCoreClock                          0x20000100   Data           4  system_stm32f0xx.o(.data)
    AHBPrescTable                            0x20000104   Data          16  system_stm32f0xx.o(.data)
    Show_find_man_num                        0x20000118   Data         128  main.o(.bss)
    hi2c1                                    0x20000198   Data          60  i2c.o(.bss)
    huart1                                   0x200001d4   Data         112  usart.o(.bss)
    huart2                                   0x20000244   Data         112  usart.o(.bss)
    hdma_usart2_rx                           0x200002b4   Data          56  usart.o(.bss)
    uart2_recv_buf                           0x200002ec   Data         128  stm32f0xx_it.o(.bss)
    FPM_Data                                 0x2000036c   Data         128  finger_operation.o(.bss)
    FPM_CMD                                  0x200003ec   Data          20  finger_operation.o(.bss)
    UART_FPM_CMD                             0x20000400   Data         256  finger_operation.o(.bss)
    htim6                                    0x20000500   Data          60  tim.o(.bss)
    htim14                                   0x2000053c   Data          60  tim.o(.bss)
    ucRTUBuf                                 0x20000598   Data         256  mbrtu.o(.bss)
    __initial_sp                             0x20000a98   Data           0  startup_stm32f051x8.o(STACK)



==============================================================================

Memory Map of the image

  Image Entry point : 0x080000bd

  Load Region LR_IROM1 (Base: 0x08000000, Size: 0x00006604, Max: 0x00010000, ABSOLUTE)

    Execution Region ER_IROM1 (Base: 0x08000000, Size: 0x000064ec, Max: 0x00010000, ABSOLUTE)

    Base Addr    Size         Type   Attr      Idx    E Section Name        Object

    0x08000000   0x000000bc   Data   RO         3569    RESET               startup_stm32f051x8.o
    0x080000bc   0x00000000   Code   RO         3574  * .ARM.Collect$$$$00000000  mc_p.l(entry.o)
    0x080000bc   0x00000004   Code   RO         3850    .ARM.Collect$$$$00000001  mc_p.l(entry2.o)
    0x080000c0   0x00000004   Code   RO         3853    .ARM.Collect$$$$00000004  mc_p.l(entry5.o)
    0x080000c4   0x00000000   Code   RO         3855    .ARM.Collect$$$$00000008  mc_p.l(entry7b.o)
    0x080000c4   0x00000000   Code   RO         3857    .ARM.Collect$$$$0000000A  mc_p.l(entry8b.o)
    0x080000c4   0x00000008   Code   RO         3858    .ARM.Collect$$$$0000000B  mc_p.l(entry9a.o)
    0x080000cc   0x00000000   Code   RO         3860    .ARM.Collect$$$$0000000D  mc_p.l(entry10a.o)
    0x080000cc   0x00000000   Code   RO         3862    .ARM.Collect$$$$0000000F  mc_p.l(entry11a.o)
    0x080000cc   0x00000004   Code   RO         3851    .ARM.Collect$$$$00002712  mc_p.l(entry2.o)
    0x080000d0   0x0000001c   Code   RO         3570    .text               startup_stm32f051x8.o
    0x080000ec   0x0000002c   Code   RO         3577    .text               mc_p.l(uidiv.o)
    0x08000118   0x00000022   Code   RO         3579    .text               mc_p.l(llushr.o)
    0x0800013a   0x00000024   Code   RO         3583    .text               mc_p.l(memcpya.o)
    0x0800015e   0x00000024   Code   RO         3585    .text               mc_p.l(memseta.o)
    0x08000182   0x00000060   Code   RO         3865    .text               mc_p.l(uldiv.o)
    0x080001e2   0x00000002   PAD
    0x080001e4   0x00000024   Code   RO         3878    .text               mc_p.l(init.o)
    0x08000208   0x00000020   Code   RO         3880    .text               mc_p.l(llshl.o)
    0x08000228   0x00000040   Code   RO          532    i.Combine_Finger_Feature  finger_operation.o
    0x08000268   0x00000030   Code   RO          533    i.Commands_Send     finger_operation.o
    0x08000298   0x00000010   Code   RO          356    i.DMA1_Channel4_5_IRQHandler  stm32f0xx_it.o
    0x080002a8   0x0000001e   Code   RO         2471    i.DMA_SetConfig     stm32f0xx_hal_dma.o
    0x080002c6   0x00000002   PAD
    0x080002c8   0x00000050   Code   RO          534    i.Delate_Finger     finger_operation.o
    0x08000318   0x00000010   Code   RO          357    i.EXTI0_1_IRQHandler  stm32f0xx_it.o
    0x08000328   0x00000068   Code   RO          535    i.Empty_The_FinLib  finger_operation.o
    0x08000390   0x000000c4   Code   RO          536    i.Find_Finger       finger_operation.o
    0x08000454   0x00000040   Code   RO          537    i.Find_Finger_And_Save_ImageBuffer  finger_operation.o
    0x08000494   0x00000020   Code   RO          538    i.FingerDelay       finger_operation.o
    0x080004b4   0x00000074   Code   RO          539    i.Get_FPM_CMD       finger_operation.o
    0x08000528   0x0000002c   Code   RO          540    i.Get_FPM_CMD_Data_area  finger_operation.o
    0x08000554   0x00000054   Code   RO          541    i.Get_Finger_Feature_Save_To_CharBuffer1  finger_operation.o
    0x080005a8   0x00000054   Code   RO          542    i.Get_Finger_Feature_Save_To_CharBuffer2  finger_operation.o
    0x080005fc   0x0000015c   Code   RO          427    i.Gui_DrawFont_GBK16  lcd.o
    0x08000758   0x00000018   Code   RO          428    i.Gui_DrawPoint     lcd.o
    0x08000770   0x0000004c   Code   RO         2472    i.HAL_DMA_Abort     stm32f0xx_hal_dma.o
    0x080007bc   0x000001dc   Code   RO         2476    i.HAL_DMA_IRQHandler  stm32f0xx_hal_dma.o
    0x08000998   0x00000054   Code   RO         2477    i.HAL_DMA_Init      stm32f0xx_hal_dma.o
    0x080009ec   0x0000004e   Code   RO         2480    i.HAL_DMA_Start_IT  stm32f0xx_hal_dma.o
    0x08000a3a   0x00000016   Code   RO         1751    i.HAL_Delay         stm32f0xx_hal.o
    0x08000a50   0x00000018   Code   RO            3    i.HAL_GPIO_EXTI_Callback  gpio.o
    0x08000a68   0x00000018   Code   RO         2546    i.HAL_GPIO_EXTI_IRQHandler  stm32f0xx_hal_gpio.o
    0x08000a80   0x00000148   Code   RO         2547    i.HAL_GPIO_Init     stm32f0xx_hal_gpio.o
    0x08000bc8   0x0000000c   Code   RO         2551    i.HAL_GPIO_WritePin  stm32f0xx_hal_gpio.o
    0x08000bd4   0x0000000c   Code   RO         1755    i.HAL_GetTick       stm32f0xx_hal.o
    0x08000be0   0x00000060   Code   RO         1896    i.HAL_I2CEx_ConfigAnalogFilter  stm32f0xx_hal_i2c_ex.o
    0x08000c40   0x000000a4   Code   RO         1439    i.HAL_I2C_Init      stm32f0xx_hal_i2c.o
    0x08000ce4   0x00000048   Code   RO          262    i.HAL_I2C_MspInit   i2c.o
    0x08000d2c   0x00000010   Code   RO         1756    i.HAL_IncTick       stm32f0xx_hal.o
    0x08000d3c   0x00000020   Code   RO         1757    i.HAL_Init          stm32f0xx_hal.o
    0x08000d5c   0x00000022   Code   RO         1758    i.HAL_InitTick      stm32f0xx_hal.o
    0x08000d7e   0x00000002   PAD
    0x08000d80   0x00000024   Code   RO          127    i.HAL_MspInit       stm32f0xx_hal_msp.o
    0x08000da4   0x00000014   Code   RO         1253    i.HAL_NVIC_ClearPendingIRQ  stm32f0xx_hal_cortex.o
    0x08000db8   0x00000014   Code   RO         1255    i.HAL_NVIC_EnableIRQ  stm32f0xx_hal_cortex.o
    0x08000dcc   0x00000008   Code   RO         1259    i.HAL_NVIC_SetPriority  stm32f0xx_hal_cortex.o
    0x08000dd4   0x000000d8   Code   RO         1866    i.HAL_RCCEx_PeriphCLKConfig  stm32f0xx_hal_rcc_ex.o
    0x08000eac   0x0000019c   Code   RO         2309    i.HAL_RCC_ClockConfig  stm32f0xx_hal_rcc.o
    0x08001048   0x00000028   Code   RO         2314    i.HAL_RCC_GetHCLKFreq  stm32f0xx_hal_rcc.o
    0x08001070   0x00000020   Code   RO         2316    i.HAL_RCC_GetPCLK1Freq  stm32f0xx_hal_rcc.o
    0x08001090   0x00000078   Code   RO         2317    i.HAL_RCC_GetSysClockFreq  stm32f0xx_hal_rcc.o
    0x08001108   0x00000388   Code   RO         2320    i.HAL_RCC_OscConfig  stm32f0xx_hal_rcc.o
    0x08001490   0x00000018   Code   RO         1261    i.HAL_SYSTICK_CLKSourceConfig  stm32f0xx_hal_cortex.o
    0x080014a8   0x00000002   Code   RO         1262    i.HAL_SYSTICK_Callback  stm32f0xx_hal_cortex.o
    0x080014aa   0x00000002   PAD
    0x080014ac   0x00000030   Code   RO         1263    i.HAL_SYSTICK_Config  stm32f0xx_hal_cortex.o
    0x080014dc   0x00000008   Code   RO         1264    i.HAL_SYSTICK_IRQHandler  stm32f0xx_hal_cortex.o
    0x080014e4   0x00000002   Code   RO         3334    i.HAL_TIMEx_BreakCallback  stm32f0xx_hal_tim_ex.o
    0x080014e6   0x00000002   Code   RO         3335    i.HAL_TIMEx_CommutationCallback  stm32f0xx_hal_tim_ex.o
    0x080014e8   0x00000048   Code   RO         3351    i.HAL_TIMEx_MasterConfigSynchronization  stm32f0xx_hal_tim_ex.o
    0x08001530   0x00000034   Code   RO         2707    i.HAL_TIM_Base_Init  stm32f0xx_hal_tim.o
    0x08001564   0x0000005c   Code   RO          726    i.HAL_TIM_Base_MspInit  tim.o
    0x080015c0   0x00000016   Code   RO         2712    i.HAL_TIM_Base_Start_IT  stm32f0xx_hal_tim.o
    0x080015d6   0x00000002   Code   RO         2736    i.HAL_TIM_IC_CaptureCallback  stm32f0xx_hal_tim.o
    0x080015d8   0x00000162   Code   RO         2749    i.HAL_TIM_IRQHandler  stm32f0xx_hal_tim.o
    0x0800173a   0x00000002   Code   RO         2752    i.HAL_TIM_OC_DelayElapsedCallback  stm32f0xx_hal_tim.o
    0x0800173c   0x00000002   Code   RO         2779    i.HAL_TIM_PWM_PulseFinishedCallback  stm32f0xx_hal_tim.o
    0x0800173e   0x00000002   PAD
    0x08001740   0x00000024   Code   RO          358    i.HAL_TIM_PeriodElapsedCallback  stm32f0xx_it.o
    0x08001764   0x00000002   Code   RO         2790    i.HAL_TIM_TriggerCallback  stm32f0xx_hal_tim.o
    0x08001766   0x00000002   Code   RO         2410    i.HAL_UARTEx_WakeupCallback  stm32f0xx_hal_uart_ex.o
    0x08001768   0x00000036   Code   RO         2074    i.HAL_UART_DMAStop  stm32f0xx_hal_uart.o
    0x0800179e   0x00000002   Code   RO         2076    i.HAL_UART_ErrorCallback  stm32f0xx_hal_uart.o
    0x080017a0   0x000000e4   Code   RO         2411    i.HAL_UART_IRQHandler  stm32f0xx_hal_uart_ex.o
    0x08001884   0x0000006c   Code   RO         2079    i.HAL_UART_Init     stm32f0xx_hal_uart.o
    0x080018f0   0x000000c0   Code   RO          300    i.HAL_UART_MspInit  usart.o
    0x080019b0   0x000000e0   Code   RO         2082    i.HAL_UART_Receive  stm32f0xx_hal_uart.o
    0x08001a90   0x00000084   Code   RO         2083    i.HAL_UART_Receive_DMA  stm32f0xx_hal_uart.o
    0x08001b14   0x00000018   Code   RO          301    i.HAL_UART_RxCpltCallback  usart.o
    0x08001b2c   0x00000002   Code   RO         2086    i.HAL_UART_RxHalfCpltCallback  stm32f0xx_hal_uart.o
    0x08001b2e   0x000000ba   Code   RO         2087    i.HAL_UART_Transmit  stm32f0xx_hal_uart.o
    0x08001be8   0x00000060   Code   RO         2089    i.HAL_UART_Transmit_IT  stm32f0xx_hal_uart.o
    0x08001c48   0x00000018   Code   RO          302    i.HAL_UART_TxCpltCallback  usart.o
    0x08001c60   0x00000054   Code   RO          543    i.Init_sth          finger_operation.o
    0x08001cb4   0x00000020   Code   RO          429    i.LCD_WriteData_16Bit  lcd.o
    0x08001cd4   0x0000002e   Code   RO          430    i.Lcd_Clear         lcd.o
    0x08001d02   0x0000002e   Code   RO          431    i.Lcd_Init          lcd.o
    0x08001d30   0x00000056   Code   RO          433    i.Lcd_SetRegion     lcd.o
    0x08001d86   0x00000016   Code   RO          435    i.Lcd_WriteData     lcd.o
    0x08001d9c   0x00000016   Code   RO          436    i.Lcd_WriteIndex    lcd.o
    0x08001db2   0x00000002   PAD
    0x08001db4   0x00000028   Code   RO          705    i.MX_DMA_Init       dma.o
    0x08001ddc   0x0000006c   Code   RO            4    i.MX_GPIO_Init      gpio.o
    0x08001e48   0x0000003c   Code   RO          263    i.MX_I2C1_Init      i2c.o
    0x08001e84   0x00000028   Code   RO          727    i.MX_TIM14_Init     tim.o
    0x08001eac   0x00000034   Code   RO          728    i.MX_TIM6_Init      tim.o
    0x08001ee0   0x00000030   Code   RO          303    i.MX_USART1_UART_Init  usart.o
    0x08001f10   0x00000030   Code   RO          304    i.MX_USART2_UART_Init  usart.o
    0x08001f40   0x00000044   Code   RO         1265    i.NVIC_SetPriority  stm32f0xx_hal_cortex.o
    0x08001f84   0x00000078   Code   RO          544    i.ReadEffectiveTemplate  finger_operation.o
    0x08001ffc   0x00000028   Code   RO          438    i.SPI_WriteData     lcd.o
    0x08002024   0x00000078   Code   RO          547    i.Save_Finger_Form_To_Flash_Position  finger_operation.o
    0x0800209c   0x00000084   Code   RO          548    i.Search_Finger_In_Finlib  finger_operation.o
    0x08002120   0x0000000c   Code   RO          359    i.SysTick_Handler   stm32f0xx_it.o
    0x0800212c   0x00000066   Code   RO          147    i.SystemClock_Config  main.o
    0x08002192   0x00000002   PAD
    0x08002194   0x0000005c   Code   RO         1222    i.SystemInit        system_stm32f0xx.o
    0x080021f0   0x00000010   Code   RO          360    i.TIM14_IRQHandler  stm32f0xx_it.o
    0x08002200   0x00000010   Code   RO          361    i.TIM6_DAC_IRQHandler  stm32f0xx_it.o
    0x08002210   0x0000008c   Code   RO         2791    i.TIM_Base_SetConfig  stm32f0xx_hal_tim.o
    0x0800229c   0x00000024   Code   RO          549    i.TIP_DELATE_ALL    finger_operation.o
    0x080022c0   0x00000014   Code   RO          550    i.TIP_FAILED        finger_operation.o
    0x080022d4   0x00000014   Code   RO          551    i.TIP_SUCCESS       finger_operation.o
    0x080022e8   0x00000024   Code   RO          552    i.TIP_WRITE_FAILED  finger_operation.o
    0x0800230c   0x00000024   Code   RO          553    i.TIP_WRITE_SUCCESS  finger_operation.o
    0x08002330   0x000000ca   Code   RO         2092    i.UART_AdvFeatureConfig  stm32f0xx_hal_uart.o
    0x080023fa   0x00000002   PAD
    0x080023fc   0x0000005c   Code   RO         2093    i.UART_CheckIdleState  stm32f0xx_hal_uart.o
    0x08002458   0x00000022   Code   RO         2094    i.UART_DMAError     stm32f0xx_hal_uart.o
    0x0800247a   0x00000036   Code   RO         2095    i.UART_DMAReceiveCplt  stm32f0xx_hal_uart.o
    0x080024b0   0x0000000a   Code   RO         2096    i.UART_DMARxHalfCplt  stm32f0xx_hal_uart.o
    0x080024ba   0x00000030   Code   RO         2099    i.UART_EndTransmit_IT  stm32f0xx_hal_uart.o
    0x080024ea   0x0000008e   Code   RO         2100    i.UART_Receive_IT   stm32f0xx_hal_uart.o
    0x08002578   0x00000124   Code   RO         2101    i.UART_SetConfig    stm32f0xx_hal_uart.o
    0x0800269c   0x0000006e   Code   RO         2102    i.UART_Transmit_IT  stm32f0xx_hal_uart.o
    0x0800270a   0x000000ae   Code   RO         2103    i.UART_WaitOnFlagUntilTimeout  stm32f0xx_hal_uart.o
    0x080027b8   0x00000030   Code   RO          362    i.USART1_IRQHandler  stm32f0xx_it.o
    0x080027e8   0x00000040   Code   RO          363    i.USART2_IRQHandler  stm32f0xx_it.o
    0x08002828   0x00000098   Code   RO          554    i.Write_Finger      finger_operation.o
    0x080028c0   0x00000028   Code   RO         3798    i.__0sprintf$8      mc_p.l(printf8.o)
    0x080028e8   0x0000000e   Code   RO         3890    i.__scatterload_copy  mc_p.l(handlers.o)
    0x080028f6   0x00000002   Code   RO         3891    i.__scatterload_null  mc_p.l(handlers.o)
    0x080028f8   0x0000000e   Code   RO         3892    i.__scatterload_zeroinit  mc_p.l(handlers.o)
    0x08002906   0x00000002   PAD
    0x08002908   0x00000428   Code   RO         3803    i._printf_core      mc_p.l(printf8.o)
    0x08002d30   0x00000020   Code   RO         3804    i._printf_post_padding  mc_p.l(printf8.o)
    0x08002d50   0x0000002c   Code   RO         3805    i._printf_pre_padding  mc_p.l(printf8.o)
    0x08002d7c   0x0000000a   Code   RO         3807    i._sputc            mc_p.l(printf8.o)
    0x08002d86   0x00000002   PAD
    0x08002d88   0x00000020   Code   RO         1133    i.eMBEnable         mb.o
    0x08002da8   0x00000074   Code   RO          909    i.eMBFuncReadCoils  mbfunccoils.o
    0x08002e1c   0x00000074   Code   RO          936    i.eMBFuncReadDiscreteInputs  mbfuncdisc.o
    0x08002e90   0x0000005a   Code   RO          948    i.eMBFuncReadHoldingRegister  mbfuncholding.o
    0x08002eea   0x0000005e   Code   RO          978    i.eMBFuncReadInputRegister  mbfuncinput.o
    0x08002f48   0x0000009c   Code   RO          949    i.eMBFuncReadWriteMultipleHoldingRegister  mbfuncholding.o
    0x08002fe4   0x00000024   Code   RO          990    i.eMBFuncReportSlaveID  mbfuncother.o
    0x08003008   0x00000056   Code   RO          910    i.eMBFuncWriteCoil  mbfunccoils.o
    0x0800305e   0x00000032   Code   RO          950    i.eMBFuncWriteHoldingRegister  mbfuncholding.o
    0x08003090   0x00000064   Code   RO          911    i.eMBFuncWriteMultipleCoils  mbfunccoils.o
    0x080030f4   0x00000050   Code   RO          951    i.eMBFuncWriteMultipleHoldingRegister  mbfuncholding.o
    0x08003144   0x00000084   Code   RO         1134    i.eMBInit           mb.o
    0x080031c8   0x000000bc   Code   RO         1135    i.eMBPoll           mb.o
    0x08003284   0x0000003c   Code   RO         1051    i.eMBRTUInit        mbrtu.o
    0x080032c0   0x0000004c   Code   RO         1052    i.eMBRTUReceive     mbrtu.o
    0x0800330c   0x0000006c   Code   RO         1053    i.eMBRTUSend        mbrtu.o
    0x08003378   0x0000001c   Code   RO         1054    i.eMBRTUStart       mbrtu.o
    0x08003394   0x00000010   Code   RO         1055    i.eMBRTUStop        mbrtu.o
    0x080033a4   0x00000004   Code   RO          148    i.eMBRegCoilsCB     main.o
    0x080033a8   0x00000004   Code   RO          149    i.eMBRegDiscreteCB  main.o
    0x080033ac   0x00000068   Code   RO          150    i.eMBRegHoldingCB   main.o
    0x08003414   0x00000004   Code   RO          151    i.eMBRegInputCB     main.o
    0x08003418   0x00000078   Code   RO          153    i.main              main.o
    0x08003490   0x00000018   Code   RO         1011    i.prveMBError2Exception  mbutils.o
    0x080034a8   0x0000000c   Code   RO          846    i.prvvTIMERExpiredISR  porttimer.o
    0x080034b4   0x0000000c   Code   RO          795    i.prvvUARTRxISR     portserial.o
    0x080034c0   0x0000000c   Code   RO          796    i.prvvUARTTxReadyISR  portserial.o
    0x080034cc   0x0000002e   Code   RO          440    i.showimage_farsight  lcd.o
    0x080034fa   0x00000002   PAD
    0x080034fc   0x00000030   Code   RO         1035    i.usMBCRC16         mbcrc.o
    0x0800352c   0x00000058   Code   RO          797    i.vMBPortSerialEnable  portserial.o
    0x08003584   0x00000040   Code   RO          847    i.vMBPortTimersDisable  porttimer.o
    0x080035c4   0x00000028   Code   RO          848    i.vMBPortTimersEnable  porttimer.o
    0x080035ec   0x0000001c   Code   RO          767    i.xMBPortEventGet   portevent.o
    0x08003608   0x00000010   Code   RO          768    i.xMBPortEventInit  portevent.o
    0x08003618   0x00000010   Code   RO          769    i.xMBPortEventPost  portevent.o
    0x08003628   0x00000020   Code   RO          798    i.xMBPortSerialGetByte  portserial.o
    0x08003648   0x00000004   Code   RO          799    i.xMBPortSerialInit  portserial.o
    0x0800364c   0x00000020   Code   RO          800    i.xMBPortSerialPutByte  portserial.o
    0x0800366c   0x00000004   Code   RO          849    i.xMBPortTimersInit  porttimer.o
    0x08003670   0x00000074   Code   RO         1056    i.xMBRTUReceiveFSM  mbrtu.o
    0x080036e4   0x00000044   Code   RO         1057    i.xMBRTUTimerT35Expired  mbrtu.o
    0x08003728   0x00000060   Code   RO         1058    i.xMBRTUTransmitFSM  mbrtu.o
    0x08003788   0x00000833   Data   RO          441    .constdata          lcd.o
    0x08003fbb   0x00002300   Data   RO          558    .constdata          finger_operation.o
    0x080062bb   0x00000200   Data   RO         1036    .constdata          mbcrc.o
    0x080064bb   0x00000010   Data   RO         2321    .constdata          stm32f0xx_hal_rcc.o
    0x080064cb   0x00000001   PAD
    0x080064cc   0x00000020   Data   RO         3888    Region$$Table       anon$$obj.o


    Execution Region RW_IRAM1 (Base: 0x20000000, Size: 0x00000a98, Max: 0x00002000, ABSOLUTE)

    Base Addr    Size         Type   Attr      Idx    E Section Name        Object

    0x20000000   0x00000002   Data   RW            5    .data               gpio.o
    0x20000002   0x00000004   Data   RW          157    .data               main.o
    0x20000006   0x00000002   Data   RW          158    .data               main.o
    0x20000008   0x00000002   Data   RW          306    .data               usart.o
    0x2000000a   0x00000001   Data   RW          365    .data               stm32f0xx_it.o
    0x2000000b   0x00000001   PAD
    0x2000000c   0x00000036   Data   RW          559    .data               finger_operation.o
    0x20000042   0x00000002   Data   RW          770    .data               portevent.o
    0x20000044   0x00000002   Data   RW          993    .data               mbfuncother.o
    0x20000046   0x00000002   PAD
    0x20000048   0x0000000c   Data   RW         1060    .data               mbrtu.o
    0x20000054   0x000000ac   Data   RW         1137    .data               mb.o
    0x20000100   0x00000014   Data   RW         1223    .data               system_stm32f0xx.o
    0x20000114   0x00000004   Data   RW         1763    .data               stm32f0xx_hal.o
    0x20000118   0x00000080   Zero   RW          154    .bss                main.o
    0x20000198   0x0000003c   Zero   RW          264    .bss                i2c.o
    0x200001d4   0x00000118   Zero   RW          305    .bss                usart.o
    0x200002ec   0x00000080   Zero   RW          364    .bss                stm32f0xx_it.o
    0x2000036c   0x00000194   Zero   RW          555    .bss                finger_operation.o
    0x20000500   0x00000078   Zero   RW          729    .bss                tim.o
    0x20000578   0x00000020   Zero   RW          992    .bss                mbfuncother.o
    0x20000598   0x00000100   Zero   RW         1059    .bss                mbrtu.o
    0x20000698   0x00000400   Zero   RW         3567    STACK               startup_stm32f051x8.o


==============================================================================

Image component sizes


      Code (inc. data)   RO Data    RW Data    ZI Data      Debug   Object Name

        40          4          0          0          0        714   dma.o
      1672        258       8960         54        404      14751   finger_operation.o
       132         16          0          2          0     208806   gpio.o
       132         26          0          0         60       1497   i2c.o
       712         10       2099          0          0       6333   lcd.o
       338         18          0          6        128      10486   main.o
       352         42          0        172          0       3968   mb.o
         0          0          0          0          0        592   mbascii.o
        48          6        512          0          0       1188   mbcrc.o
       302          8          0          0          0       3426   mbfunccoils.o
       116          6          0          0          0       1456   mbfuncdisc.o
       376          0          0          0          0       4707   mbfuncholding.o
        94          0          0          0          0       1479   mbfuncinput.o
        36         10          0          2         32       1347   mbfuncother.o
       568         50          0         12        256       6031   mbrtu.o
        24          0          0          0          0        604   mbutils.o
        60         14          0          2          0       2048   portevent.o
       180         28          0          0          0       3668   portserial.o
       120         20          0          0          0       1871   porttimer.o
        28          8        188          0       1024        716   startup_stm32f051x8.o
       116         18          0          4          0       3550   stm32f0xx_hal.o
       198         34          0          0          0      10722   stm32f0xx_hal_cortex.o
       744         12          0          0          0       3895   stm32f0xx_hal_dma.o
       364         32          0          0          0       2683   stm32f0xx_hal_gpio.o
       164          6          0          0          0       1711   stm32f0xx_hal_i2c.o
        96          0          0          0          0       1103   stm32f0xx_hal_i2c_ex.o
        36          6          0          0          0        806   stm32f0xx_hal_msp.o
      1508         92         16          0          0       5197   stm32f0xx_hal_rcc.o
       216         12          0          0          0       1340   stm32f0xx_hal_rcc_ex.o
       576         24          0          0          0       6031   stm32f0xx_hal_tim.o
        76          0          0          0          0       2262   stm32f0xx_hal_tim_ex.o
      1962         50          0          0          0      12807   stm32f0xx_hal_uart.o
       230          0          0          0          0       1762   stm32f0xx_hal_uart_ex.o
       224         46          0          1        128       4776   stm32f0xx_it.o
        92         14          0         20          0       1321   system_stm32f0xx.o
       184         40          0          0        120       1977   tim.o
       336         56          0          2        280       3252   usart.o

    ----------------------------------------------------------------------
     12468        966      11808        280       2432     340883   Object Totals
         0          0         32          0          0          0   (incl. Generated)
        16          0          1          3          0          0   (incl. Padding)

    ----------------------------------------------------------------------

      Code (inc. data)   RO Data    RW Data    ZI Data      Debug   Library Member Name

         0          0          0          0          0          0   entry.o
         0          0          0          0          0          0   entry10a.o
         0          0          0          0          0          0   entry11a.o
         8          4          0          0          0          0   entry2.o
         4          0          0          0          0          0   entry5.o
         0          0          0          0          0          0   entry7b.o
         0          0          0          0          0          0   entry8b.o
         8          4          0          0          0          0   entry9a.o
        30          0          0          0          0          0   handlers.o
        36          8          0          0          0         68   init.o
        32          0          0          0          0         68   llshl.o
        34          0          0          0          0         68   llushr.o
        36          0          0          0          0         60   memcpya.o
        36          0          0          0          0        100   memseta.o
      1190         48          0          0          0        384   printf8.o
        44          0          0          0          0         72   uidiv.o
        96          0          0          0          0         84   uldiv.o

    ----------------------------------------------------------------------
      1560         64          0          0          0        904   Library Totals
         6          0          0          0          0          0   (incl. Padding)

    ----------------------------------------------------------------------

      Code (inc. data)   RO Data    RW Data    ZI Data      Debug   Library Name

      1554         64          0          0          0        904   mc_p.l

    ----------------------------------------------------------------------
      1560         64          0          0          0        904   Library Totals

    ----------------------------------------------------------------------

==============================================================================


      Code (inc. data)   RO Data    RW Data    ZI Data      Debug   

     14028       1030      11808        280       2432     334811   Grand Totals
     14028       1030      11808        280       2432     334811   ELF Image Totals
     14028       1030      11808        280          0          0   ROM Totals

==============================================================================

    Total RO  Size (Code + RO Data)                25836 (  25.23kB)
    Total RW  Size (RW Data + ZI Data)              2712 (   2.65kB)
    Total ROM Size (Code + RO Data + RW Data)      26116 (  25.50kB)

==============================================================================

