<html>
<body>
<pre>
<h1>礦ision Build Log</h1>
<h2>Tool Versions:</h2>
IDE-Version: μVision V5.14.1
Copyright (C) 2015 ARM Ltd and ARM Germany GmbH. All rights reserved.
License Information: Cortex-M0, 1, LIC=GMZJJ-UW1CQ-BS4YX-HY33G-W8ZHE-0SFH1
 
Tool Versions:
Toolchain:       MDK-ARM Standard  Version: 5.14.0.0
Toolchain Path:  D:\MDK5.14\ARM\ARMCC\Bin
C Compiler:      Armcc.exe V5.05 update 1 (build 106)
Assembler:       Armasm.exe V5.05 update 1 (build 106)
Linker/Locator:  ArmLink.exe V5.05 update 1 (build 106)
Library Manager: ArmAr.exe V5.05 update 1 (build 106)
Hex Converter:   FromElf.exe V5.05 update 1 (build 106)
CPU DLL:         SARMCM3.DLL V5.14.0.0
Dialog DLL:      DARMCM1.DLL V1.12.0.0
Target DLL:      STLink\ST-LINKIII-KEIL_SWO.dll V2.0.14.0_KEIL
Dialog DLL:      TARMCM1.DLL V1.9.0.0
 
<h2>Project:</h2>
G:\工作\综合实训平台\指纹\Touch_ID_Modbus\Touch_ID_Modbus\MDK-ARM\Touch_ID.uvprojx
Project File Date:  06/29/2016

<h2>Output:</h2>
*** Using Compiler 'V5.05 update 1 (build 106)', folder: 'D:\MDK5.14\ARM\ARMCC\Bin'
Build target 'Touch_ID Configuration'
compiling gpio.c...
compiling stm32f0xx_hal_msp.c...
compiling main.c...
../Inc/FS_FIFO_V1.h(19): warning:  #47-D: incompatible redefinition of macro "NO_FINGER" (declared at line 9 of "../Inc/FPM_Finger.h")
  #define  NO_FINGER            0x0004    //没有检测到指纹
../Src/main.c(242): warning:  #186-D: pointless comparison of unsigned integer with zero
    if( ( usAddress >= REG_HOLDING_START ) \
../Src/main.c: 2 warnings, 0 errors
compiling i2c.c...
compiling usart.c...
compiling stm32f0xx_it.c...
compiling lcd.c...
compiling Finger_Operation.c...
../Inc/FS_FIFO_V1.h(19): warning:  #47-D: incompatible redefinition of macro "NO_FINGER" (declared at line 9 of "../Inc/FPM_Finger.h")
  #define  NO_FINGER            0x0004    //没有检测到指纹
..\Src\Finger_Operation.c: 1 warning, 0 errors
compiling dma.c...
compiling tim.c...
compiling portevent.c...
compiling portserial.c...
..\FreeModbus\port\portserial.c(101): warning:  #167-D: argument of type "CHAR *" is incompatible with parameter of type "uint8_t *"
    if(HAL_UART_Transmit(&huart1,&ucByte,1,100) != HAL_OK)
..\FreeModbus\port\portserial.c: 1 warning, 0 errors
compiling porttimer.c...
compiling mbascii.c...
compiling mbfunccoils.c...
compiling mbfuncdiag.c...
compiling mbfuncdisc.c...
compiling mbfuncholding.c...
compiling mbfuncinput.c...
compiling mbfuncother.c...
compiling mbutils.c...
compiling mbcrc.c...
compiling mbrtu.c...
..\FreeModbus\modbus\rtu\mbrtu.c(157): warning:  #550-D: variable "xFrameReceived" was set but never used
      BOOL            xFrameReceived = FALSE;
..\FreeModbus\modbus\rtu\mbrtu.c: 1 warning, 0 errors
compiling mbtcp.c...
compiling mb.c...
compiling FS_FIFO_V1.c...
compiling system_stm32f0xx.c...
compiling stm32f0xx_hal_cortex.c...
compiling stm32f0xx_hal_pwr.c...
compiling stm32f0xx_hal_i2c.c...
compiling stm32f0xx_hal.c...
compiling stm32f0xx_hal_rcc_ex.c...
compiling stm32f0xx_hal_i2c_ex.c...
compiling stm32f0xx_hal_flash_ex.c...
compiling stm32f0xx_hal_pwr_ex.c...
compiling stm32f0xx_hal_uart.c...
compiling stm32f0xx_hal_rcc.c...
compiling stm32f0xx_hal_uart_ex.c...
compiling stm32f0xx_hal_dma.c...
compiling stm32f0xx_hal_gpio.c...
compiling stm32f0xx_hal_flash.c...
compiling stm32f0xx_hal_tim.c...
compiling stm32f0xx_hal_tim_ex.c...
assembling startup_stm32f051x8.s...
linking...
Program Size: Code=14012 RO-data=11808 RW-data=280 ZI-data=2432  
"Touch_ID Configuration\Touch_ID Configuration.axf" - 0 Error(s), 5 Warning(s).

<h2>Software Packages used:</h2>

Package Vendor: ARM
                http://www.keil.com/pack/ARM.CMSIS.4.2.0.pack
                ARM::CMSIS:CORE:3.40.0
                CMSIS (Cortex Microcontroller Software Interface Standard)
   * Component: CORE Version: 3.40.0

<h2>Collection of Component include folders:</h2>
  G:\工作\综合实训平台\指纹\Touch_ID_Modbus\Touch_ID_Modbus\MDK-ARM\RTE
  D:\MDK5.14\ARM\PACK\ARM\CMSIS\4.2.0\CMSIS\Include
  D:\MDK5.14\ARM\PACK\Keil\STM32F0xx_DFP\1.4.0\Device\Include

<h2>Collection of Component Files used:</h2>

   * Component: ARM::CMSIS:CORE:3.40.0
      Source file:   CMSIS\UserCodeTemplates\ARM\ITM_Retarget.c
</pre>
</body>
</html>
