###############################################################################
#
# IAR ELF Linker V7.20.2.7424/W32 for ARM                 08/Apr/2016  09:13:34
# Copyright 2007-2014 IAR Systems AB.
#
#    Output file  =  
#        E:\WorkPlace\实验柜\sensor_node\Project\light
#        sensor\Exe\testFreeMB_STM32F0.out
#    Map file     =  
#        E:\WorkPlace\实验柜\sensor_node\Project\light
#        sensor\List\testFreeMB_STM32F0.map
#    Command line =  
#        "E:\WorkPlace\实验柜\sensor_node\Project\light sensor\Obj\BH1750.o"
#        "E:\WorkPlace\实验柜\sensor_node\Project\light
#        sensor\Obj\FS_FIFO_V1.o"
#        "E:\WorkPlace\实验柜\sensor_node\Project\light sensor\Obj\main.o"
#        "E:\WorkPlace\实验柜\sensor_node\Project\light sensor\Obj\mb.o"
#        "E:\WorkPlace\实验柜\sensor_node\Project\light sensor\Obj\mbcrc.o"
#        "E:\WorkPlace\实验柜\sensor_node\Project\light
#        sensor\Obj\mbfunccoils.o"
#        "E:\WorkPlace\实验柜\sensor_node\Project\light
#        sensor\Obj\mbfuncdiag.o"
#        "E:\WorkPlace\实验柜\sensor_node\Project\light
#        sensor\Obj\mbfuncdisc.o"
#        "E:\WorkPlace\实验柜\sensor_node\Project\light
#        sensor\Obj\mbfuncholding.o"
#        "E:\WorkPlace\实验柜\sensor_node\Project\light
#        sensor\Obj\mbfuncinput.o"
#        "E:\WorkPlace\实验柜\sensor_node\Project\light
#        sensor\Obj\mbfuncother.o"
#        "E:\WorkPlace\实验柜\sensor_node\Project\light sensor\Obj\mbrtu.o"
#        "E:\WorkPlace\实验柜\sensor_node\Project\light sensor\Obj\mbutils.o"
#        "E:\WorkPlace\实验柜\sensor_node\Project\light sensor\Obj\myiic.o"
#        "E:\WorkPlace\实验柜\sensor_node\Project\light sensor\Obj\portevent.o"
#        "E:\WorkPlace\实验柜\sensor_node\Project\light
#        sensor\Obj\portserial.o"
#        "E:\WorkPlace\实验柜\sensor_node\Project\light sensor\Obj\porttimer.o"
#        "E:\WorkPlace\实验柜\sensor_node\Project\light
#        sensor\Obj\startup_stm32f0xx.o"
#        "E:\WorkPlace\实验柜\sensor_node\Project\light
#        sensor\Obj\stm32f0xx_adc.o"
#        "E:\WorkPlace\实验柜\sensor_node\Project\light
#        sensor\Obj\stm32f0xx_cec.o"
#        "E:\WorkPlace\实验柜\sensor_node\Project\light
#        sensor\Obj\stm32f0xx_comp.o"
#        "E:\WorkPlace\实验柜\sensor_node\Project\light
#        sensor\Obj\stm32f0xx_crc.o"
#        "E:\WorkPlace\实验柜\sensor_node\Project\light
#        sensor\Obj\stm32f0xx_dac.o"
#        "E:\WorkPlace\实验柜\sensor_node\Project\light
#        sensor\Obj\stm32f0xx_dbgmcu.o"
#        "E:\WorkPlace\实验柜\sensor_node\Project\light
#        sensor\Obj\stm32f0xx_dma.o"
#        "E:\WorkPlace\实验柜\sensor_node\Project\light
#        sensor\Obj\stm32f0xx_exti.o"
#        "E:\WorkPlace\实验柜\sensor_node\Project\light
#        sensor\Obj\stm32f0xx_flash.o"
#        "E:\WorkPlace\实验柜\sensor_node\Project\light
#        sensor\Obj\stm32f0xx_gpio.o"
#        "E:\WorkPlace\实验柜\sensor_node\Project\light
#        sensor\Obj\stm32f0xx_i2c.o"
#        "E:\WorkPlace\实验柜\sensor_node\Project\light
#        sensor\Obj\stm32f0xx_it.o"
#        "E:\WorkPlace\实验柜\sensor_node\Project\light
#        sensor\Obj\stm32f0xx_iwdg.o"
#        "E:\WorkPlace\实验柜\sensor_node\Project\light
#        sensor\Obj\stm32f0xx_misc.o"
#        "E:\WorkPlace\实验柜\sensor_node\Project\light
#        sensor\Obj\stm32f0xx_pwr.o"
#        "E:\WorkPlace\实验柜\sensor_node\Project\light
#        sensor\Obj\stm32f0xx_rcc.o"
#        "E:\WorkPlace\实验柜\sensor_node\Project\light
#        sensor\Obj\stm32f0xx_rtc.o"
#        "E:\WorkPlace\实验柜\sensor_node\Project\light
#        sensor\Obj\stm32f0xx_spi.o"
#        "E:\WorkPlace\实验柜\sensor_node\Project\light
#        sensor\Obj\stm32f0xx_syscfg.o"
#        "E:\WorkPlace\实验柜\sensor_node\Project\light
#        sensor\Obj\stm32f0xx_tim.o"
#        "E:\WorkPlace\实验柜\sensor_node\Project\light
#        sensor\Obj\stm32f0xx_usart.o"
#        "E:\WorkPlace\实验柜\sensor_node\Project\light
#        sensor\Obj\stm32f0xx_wwdg.o"
#        "E:\WorkPlace\实验柜\sensor_node\Project\light
#        sensor\Obj\system_stm32f0xx.o" --redirect _Printf=_PrintfFull
#        --redirect _Scanf=_ScanfFull -o
#        "E:\WorkPlace\实验柜\sensor_node\Project\light
#        sensor\Exe\testFreeMB_STM32F0.out" --map
#        "E:\WorkPlace\实验柜\sensor_node\Project\light
#        sensor\List\testFreeMB_STM32F0.map" --config "C:\Program Files
#        (x86)\IAR Systems\Embedded Workbench
#        7.0\arm\config\linker\ST\stm32f051x8.icf" --semihosting --entry
#        __iar_program_start --vfe
#
###############################################################################

*******************************************************************************
*** RUNTIME MODEL ATTRIBUTES
***

CppFlavor       = *
__SystemLibrary = DLib


*******************************************************************************
*** PLACEMENT SUMMARY
***

"A1":  place at 0x08000000 { ro section .intvec };
"P1":  place in [from 0x08000000 to 0x0800ffff] { ro };
"P2":  place in [from 0x20000000 to 0x20001fff] { rw, block CSTACK, block HEAP };

  Section            Kind        Address    Size  Object
  -------            ----        -------    ----  ------
"A1":                                       0xc0
  .intvec            ro code  0x08000000    0xc0  startup_stm32f0xx.o [1]
                            - 0x080000c0    0xc0

"P1":                                     0x1c2c
  .text              ro code  0x080000c0   0x35c  mbrtu.o [1]
  .text              ro code  0x0800041c   0x1b0  portserial.o [1]
  .text              ro code  0x080005cc    0xae  I32DivModFast.o [5]
  .text              ro code  0x0800067a    0x2a  zero_init3.o [5]
  .text              ro code  0x080006a4    0xec  porttimer.o [1]
  .text              ro code  0x08000790    0x24  ABIassert.o [6]
  .text              ro code  0x080007b4   0x22c  mbcrc.o [1]
  .text              ro code  0x080009e0    0x30  portevent.o [1]
  .text              ro code  0x08000a10   0x156  stm32f0xx_usart.o [1]
  .text              ro code  0x08000b66     0x2  startup_stm32f0xx.o [1]
  .text              ro code  0x08000b68   0x108  stm32f0xx_rcc.o [1]
  .text              ro code  0x08000c70    0x8a  stm32f0xx_gpio.o [1]
  .text              ro code  0x08000cfa     0x2  startup_stm32f0xx.o [1]
  .text              ro code  0x08000cfc    0x54  stm32f0xx_misc.o [1]
  .text              ro code  0x08000d50     0x2  IntDivZer.o [5]
  .text              ro code  0x08000d52     0x2  startup_stm32f0xx.o [1]
  .text              ro code  0x08000d54    0xda  stm32f0xx_tim.o [1]
  .text              ro code  0x08000e2e     0xa  abort.o [3]
  .text              ro code  0x08000e38    0x14  exit.o [6]
  .text              ro code  0x08000e4c   0x328  BH1750.o [1]
  .text              ro code  0x08001174   0x1b0  main.o [1]
  .text              ro code  0x08001324    0x32  I32ToFlt.o [4]
  .text              ro code  0x08001356     0x2  startup_stm32f0xx.o [1]
  .text              ro code  0x08001358    0x32  FltToDbl.o [4]
  .text              ro code  0x0800138a    0xc2  DblDiv.o [4]
  .text              ro code  0x0800144c    0x2e  DblToI32.o [4]
  .text              ro code  0x0800147a     0x2  startup_stm32f0xx.o [1]
  .text              ro code  0x0800147c   0x13c  mb.o [1]
  .text              ro code  0x080015b8   0x194  mbfuncholding.o [1]
  .text              ro code  0x0800174c    0x1a  mbutils.o [1]
  .text              ro code  0x08001766     0x2  startup_stm32f0xx.o [1]
  .text              ro code  0x08001768   0x134  mbfunccoils.o [1]
  .text              ro code  0x0800189c    0xec  system_stm32f0xx.o [1]
  .text              ro code  0x08001988    0x74  mbfuncdisc.o [1]
  .text              ro code  0x080019fc    0x62  mbfuncinput.o [1]
  .text              ro code  0x08001a5e     0x2  startup_stm32f0xx.o [1]
  .text              ro code  0x08001a60    0x5c  ABImemcpy.o [5]
  .text              ro code  0x08001abc    0x3a  stm32f0xx_it.o [1]
  .text              ro code  0x08001af6    0x30  copy_init3.o [5]
  .text              ro code  0x08001b26     0x2  startup_stm32f0xx.o [1]
  .text              ro code  0x08001b28    0x28  data_init.o [5]
  .iar.init_table    const    0x08001b50    0x24  - Linker created -
  .text              ro code  0x08001b74    0x20  mbfuncother.o [1]
  .text              ro code  0x08001b94    0x1a  cmain.o [5]
  .text              ro code  0x08001bae     0x4  low_level_init.o [3]
  .text              ro code  0x08001bb2     0x8  exit.o [3]
  .text              ro code  0x08001bba     0x2  startup_stm32f0xx.o [1]
  .text              ro code  0x08001bbc     0xa  cexit.o [5]
  .text              ro code  0x08001bc6     0x2  startup_stm32f0xx.o [1]
  .text              ro code  0x08001bc8    0x10  startup_stm32f0xx.o [1]
  .text              ro code  0x08001bd8     0xc  cstartup_M.o [5]
  .text              ro code  0x08001be4     0x2  startup_stm32f0xx.o [1]
  .text              ro code  0x08001be6     0x2  startup_stm32f0xx.o [1]
  .text              ro code  0x08001be8     0x2  startup_stm32f0xx.o [1]
  .text              ro code  0x08001bea     0x2  startup_stm32f0xx.o [1]
  .text              ro code  0x08001bec     0x2  startup_stm32f0xx.o [1]
  .text              ro code  0x08001bee     0x2  startup_stm32f0xx.o [1]
  .text              ro code  0x08001bf0     0x2  startup_stm32f0xx.o [1]
  .text              ro code  0x08001bf2     0x2  startup_stm32f0xx.o [1]
  .text              ro code  0x08001bf4     0x2  startup_stm32f0xx.o [1]
  .text              ro code  0x08001bf6     0x2  startup_stm32f0xx.o [1]
  .text              ro code  0x08001bf8     0x2  startup_stm32f0xx.o [1]
  .text              ro code  0x08001bfa     0x2  startup_stm32f0xx.o [1]
  .text              ro code  0x08001bfc     0x2  startup_stm32f0xx.o [1]
  .text              ro code  0x08001bfe     0x2  startup_stm32f0xx.o [1]
  .text              ro code  0x08001c00     0x2  startup_stm32f0xx.o [1]
  .rodata            const    0x08001c02     0x0  zero_init3.o [5]
  .rodata            const    0x08001c02     0x0  copy_init3.o [5]
  Initializer bytes  ro data  0x08001c04    0xe8  <for P2 s0>
                            - 0x08001cec  0x1c2c

"P2":                                      0xa40
  P2 s0                       0x20000000    0xe8  <Init block>
    .data            inited   0x20000000    0x80  mb.o [1]
    .data            inited   0x20000080    0x2c  mb.o [1]
    .data            inited   0x200000ac    0x18  main.o [1]
    .data            inited   0x200000c4    0x14  system_stm32f0xx.o [1]
    .data            inited   0x200000d8    0x10  stm32f0xx_rcc.o [1]
  .bss               zero     0x200000e8   0x100  mbrtu.o [1]
  .bss               zero     0x200001e8    0x22  mbfuncother.o [1]
  .bss               zero     0x2000020a     0x2  portevent.o [1]
  .bss               zero     0x2000020c    0x1c  main.o [1]
  .bss               zero     0x20000228     0xc  mbrtu.o [1]
  .bss               zero     0x20000234     0x4  main.o [1]
  .bss               zero     0x20000238     0x4  porttimer.o [1]
  .bss               zero     0x2000023c     0x1  main.o [1]
  CSTACK                      0x20000240   0x800  <Block>
    CSTACK           uninit   0x20000240   0x800  <Block tail>
                            - 0x20000a40   0xa40


*******************************************************************************
*** INIT TABLE
***

          Address     Size
          -------     ----
Zero (__iar_zero_init3)
    1 destination range, total size 0x155:
          0x200000e8  0x155

Copy (__iar_copy_init3)
    1 source range, total size 0xe8:
          0x08001c04   0xe8
    1 destination range, total size 0xe8:
          0x20000000   0xe8



*******************************************************************************
*** MODULE SUMMARY
***

    Module               ro code  ro data  rw data
    ------               -------  -------  -------
E:\WorkPlace\实验柜\sensor_node\Project\light sensor\Obj: [1]
    BH1750.o                 808
    main.o                   432       24       57
    mb.o                     316      172      172
    mbcrc.o                  556
    mbfunccoils.o            308
    mbfuncdisc.o             116
    mbfuncholding.o          404
    mbfuncinput.o             98
    mbfuncother.o             32                34
    mbrtu.o                  860               268
    mbutils.o                 26
    portevent.o               48                 2
    portserial.o             432
    porttimer.o              236                 4
    startup_stm32f0xx.o      258
    stm32f0xx_gpio.o         138
    stm32f0xx_it.o            58
    stm32f0xx_misc.o          84
    stm32f0xx_rcc.o          264       16       16
    stm32f0xx_tim.o          218
    stm32f0xx_usart.o        342
    system_stm32f0xx.o       236       20       20
    ----------------------------------------------
    Total:                 6 270      232      573

command line: [2]
    ----------------------------------------------
    Total:

dl6M_tlf.a: [3]
    abort.o                   10
    exit.o                     8
    low_level_init.o           4
    ----------------------------------------------
    Total:                    22

m6M_tl.a: [4]
    DblDiv.o                 194
    DblToI32.o                46
    FltToDbl.o                50
    I32ToFlt.o                50
    ----------------------------------------------
    Total:                   340

rt6M_tl.a: [5]
    ABImemcpy.o               92
    I32DivModFast.o          174
    IntDivZer.o                2
    cexit.o                   10
    cmain.o                   26
    copy_init3.o              48
    cstartup_M.o              12
    data_init.o               40
    zero_init3.o              42
    ----------------------------------------------
    Total:                   446

shb_l.a: [6]
    ABIassert.o               36
    exit.o                    20
    ----------------------------------------------
    Total:                    56

    Linker created                     38    2 048
--------------------------------------------------
    Grand Total:           7 134      270    2 621


*******************************************************************************
*** ENTRY LIST
***

Entry                      Address   Size  Type      Object
-----                      -------   ----  ----      ------
?main                   0x08001b95         Code  Gb  cmain.o [5]
AHBPrescTable           0x200000c4   0x10  Data  Gb  system_stm32f0xx.o [1]
APBAHBPrescTable        0x200000d8   0x10  Data  Lc  stm32f0xx_rcc.o [1]
BH1750_Init             0x08001099   0x28  Code  Gb  BH1750.o [1]
CSTACK$$Base            0x20000240          --   Gb  - Linker created -
CSTACK$$Limit           0x20000a40          --   Gb  - Linker created -
Delay                   0x080012d3   0x12  Code  Gb  main.o [1]
GPIO_Init               0x08000c71   0x6a  Code  Gb  stm32f0xx_gpio.o [1]
GPIO_PinAFConfig        0x08000cdb   0x20  Code  Gb  stm32f0xx_gpio.o [1]
HardFault_Handler       0x08001abf    0x2  Code  Gb  stm32f0xx_it.o [1]
I2C_Ack                 0x08000ee7   0x26  Code  Gb  BH1750.o [1]
I2C_BufferWrite         0x08001047   0x4a  Code  Gb  BH1750.o [1]
I2C_NoAck               0x08000f0d   0x24  Code  Gb  BH1750.o [1]
I2C_ReceiveByte         0x08000fb5   0x4e  Code  Gb  BH1750.o [1]
I2C_SendByte            0x08000f79   0x3c  Code  Gb  BH1750.o [1]
I2C_Start               0x08000e87   0x34  Code  Gb  BH1750.o [1]
I2C_Stop                0x08000ebb   0x2c  Code  Gb  BH1750.o [1]
I2C_WaitAck             0x08000f39   0x40  Code  Gb  BH1750.o [1]
I2C_delay               0x08000e4d    0xc  Code  Gb  BH1750.o [1]
Multiple_Read_BH1750    0x08001003   0x44  Code  Gb  BH1750.o [1]
NMI_Handler             0x08001abd    0x2  Code  Gb  stm32f0xx_it.o [1]
NVIC_Init               0x08000cfd   0x46  Code  Gb  stm32f0xx_misc.o [1]
PendSV_Handler          0x08001ac3    0x2  Code  Gb  stm32f0xx_it.o [1]
RCC_AHBPeriphClockCmd   0x08000c2b   0x14  Code  Gb  stm32f0xx_rcc.o [1]
RCC_APB1PeriphClockCmd  0x08000c3f   0x14  Code  Gb  stm32f0xx_rcc.o [1]
RCC_Clocks              0x2000020c   0x1c  Data  Gb  main.o [1]
RCC_GetClocksFreq       0x08000b69   0xc2  Code  Gb  stm32f0xx_rcc.o [1]
Region$$Table$$Base     0x08001b50          --   Gb  - Linker created -
Region$$Table$$Limit    0x08001b74          --   Gb  - Linker created -
SVC_Handler             0x08001ac1    0x2  Code  Gb  stm32f0xx_it.o [1]
Set_PIN_Mode            0x08000e59   0x2e  Code  Gb  BH1750.o [1]
SysTick_Handler         0x08001ac5    0x8  Code  Gb  stm32f0xx_it.o [1]
SystemCoreClock         0x200000d4    0x4  Data  Gb  system_stm32f0xx.o [1]
SystemInit              0x0800189d   0xce  Code  Gb  system_stm32f0xx.o [1]
TIM2_IRQHandler         0x08001acd   0x22  Code  Gb  stm32f0xx_it.o [1]
TIM3_IRQHandler         0x08000757   0x26  Code  Gb  porttimer.o [1]
TIM_ARRPreloadConfig    0x08000db1   0x14  Code  Gb  stm32f0xx_tim.o [1]
TIM_ClearITPendingBit   0x08000e29    0x6  Code  Gb  stm32f0xx_tim.o [1]
TIM_Cmd                 0x08000dc5   0x14  Code  Gb  stm32f0xx_tim.o [1]
TIM_GetITStatus         0x08000e13   0x16  Code  Gb  stm32f0xx_tim.o [1]
TIM_ITConfig            0x08000e01   0x12  Code  Gb  stm32f0xx_tim.o [1]
TIM_SetCounter          0x08000dad    0x4  Code  Gb  stm32f0xx_tim.o [1]
TIM_TimeBaseInit        0x08000d55   0x58  Code  Gb  stm32f0xx_tim.o [1]
TimingDelay             0x20000234    0x4  Data  Lc  main.o [1]
TimingDelay_Decrement   0x080012e5   0x10  Code  Gb  main.o [1]
USART1_IRQHandler       0x08001af5    0x2  Code  Gb  stm32f0xx_it.o [1]
USART2_IRQHandler       0x0800051f   0x94  Code  Gb  portserial.o [1]
USART_ClearFlag         0x08000b21    0x4  Code  Gb  stm32f0xx_usart.o [1]
USART_ClearITPendingBit
                        0x08000b5d    0xa  Code  Gb  stm32f0xx_usart.o [1]
USART_Cmd               0x08000aad   0x16  Code  Gb  stm32f0xx_usart.o [1]
USART_GetFlagStatus     0x08000b13    0xe  Code  Gb  stm32f0xx_usart.o [1]
USART_GetITStatus       0x08000b25   0x38  Code  Gb  stm32f0xx_usart.o [1]
USART_ITConfig          0x08000ae9   0x2a  Code  Gb  stm32f0xx_usart.o [1]
USART_Init              0x08000a11   0x9c  Code  Gb  stm32f0xx_usart.o [1]
USART_ReceiveData       0x08000acb    0x8  Code  Gb  stm32f0xx_usart.o [1]
USART_SendData          0x08000ac3    0x8  Code  Gb  stm32f0xx_usart.o [1]
__ICFEDIT_region_RAM_end__ {Abs}
                        0x20001fff          --   Gb  command line/config [2]
__ICFEDIT_region_RAM_start__ {Abs}
                        0x20000000          --   Gb  command line/config [2]
__aeabi_assert          0x08000793   0x1e  Code  Gb  ABIassert.o [6]
__aeabi_d2uiz           0x0800144d         Code  Gb  DblToI32.o [4]
__aeabi_ddiv            0x0800138b         Code  Gb  DblDiv.o [4]
__aeabi_f2d             0x08001359         Code  Gb  FltToDbl.o [4]
__aeabi_i2f             0x08001325         Code  Gb  I32ToFlt.o [4]
__aeabi_idiv0           0x08000d51         Code  Gb  IntDivZer.o [5]
__aeabi_memcpy          0x08001a61         Code  Gb  ABImemcpy.o [5]
__aeabi_uidiv           0x080005cd         Code  Gb  I32DivModFast.o [5]
__aeabi_uidivmod        0x080005cd         Code  Gb  I32DivModFast.o [5]
__as_entries_start      0xffffffff          --   Gb  command line/config [2]
__as_table_start        0xffffffff          --   Gb  command line/config [2]
__cmain                 0x08001b95         Code  Gb  cmain.o [5]
__exit                  0x08000e39   0x14  Code  Gb  exit.o [6]
__iar_EmptyStepPoint    0x08000791    0x2  Code  Gb  ABIassert.o [6]
__iar_copy_init3        0x08001af7   0x30  Code  Gb  copy_init3.o [5]
__iar_d2uiz             0x08001451         Code  Gb  DblToI32.o [4]
__iar_data_init3        0x08001b29   0x28  Code  Gb  data_init.o [5]
__iar_program_start     0x08001bd9         Code  Gb  cstartup_M.o [5]
__iar_ui2f              0x0800133d         Code  Gb  I32ToFlt.o [4]
__iar_zero_init3        0x0800067b   0x2a  Code  Gb  zero_init3.o [5]
__low_level_init        0x08001baf    0x4  Code  Gb  low_level_init.o [3]
__vector_table          0x08000000         Data  Gb  startup_stm32f0xx.o [1]
_call_main              0x08001ba1         Code  Gb  cmain.o [5]
_exit                   0x08001bbd         Code  Gb  cexit.o [5]
_main                   0x08001bab         Code  Gb  cmain.o [5]
abort                   0x08000e2f    0xa  Code  Gb  abort.o [3]
aucCRCHi                0x080007e0  0x100  Data  Lc  mbcrc.o [1]
aucCRCLo                0x080008e0  0x100  Data  Lc  mbcrc.o [1]
board_init              0x08001175   0x42  Code  Gb  main.o [1]
eMBEnable               0x080014d9   0x1c  Code  Gb  mb.o [1]
eMBFuncReadCoils        0x08001769   0x76  Code  Gb  mbfunccoils.o [1]
eMBFuncReadDiscreteInputs
                        0x08001989   0x74  Code  Gb  mbfuncdisc.o [1]
eMBFuncReadHoldingRegister
                        0x0800163b   0x60  Code  Gb  mbfuncholding.o [1]
eMBFuncReadInputRegister
                        0x080019fd   0x62  Code  Gb  mbfuncinput.o [1]
eMBFuncReadWriteMultipleHoldingRegister
                        0x0800169b   0xb2  Code  Gb  mbfuncholding.o [1]
eMBFuncReportSlaveID    0x08001b75   0x1a  Code  Gb  mbfuncother.o [1]
eMBFuncWriteCoil        0x080017df   0x58  Code  Gb  mbfunccoils.o [1]
eMBFuncWriteHoldingRegister
                        0x080015b9   0x32  Code  Gb  mbfuncholding.o [1]
eMBFuncWriteMultipleCoils
                        0x08001837   0x62  Code  Gb  mbfunccoils.o [1]
eMBFuncWriteMultipleHoldingRegister
                        0x080015eb   0x50  Code  Gb  mbfuncholding.o [1]
eMBInit                 0x0800147d   0x5c  Code  Gb  mb.o [1]
eMBPoll                 0x080014f5   0x9e  Code  Gb  mb.o [1]
eMBRTUInit              0x080000c1   0x36  Code  Gb  mbrtu.o [1]
eMBRTUReceive           0x0800011d   0x50  Code  Gb  mbrtu.o [1]
eMBRTUSend              0x0800016d   0x60  Code  Gb  mbrtu.o [1]
eMBRTUStart             0x080000f7   0x16  Code  Gb  mbrtu.o [1]
eMBRTUStop              0x0800010d   0x10  Code  Gb  mbrtu.o [1]
eMBRegCoilsCB           0x080012cb    0x4  Code  Gb  main.o [1]
eMBRegDiscreteCB        0x080012cf    0x4  Code  Gb  main.o [1]
eMBRegHoldingCB         0x080011e9   0x78  Code  Gb  main.o [1]
eMBRegInputCB           0x080012c7    0x4  Code  Gb  main.o [1]
eMBState                0x20000081    0x1  Data  Lc  mb.o [1]
eQueuedEvent            0x2000020a    0x1  Data  Lc  portevent.o [1]
eRcvState               0x20000229    0x1  Data  Lc  mbrtu.o [1]
eSndState               0x20000228    0x1  Data  Lc  mbrtu.o [1]
exit                    0x08001bb3    0x8  Code  Gb  exit.o [3]
get_data_flag           0x2000023c    0x1  Data  Gb  main.o [1]
get_sensor_data         0x0800110d   0x56  Code  Gb  BH1750.o [1]
main                    0x080011b7   0x32  Code  Gb  main.o [1]
peMBFrameReceiveCur     0x20000094    0x4  Data  Lc  mb.o [1]
peMBFrameSendCur        0x20000088    0x4  Data  Lc  mb.o [1]
prveMBError2Exception   0x0800174d   0x1a  Code  Gb  mbutils.o [1]
pucSndBufferCur         0x20000230    0x4  Data  Lc  mbrtu.o [1]
pvMBFrameCloseCur       0x20000098    0x4  Data  Lc  mb.o [1]
pvMBFrameStartCur       0x2000008c    0x4  Data  Lc  mb.o [1]
pvMBFrameStopCur        0x20000090    0x4  Data  Lc  mb.o [1]
pxMBFrameCBByteReceived
                        0x2000009c    0x4  Data  Gb  mb.o [1]
pxMBFrameCBTransmitterEmpty
                        0x200000a0    0x4  Data  Gb  mb.o [1]
pxMBPortCBTimerExpired  0x200000a4    0x4  Data  Gb  mb.o [1]
sensor_init             0x080010c1   0x42  Code  Gb  BH1750.o [1]
tim3_cnt                0x20000238    0x4  Data  Lc  porttimer.o [1]
timer2_init             0x08001261   0x66  Code  Gb  main.o [1]
ucMBAddress             0x20000080    0x1  Data  Lc  mb.o [1]
ucMBSlaveID             0x200001e8   0x20  Data  Lc  mbfuncother.o [1]
ucRTUBuf                0x200000e8  0x100  Data  Gb  mbrtu.o [1]
usMBCRC16               0x080007b5   0x2a  Code  Gb  mbcrc.o [1]
usMBSlaveIDLen          0x20000208    0x2  Data  Lc  mbfuncother.o [1]
usRcvBufferPos          0x2000022c    0x2  Data  Lc  mbrtu.o [1]
usRegHoldingBuf         0x200000b0   0x14  Data  Gb  main.o [1]
usRegHoldingStart       0x200000ac    0x2  Data  Gb  main.o [1]
usSndBufferCount        0x2000022a    0x2  Data  Lc  mbrtu.o [1]
vMBPortSerialEnable     0x0800041d   0x2c  Code  Gb  portserial.o [1]
vMBPortTimersDisable    0x0800072f   0x20  Code  Gb  porttimer.o [1]
vMBPortTimersEnable     0x0800070d   0x22  Code  Gb  porttimer.o [1]
xEventInQueue           0x2000020b    0x1  Data  Lc  portevent.o [1]
xFuncHandlers           0x20000000   0x80  Data  Lc  mb.o [1]
xMBPortEventGet         0x080009f7   0x16  Code  Gb  portevent.o [1]
xMBPortEventInit        0x080009e1    0xa  Code  Gb  portevent.o [1]
xMBPortEventPost        0x080009eb    0xc  Code  Gb  portevent.o [1]
xMBPortSerialGetByte    0x0800050f   0x10  Code  Gb  portserial.o [1]
xMBPortSerialInit       0x08000449   0xb8  Code  Gb  portserial.o [1]
xMBPortSerialPutByte    0x08000501    0xe  Code  Gb  portserial.o [1]
xMBPortTimersInit       0x080006a5   0x68  Code  Gb  porttimer.o [1]
xMBRTUReceiveFSM        0x080001cd   0x72  Code  Gb  mbrtu.o [1]
xMBRTUTimerT35Expired   0x080002ad   0x52  Code  Gb  mbrtu.o [1]
xMBRTUTransmitFSM       0x08000241   0x6a  Code  Gb  mbrtu.o [1]


[1] = E:\WorkPlace\实验柜\sensor_node\Project\light sensor\Obj
[2] = command line
[3] = dl6M_tlf.a
[4] = m6M_tl.a
[5] = rt6M_tl.a
[6] = shb_l.a

  7 134 bytes of readonly  code memory
    270 bytes of readonly  data memory
  2 621 bytes of readwrite data memory

Errors: none
Warnings: none
