###############################################################################
#
# IAR ELF Linker V7.20.2.7424/W32 for ARM                 29/Jun/2016  15:06:34
# Copyright 2007-2014 IAR Systems AB.
#
#    Output file  =  
#        G:\工作\综合实训平台\电表&门禁\door_lock_node\sensor_node\Project\modbus
#        sensor frame\Exe\testFreeMB_STM32F0.out
#    Map file     =  
#        G:\工作\综合实训平台\电表&门禁\door_lock_node\sensor_node\Project\modbus
#        sensor frame\List\testFreeMB_STM32F0.map
#    Command line =  
#        "G:\工作\综合实训平台\电表&门禁\door_lock_node\sensor_node\Project\modbus
#        sensor frame\Obj\FS_FIFO_V1.o"
#        "G:\工作\综合实训平台\电表&门禁\door_lock_node\sensor_node\Project\modbus
#        sensor frame\Obj\main.o"
#        "G:\工作\综合实训平台\电表&门禁\door_lock_node\sensor_node\Project\modbus
#        sensor frame\Obj\mb.o"
#        "G:\工作\综合实训平台\电表&门禁\door_lock_node\sensor_node\Project\modbus
#        sensor frame\Obj\mbcrc.o"
#        "G:\工作\综合实训平台\电表&门禁\door_lock_node\sensor_node\Project\modbus
#        sensor frame\Obj\mbfunccoils.o"
#        "G:\工作\综合实训平台\电表&门禁\door_lock_node\sensor_node\Project\modbus
#        sensor frame\Obj\mbfuncdiag.o"
#        "G:\工作\综合实训平台\电表&门禁\door_lock_node\sensor_node\Project\modbus
#        sensor frame\Obj\mbfuncdisc.o"
#        "G:\工作\综合实训平台\电表&门禁\door_lock_node\sensor_node\Project\modbus
#        sensor frame\Obj\mbfuncholding.o"
#        "G:\工作\综合实训平台\电表&门禁\door_lock_node\sensor_node\Project\modbus
#        sensor frame\Obj\mbfuncinput.o"
#        "G:\工作\综合实训平台\电表&门禁\door_lock_node\sensor_node\Project\modbus
#        sensor frame\Obj\mbfuncother.o"
#        "G:\工作\综合实训平台\电表&门禁\door_lock_node\sensor_node\Project\modbus
#        sensor frame\Obj\mbrtu.o"
#        "G:\工作\综合实训平台\电表&门禁\door_lock_node\sensor_node\Project\modbus
#        sensor frame\Obj\mbutils.o"
#        "G:\工作\综合实训平台\电表&门禁\door_lock_node\sensor_node\Project\modbus
#        sensor frame\Obj\myiic.o"
#        "G:\工作\综合实训平台\电表&门禁\door_lock_node\sensor_node\Project\modbus
#        sensor frame\Obj\portevent.o"
#        "G:\工作\综合实训平台\电表&门禁\door_lock_node\sensor_node\Project\modbus
#        sensor frame\Obj\portserial.o"
#        "G:\工作\综合实训平台\电表&门禁\door_lock_node\sensor_node\Project\modbus
#        sensor frame\Obj\porttimer.o"
#        "G:\工作\综合实训平台\电表&门禁\door_lock_node\sensor_node\Project\modbus
#        sensor frame\Obj\startup_stm32f0xx.o"
#        "G:\工作\综合实训平台\电表&门禁\door_lock_node\sensor_node\Project\modbus
#        sensor frame\Obj\stm32f0xx_adc.o"
#        "G:\工作\综合实训平台\电表&门禁\door_lock_node\sensor_node\Project\modbus
#        sensor frame\Obj\stm32f0xx_cec.o"
#        "G:\工作\综合实训平台\电表&门禁\door_lock_node\sensor_node\Project\modbus
#        sensor frame\Obj\stm32f0xx_comp.o"
#        "G:\工作\综合实训平台\电表&门禁\door_lock_node\sensor_node\Project\modbus
#        sensor frame\Obj\stm32f0xx_crc.o"
#        "G:\工作\综合实训平台\电表&门禁\door_lock_node\sensor_node\Project\modbus
#        sensor frame\Obj\stm32f0xx_dac.o"
#        "G:\工作\综合实训平台\电表&门禁\door_lock_node\sensor_node\Project\modbus
#        sensor frame\Obj\stm32f0xx_dbgmcu.o"
#        "G:\工作\综合实训平台\电表&门禁\door_lock_node\sensor_node\Project\modbus
#        sensor frame\Obj\stm32f0xx_dma.o"
#        "G:\工作\综合实训平台\电表&门禁\door_lock_node\sensor_node\Project\modbus
#        sensor frame\Obj\stm32f0xx_exti.o"
#        "G:\工作\综合实训平台\电表&门禁\door_lock_node\sensor_node\Project\modbus
#        sensor frame\Obj\stm32f0xx_flash.o"
#        "G:\工作\综合实训平台\电表&门禁\door_lock_node\sensor_node\Project\modbus
#        sensor frame\Obj\stm32f0xx_gpio.o"
#        "G:\工作\综合实训平台\电表&门禁\door_lock_node\sensor_node\Project\modbus
#        sensor frame\Obj\stm32f0xx_i2c.o"
#        "G:\工作\综合实训平台\电表&门禁\door_lock_node\sensor_node\Project\modbus
#        sensor frame\Obj\stm32f0xx_it.o"
#        "G:\工作\综合实训平台\电表&门禁\door_lock_node\sensor_node\Project\modbus
#        sensor frame\Obj\stm32f0xx_iwdg.o"
#        "G:\工作\综合实训平台\电表&门禁\door_lock_node\sensor_node\Project\modbus
#        sensor frame\Obj\stm32f0xx_misc.o"
#        "G:\工作\综合实训平台\电表&门禁\door_lock_node\sensor_node\Project\modbus
#        sensor frame\Obj\stm32f0xx_pwr.o"
#        "G:\工作\综合实训平台\电表&门禁\door_lock_node\sensor_node\Project\modbus
#        sensor frame\Obj\stm32f0xx_rcc.o"
#        "G:\工作\综合实训平台\电表&门禁\door_lock_node\sensor_node\Project\modbus
#        sensor frame\Obj\stm32f0xx_rtc.o"
#        "G:\工作\综合实训平台\电表&门禁\door_lock_node\sensor_node\Project\modbus
#        sensor frame\Obj\stm32f0xx_spi.o"
#        "G:\工作\综合实训平台\电表&门禁\door_lock_node\sensor_node\Project\modbus
#        sensor frame\Obj\stm32f0xx_syscfg.o"
#        "G:\工作\综合实训平台\电表&门禁\door_lock_node\sensor_node\Project\modbus
#        sensor frame\Obj\stm32f0xx_tim.o"
#        "G:\工作\综合实训平台\电表&门禁\door_lock_node\sensor_node\Project\modbus
#        sensor frame\Obj\stm32f0xx_usart.o"
#        "G:\工作\综合实训平台\电表&门禁\door_lock_node\sensor_node\Project\modbus
#        sensor frame\Obj\stm32f0xx_wwdg.o"
#        "G:\工作\综合实训平台\电表&门禁\door_lock_node\sensor_node\Project\modbus
#        sensor frame\Obj\system_stm32f0xx.o" --redirect _Printf=_PrintfFull
#        --redirect _Scanf=_ScanfFull -o
#        "G:\工作\综合实训平台\电表&门禁\door_lock_node\sensor_node\Project\modbus
#        sensor frame\Exe\testFreeMB_STM32F0.out" --map
#        "G:\工作\综合实训平台\电表&门禁\door_lock_node\sensor_node\Project\modbus
#        sensor frame\List\testFreeMB_STM32F0.map" --config
#        D:\IAR\arm\config\linker\ST\stm32f051x8.icf --semihosting --entry
#        __iar_program_start --vfe
#
###############################################################################

*******************************************************************************
*** RUNTIME MODEL ATTRIBUTES
***

CppFlavor       = *
__SystemLibrary = DLib


*******************************************************************************
*** PLACEMENT SUMMARY
***

"A1":  place at 0x08000000 { ro section .intvec };
"P1":  place in [from 0x08000000 to 0x0800ffff] { ro };
"P2":  place in [from 0x20000000 to 0x20001fff] { rw, block CSTACK, block HEAP };

  Section            Kind        Address    Size  Object
  -------            ----        -------    ----  ------
"A1":                                       0xc0
  .intvec            ro code  0x08000000    0xc0  startup_stm32f0xx.o [1]
                            - 0x080000c0    0xc0

"P1":                                     0x1a44
  .text              ro code  0x080000c0   0x374  mbrtu.o [1]
  .text              ro code  0x08000434   0x1a8  portserial.o [1]
  .text              ro code  0x080005dc    0xae  I32DivModFast.o [4]
  .text              ro code  0x0800068a    0x2a  zero_init3.o [4]
  .text              ro code  0x080006b4    0xec  porttimer.o [1]
  .text              ro code  0x080007a0    0x24  ABIassert.o [5]
  .text              ro code  0x080007c4   0x22c  mbcrc.o [1]
  .text              ro code  0x080009f0    0x30  portevent.o [1]
  .text              ro code  0x08000a20   0x156  stm32f0xx_usart.o [1]
  .text              ro code  0x08000b76     0x2  startup_stm32f0xx.o [1]
  .text              ro code  0x08000b78   0x120  stm32f0xx_rcc.o [1]
  .text              ro code  0x08000c98    0x8a  stm32f0xx_gpio.o [1]
  .text              ro code  0x08000d22     0x2  startup_stm32f0xx.o [1]
  .text              ro code  0x08000d24    0x54  stm32f0xx_misc.o [1]
  .text              ro code  0x08000d78     0x2  IntDivZer.o [4]
  .text              ro code  0x08000d7a     0x2  startup_stm32f0xx.o [1]
  .text              ro code  0x08000d7c    0xda  stm32f0xx_tim.o [1]
  .text              ro code  0x08000e56     0xa  abort.o [3]
  .text              ro code  0x08000e60    0x14  exit.o [5]
  .text              ro code  0x08000e74   0x324  main.o [1]
  .text              ro code  0x08001198    0x46  FS_FIFO_V1.o [1]
  .text              ro code  0x080011de     0x2  startup_stm32f0xx.o [1]
  .text              ro code  0x080011e0   0x13c  mb.o [1]
  .text              ro code  0x0800131c    0x4c  ABImemset.o [4]
  .text              ro code  0x08001368   0x194  mbfuncholding.o [1]
  .text              ro code  0x080014fc    0x1a  mbutils.o [1]
  .text              ro code  0x08001516     0x2  startup_stm32f0xx.o [1]
  .text              ro code  0x08001518   0x134  mbfunccoils.o [1]
  .text              ro code  0x0800164c    0xec  system_stm32f0xx.o [1]
  .text              ro code  0x08001738    0x84  stm32f0xx_it.o [1]
  .text              ro code  0x080017bc    0x74  mbfuncdisc.o [1]
  .text              ro code  0x08001830    0x62  mbfuncinput.o [1]
  .text              ro code  0x08001892     0x2  startup_stm32f0xx.o [1]
  .text              ro code  0x08001894    0x5c  ABImemcpy.o [4]
  .text              ro code  0x080018f0    0x30  copy_init3.o [4]
  .text              ro code  0x08001920    0x28  data_init.o [4]
  .iar.init_table    const    0x08001948    0x24  - Linker created -
  .text              ro code  0x0800196c    0x20  mbfuncother.o [1]
  .text              ro code  0x0800198c    0x1a  cmain.o [4]
  .text              ro code  0x080019a6     0x4  low_level_init.o [3]
  .text              ro code  0x080019aa     0x8  exit.o [3]
  .text              ro code  0x080019b2     0x2  startup_stm32f0xx.o [1]
  .text              ro code  0x080019b4     0xa  cexit.o [4]
  .text              ro code  0x080019be     0x2  startup_stm32f0xx.o [1]
  .text              ro code  0x080019c0    0x10  startup_stm32f0xx.o [1]
  .text              ro code  0x080019d0     0xc  cstartup_M.o [4]
  .text              ro code  0x080019dc     0x2  startup_stm32f0xx.o [1]
  .text              ro code  0x080019de     0x2  startup_stm32f0xx.o [1]
  .text              ro code  0x080019e0     0x2  startup_stm32f0xx.o [1]
  .text              ro code  0x080019e2     0x2  startup_stm32f0xx.o [1]
  .text              ro code  0x080019e4     0x2  startup_stm32f0xx.o [1]
  .text              ro code  0x080019e6     0x2  startup_stm32f0xx.o [1]
  .text              ro code  0x080019e8     0x2  startup_stm32f0xx.o [1]
  .text              ro code  0x080019ea     0x2  startup_stm32f0xx.o [1]
  .text              ro code  0x080019ec     0x2  startup_stm32f0xx.o [1]
  .text              ro code  0x080019ee     0x2  startup_stm32f0xx.o [1]
  .text              ro code  0x080019f0     0x2  startup_stm32f0xx.o [1]
  .text              ro code  0x080019f2     0x2  startup_stm32f0xx.o [1]
  .text              ro code  0x080019f4     0x2  startup_stm32f0xx.o [1]
  .text              ro code  0x080019f6     0x2  startup_stm32f0xx.o [1]
  .text              ro code  0x080019f8     0x2  startup_stm32f0xx.o [1]
  .text              ro code  0x080019fa     0x2  startup_stm32f0xx.o [1]
  .text              ro code  0x080019fc     0x2  startup_stm32f0xx.o [1]
  .rodata            const    0x080019fe     0x0  zero_init3.o [4]
  .rodata            const    0x080019fe     0x0  copy_init3.o [4]
  Initializer bytes  ro data  0x08001a00   0x104  <for P2 s0>
                            - 0x08001b04  0x1a44

"P2":                                      0xaa0
  P2 s0                       0x20000000   0x104  <Init block>
    .data            inited   0x20000000    0x80  mb.o [1]
    .data            inited   0x20000080    0x34  main.o [1]
    .data            inited   0x200000b4    0x2c  mb.o [1]
    .data            inited   0x200000e0    0x14  system_stm32f0xx.o [1]
    .data            inited   0x200000f4    0x10  stm32f0xx_rcc.o [1]
  .bss               zero     0x20000104   0x100  mbrtu.o [1]
  .bss               zero     0x20000204    0x45  main.o [1]
  .bss               zero     0x20000249     0x2  portevent.o [1]
  .bss               zero     0x2000024c    0x22  mbfuncother.o [1]
  .bss               zero     0x20000270    0x1c  main.o [1]
  .bss               zero     0x2000028c     0xc  mbrtu.o [1]
  .bss               zero     0x20000298     0x4  main.o [1]
  .bss               zero     0x2000029c     0x4  porttimer.o [1]
  CSTACK                      0x200002a0   0x800  <Block>
    CSTACK           uninit   0x200002a0   0x800  <Block tail>
                            - 0x20000aa0   0xaa0


*******************************************************************************
*** INIT TABLE
***

          Address     Size
          -------     ----
Zero (__iar_zero_init3)
    1 destination range, total size 0x19c:
          0x20000104  0x19c

Copy (__iar_copy_init3)
    1 source range, total size 0x104:
          0x08001a00  0x104
    1 destination range, total size 0x104:
          0x20000000  0x104



*******************************************************************************
*** MODULE SUMMARY
***

    Module               ro code  ro data  rw data
    ------               -------  -------  -------
G:\工作\综合实训平台\电表&门禁\door_lock_node\sensor_node\Project\modbus sensor frame\Obj: [1]
    FS_FIFO_V1.o              70
    main.o                   804       52      153
    mb.o                     316      172      172
    mbcrc.o                  556
    mbfunccoils.o            308
    mbfuncdisc.o             116
    mbfuncholding.o          404
    mbfuncinput.o             98
    mbfuncother.o             32                34
    mbrtu.o                  884               268
    mbutils.o                 26
    portevent.o               48                 2
    portserial.o             424
    porttimer.o              236                 4
    startup_stm32f0xx.o      258
    stm32f0xx_gpio.o         138
    stm32f0xx_it.o           132
    stm32f0xx_misc.o          84
    stm32f0xx_rcc.o          288       16       16
    stm32f0xx_tim.o          218
    stm32f0xx_usart.o        342
    system_stm32f0xx.o       236       20       20
    ----------------------------------------------
    Total:                 6 018      260      669

command line: [2]
    ----------------------------------------------
    Total:

dl6M_tlf.a: [3]
    abort.o                   10
    exit.o                     8
    low_level_init.o           4
    ----------------------------------------------
    Total:                    22

rt6M_tl.a: [4]
    ABImemcpy.o               92
    ABImemset.o               76
    I32DivModFast.o          174
    IntDivZer.o                2
    cexit.o                   10
    cmain.o                   26
    copy_init3.o              48
    cstartup_M.o              12
    data_init.o               40
    zero_init3.o              42
    ----------------------------------------------
    Total:                   522

shb_l.a: [5]
    ABIassert.o               36
    exit.o                    20
    ----------------------------------------------
    Total:                    56

    Gaps                                         3
    Linker created                     38    2 048
--------------------------------------------------
    Grand Total:           6 618      298    2 720


*******************************************************************************
*** ENTRY LIST
***

Entry                      Address   Size  Type      Object
-----                      -------   ----  ----      ------
?main                   0x0800198d         Code  Gb  cmain.o [4]
AHBPrescTable           0x200000e0   0x10  Data  Gb  system_stm32f0xx.o [1]
APBAHBPrescTable        0x200000f4   0x10  Data  Lc  stm32f0xx_rcc.o [1]
CSTACK$$Base            0x200002a0          --   Gb  - Linker created -
CSTACK$$Limit           0x20000aa0          --   Gb  - Linker created -
GPIO_Init               0x08000c99   0x6a  Code  Gb  stm32f0xx_gpio.o [1]
GPIO_PinAFConfig        0x08000d03   0x20  Code  Gb  stm32f0xx_gpio.o [1]
HardFault_Handler       0x0800173b    0x2  Code  Gb  stm32f0xx_it.o [1]
Lock_Command_To_Search  0x20000090   0x24  Data  Gb  main.o [1]
NMI_Handler             0x08001739    0x2  Code  Gb  stm32f0xx_it.o [1]
NVIC_Init               0x08000d25   0x46  Code  Gb  stm32f0xx_misc.o [1]
PendSV_Handler          0x0800173f    0x2  Code  Gb  stm32f0xx_it.o [1]
QueueIn                 0x080011ad   0x32  Code  Gb  FS_FIFO_V1.o [1]
QueueInit               0x08001199   0x14  Code  Gb  FS_FIFO_V1.o [1]
RCC_AHBPeriphClockCmd   0x08000c3b   0x14  Code  Gb  stm32f0xx_rcc.o [1]
RCC_APB1PeriphClockCmd  0x08000c63   0x14  Code  Gb  stm32f0xx_rcc.o [1]
RCC_APB2PeriphClockCmd  0x08000c4f   0x14  Code  Gb  stm32f0xx_rcc.o [1]
RCC_Clocks              0x20000270   0x1c  Data  Gb  main.o [1]
RCC_GetClocksFreq       0x08000b79   0xc2  Code  Gb  stm32f0xx_rcc.o [1]
Region$$Table$$Base     0x08001948          --   Gb  - Linker created -
Region$$Table$$Limit    0x0800196c          --   Gb  - Linker created -
SVC_Handler             0x0800173d    0x2  Code  Gb  stm32f0xx_it.o [1]
SysTick_Handler         0x08001741    0x8  Code  Gb  stm32f0xx_it.o [1]
SystemCoreClock         0x200000f0    0x4  Data  Gb  system_stm32f0xx.o [1]
SystemInit              0x0800164d   0xce  Code  Gb  system_stm32f0xx.o [1]
TIM2_IRQHandler         0x08001749   0x22  Code  Gb  stm32f0xx_it.o [1]
TIM3_IRQHandler         0x08000767   0x26  Code  Gb  porttimer.o [1]
TIM_ARRPreloadConfig    0x08000dd9   0x14  Code  Gb  stm32f0xx_tim.o [1]
TIM_ClearITPendingBit   0x08000e51    0x6  Code  Gb  stm32f0xx_tim.o [1]
TIM_Cmd                 0x08000ded   0x14  Code  Gb  stm32f0xx_tim.o [1]
TIM_GetITStatus         0x08000e3b   0x16  Code  Gb  stm32f0xx_tim.o [1]
TIM_ITConfig            0x08000e29   0x12  Code  Gb  stm32f0xx_tim.o [1]
TIM_SetCounter          0x08000dd5    0x4  Code  Gb  stm32f0xx_tim.o [1]
TIM_TimeBaseInit        0x08000d7d   0x58  Code  Gb  stm32f0xx_tim.o [1]
TimingDelay             0x20000298    0x4  Data  Lc  main.o [1]
TimingDelay_Decrement   0x08001169   0x10  Code  Gb  main.o [1]
USART1_IRQHandler       0x0800052f   0x94  Code  Gb  portserial.o [1]
USART2_IRQHandler       0x0800176b   0x42  Code  Gb  stm32f0xx_it.o [1]
USART_ClearFlag         0x08000b31    0x4  Code  Gb  stm32f0xx_usart.o [1]
USART_ClearITPendingBit
                        0x08000b6d    0xa  Code  Gb  stm32f0xx_usart.o [1]
USART_Cmd               0x08000abd   0x16  Code  Gb  stm32f0xx_usart.o [1]
USART_GetFlagStatus     0x08000b23    0xe  Code  Gb  stm32f0xx_usart.o [1]
USART_GetITStatus       0x08000b35   0x38  Code  Gb  stm32f0xx_usart.o [1]
USART_ITConfig          0x08000af9   0x2a  Code  Gb  stm32f0xx_usart.o [1]
USART_Init              0x08000a21   0x9c  Code  Gb  stm32f0xx_usart.o [1]
USART_ReceiveData       0x08000adb    0x8  Code  Gb  stm32f0xx_usart.o [1]
USART_SendData          0x08000ad3    0x8  Code  Gb  stm32f0xx_usart.o [1]
Usart_Init              0x0800101f   0xc2  Code  Gb  main.o [1]
__ICFEDIT_region_RAM_end__ {Abs}
                        0x20001fff          --   Gb  command line/config [2]
__ICFEDIT_region_RAM_start__ {Abs}
                        0x20000000          --   Gb  command line/config [2]
__aeabi_assert          0x080007a3   0x1e  Code  Gb  ABIassert.o [5]
__aeabi_idiv0           0x08000d79         Code  Gb  IntDivZer.o [4]
__aeabi_memclr          0x08001361         Code  Gb  ABImemset.o [4]
__aeabi_memcpy          0x08001895         Code  Gb  ABImemcpy.o [4]
__aeabi_uidiv           0x080005dd         Code  Gb  I32DivModFast.o [4]
__aeabi_uidivmod        0x080005dd         Code  Gb  I32DivModFast.o [4]
__as_entries_start      0xffffffff          --   Gb  command line/config [2]
__as_table_start        0xffffffff          --   Gb  command line/config [2]
__cmain                 0x0800198d         Code  Gb  cmain.o [4]
__exit                  0x08000e61   0x14  Code  Gb  exit.o [5]
__iar_EmptyStepPoint    0x080007a1    0x2  Code  Gb  ABIassert.o [5]
__iar_Memset4_word      0x08001331         Code  Gb  ABImemset.o [4]
__iar_Memset_word       0x0800131d         Code  Gb  ABImemset.o [4]
__iar_copy_init3        0x080018f1   0x30  Code  Gb  copy_init3.o [4]
__iar_data_init3        0x08001921   0x28  Code  Gb  data_init.o [4]
__iar_program_start     0x080019d1         Code  Gb  cstartup_M.o [4]
__iar_zero_init3        0x0800068b   0x2a  Code  Gb  zero_init3.o [4]
__low_level_init        0x080019a7    0x4  Code  Gb  low_level_init.o [3]
__vector_table          0x08000000         Data  Gb  startup_stm32f0xx.o [1]
_call_main              0x08001999         Code  Gb  cmain.o [4]
_exit                   0x080019b5         Code  Gb  cexit.o [4]
_main                   0x080019a3         Code  Gb  cmain.o [4]
abort                   0x08000e57    0xa  Code  Gb  abort.o [3]
aucCRCHi                0x080007f0  0x100  Data  Lc  mbcrc.o [1]
aucCRCLo                0x080008f0  0x100  Data  Lc  mbcrc.o [1]
board_init              0x08000ea5   0x56  Code  Gb  main.o [1]
eMBEnable               0x0800123d   0x1c  Code  Gb  mb.o [1]
eMBFuncReadCoils        0x08001519   0x76  Code  Gb  mbfunccoils.o [1]
eMBFuncReadDiscreteInputs
                        0x080017bd   0x74  Code  Gb  mbfuncdisc.o [1]
eMBFuncReadHoldingRegister
                        0x080013eb   0x60  Code  Gb  mbfuncholding.o [1]
eMBFuncReadInputRegister
                        0x08001831   0x62  Code  Gb  mbfuncinput.o [1]
eMBFuncReadWriteMultipleHoldingRegister
                        0x0800144b   0xb2  Code  Gb  mbfuncholding.o [1]
eMBFuncReportSlaveID    0x0800196d   0x1a  Code  Gb  mbfuncother.o [1]
eMBFuncWriteCoil        0x0800158f   0x58  Code  Gb  mbfunccoils.o [1]
eMBFuncWriteHoldingRegister
                        0x08001369   0x32  Code  Gb  mbfuncholding.o [1]
eMBFuncWriteMultipleCoils
                        0x080015e7   0x62  Code  Gb  mbfunccoils.o [1]
eMBFuncWriteMultipleHoldingRegister
                        0x0800139b   0x50  Code  Gb  mbfuncholding.o [1]
eMBInit                 0x080011e1   0x5c  Code  Gb  mb.o [1]
eMBPoll                 0x08001259   0x9e  Code  Gb  mb.o [1]
eMBRTUInit              0x080000c1   0x36  Code  Gb  mbrtu.o [1]
eMBRTUReceive           0x0800011d   0x50  Code  Gb  mbrtu.o [1]
eMBRTUSend              0x0800016d   0x60  Code  Gb  mbrtu.o [1]
eMBRTUStart             0x080000f7   0x16  Code  Gb  mbrtu.o [1]
eMBRTUStop              0x0800010d   0x10  Code  Gb  mbrtu.o [1]
eMBRegCoilsCB           0x08001161    0x4  Code  Gb  main.o [1]
eMBRegDiscreteCB        0x08001165    0x4  Code  Gb  main.o [1]
eMBRegHoldingCB         0x08000f87   0x70  Code  Gb  main.o [1]
eMBRegInputCB           0x0800115d    0x4  Code  Gb  main.o [1]
eMBState                0x200000b5    0x1  Data  Lc  mb.o [1]
eQueuedEvent            0x20000249    0x1  Data  Lc  portevent.o [1]
eRcvState               0x2000028d    0x1  Data  Lc  mbrtu.o [1]
eSndState               0x2000028c    0x1  Data  Lc  mbrtu.o [1]
exit                    0x080019ab    0x8  Code  Gb  exit.o [3]
get_data_flag           0x20000248    0x1  Data  Gb  main.o [1]
get_door_lock_msgs      0x08000e75   0x20  Code  Gb  main.o [1]
lock_fifo               0x20000204   0x44  Data  Gb  main.o [1]
main                    0x08000f0d   0x7a  Code  Gb  main.o [1]
peMBFrameReceiveCur     0x200000c8    0x4  Data  Lc  mb.o [1]
peMBFrameSendCur        0x200000bc    0x4  Data  Lc  mb.o [1]
prveMBError2Exception   0x080014fd   0x1a  Code  Gb  mbutils.o [1]
pucSndBufferCur         0x20000294    0x4  Data  Lc  mbrtu.o [1]
pvMBFrameCloseCur       0x200000cc    0x4  Data  Lc  mb.o [1]
pvMBFrameStartCur       0x200000c0    0x4  Data  Lc  mb.o [1]
pvMBFrameStopCur        0x200000c4    0x4  Data  Lc  mb.o [1]
pxMBFrameCBByteReceived
                        0x200000d0    0x4  Data  Gb  mb.o [1]
pxMBFrameCBTransmitterEmpty
                        0x200000d4    0x4  Data  Gb  mb.o [1]
pxMBPortCBTimerExpired  0x200000d8    0x4  Data  Gb  mb.o [1]
send_data               0x08000ff7   0x28  Code  Gb  main.o [1]
send_lock_cmd           0x08000e95    0xe  Code  Gb  main.o [1]
tim3_cnt                0x2000029c    0x4  Data  Lc  porttimer.o [1]
timer2_init             0x080010ed   0x68  Code  Gb  main.o [1]
ucMBAddress             0x200000b4    0x1  Data  Lc  mb.o [1]
ucMBSlaveID             0x2000024c   0x20  Data  Lc  mbfuncother.o [1]
ucRTUBuf                0x20000104  0x100  Data  Gb  mbrtu.o [1]
usMBCRC16               0x080007c5   0x2a  Code  Gb  mbcrc.o [1]
usMBSlaveIDLen          0x2000026c    0x2  Data  Lc  mbfuncother.o [1]
usRcvBufferPos          0x20000290    0x2  Data  Lc  mbrtu.o [1]
usRegHoldingBuf         0x20000084    0xc  Data  Gb  main.o [1]
usRegHoldingStart       0x20000080    0x2  Data  Gb  main.o [1]
usSndBufferCount        0x2000028e    0x2  Data  Lc  mbrtu.o [1]
vMBPortSerialEnable     0x08000435   0x2c  Code  Gb  portserial.o [1]
vMBPortTimersDisable    0x0800073f   0x20  Code  Gb  porttimer.o [1]
vMBPortTimersEnable     0x0800071d   0x22  Code  Gb  porttimer.o [1]
xEventInQueue           0x2000024a    0x1  Data  Lc  portevent.o [1]
xFuncHandlers           0x20000000   0x80  Data  Lc  mb.o [1]
xMBPortEventGet         0x08000a07   0x16  Code  Gb  portevent.o [1]
xMBPortEventInit        0x080009f1    0xa  Code  Gb  portevent.o [1]
xMBPortEventPost        0x080009fb    0xc  Code  Gb  portevent.o [1]
xMBPortSerialGetByte    0x0800051f   0x10  Code  Gb  portserial.o [1]
xMBPortSerialInit       0x08000461   0xb0  Code  Gb  portserial.o [1]
xMBPortSerialPutByte    0x08000511    0xe  Code  Gb  portserial.o [1]
xMBPortTimersInit       0x080006b5   0x68  Code  Gb  porttimer.o [1]
xMBRTUReceiveFSM        0x080001cd   0x72  Code  Gb  mbrtu.o [1]
xMBRTUTimerT35Expired   0x080002ad   0x52  Code  Gb  mbrtu.o [1]
xMBRTUTransmitFSM       0x08000241   0x6a  Code  Gb  mbrtu.o [1]


[1] = G:\工作\综合实训平台\电表&门禁\door_lock_node\sensor_node\Project\modbus sensor frame\Obj
[2] = command line
[3] = dl6M_tlf.a
[4] = rt6M_tl.a
[5] = shb_l.a

  6 618 bytes of readonly  code memory
    298 bytes of readonly  data memory
  2 720 bytes of readwrite data memory

Errors: none
Warnings: none
