<html>
<body>
<pre>
<h1>礦ision Build Log</h1>
<h2>Tool Versions:</h2>
IDE-Version: μVision V5.14.1
Copyright (C) 2015 ARM Ltd and ARM Germany GmbH. All rights reserved.
License Information: Cortex-M0, 1, LIC=GMZJJ-UW1CQ-BS4YX-HY33G-W8ZHE-0SFH1
 
Tool Versions:
Toolchain:       MDK-ARM Standard  Version: 5.14.0.0
Toolchain Path:  D:\MDK5.14\ARM\ARMCC\Bin
C Compiler:      Armcc.exe V5.05 update 1 (build 106)
Assembler:       Armasm.exe V5.05 update 1 (build 106)
Linker/Locator:  ArmLink.exe V5.05 update 1 (build 106)
Library Manager: ArmAr.exe V5.05 update 1 (build 106)
Hex Converter:   FromElf.exe V5.05 update 1 (build 106)
CPU DLL:         SARMCM3.DLL V5.14.0.0
Dialog DLL:      DARMCM1.DLL V1.12.0.0
Target DLL:      STLink\ST-LINKIII-KEIL_SWO.dll V2.0.14.0_KEIL
Dialog DLL:      TARMCM1.DLL V1.9.0.0
 
<h2>Project:</h2>
C:\Users\runner\Desktop\STM32Cube_test\Touch_ID\MDK-ARM\Touch_ID.uvprojx
Project File Date:  06/23/2016

<h2>Output:</h2>
*** Using Compiler 'V5.05 update 1 (build 106)', folder: 'D:\MDK5.14\ARM\ARMCC\Bin'
Build target 'Touch_ID Configuration'
compiling Finger_Operation.c...
../Inc/FS_FIFO_V1.h(19): warning:  #47-D: incompatible redefinition of macro "NO_FINGER" (declared at line 9 of "../Inc/FPM_Finger.h")
  #define  NO_FINGER            0x0004    //没有检测到指纹
..\Src\Finger_Operation.c: 1 warning, 0 errors
linking...
Program Size: Code=14816 RO-data=11808 RW-data=280 ZI-data=2376  
"Touch_ID Configuration\Touch_ID Configuration.axf" - 0 Error(s), 1 Warning(s).

<h2>Software Packages used:</h2>

Package Vendor: ARM
                http://www.keil.com/pack/ARM.CMSIS.4.2.0.pack
                ARM::CMSIS:CORE:3.40.0
                CMSIS (Cortex Microcontroller Software Interface Standard)
   * Component: CORE Version: 3.40.0

<h2>Collection of Component include folders:</h2>
  C:\Users\runner\Desktop\STM32Cube_test\Touch_ID\MDK-ARM\RTE
  D:\MDK5.14\ARM\PACK\ARM\CMSIS\4.2.0\CMSIS\Include
  D:\MDK5.14\ARM\PACK\Keil\STM32F0xx_DFP\1.4.0\Device\Include

<h2>Collection of Component Files used:</h2>

   * Component: ARM::CMSIS:CORE:3.40.0
      Source file:   CMSIS\UserCodeTemplates\ARM\ITM_Retarget.c
</pre>
</body>
</html>
