###############################################################################
#
# IAR ELF Linker V7.20.2.7424/W32 for ARM                 28/Mar/2016  13:16:58
# Copyright 2007-2014 IAR Systems AB.
#
#    Output file  =  
#        E:\WorkPlace\传感器实验箱\sensor\sensor_node\Project\gas
#        sensor\Exe\testFreeMB_STM32F0.out
#    Map file     =  
#        E:\WorkPlace\传感器实验箱\sensor\sensor_node\Project\gas
#        sensor\List\testFreeMB_STM32F0.map
#    Command line =  
#        "E:\WorkPlace\传感器实验箱\sensor\sensor_node\Project\gas
#        sensor\Obj\FS_FIFO_V1.o"
#        "E:\WorkPlace\传感器实验箱\sensor\sensor_node\Project\gas
#        sensor\Obj\main.o"
#        "E:\WorkPlace\传感器实验箱\sensor\sensor_node\Project\gas
#        sensor\Obj\mb.o"
#        "E:\WorkPlace\传感器实验箱\sensor\sensor_node\Project\gas
#        sensor\Obj\mbcrc.o"
#        "E:\WorkPlace\传感器实验箱\sensor\sensor_node\Project\gas
#        sensor\Obj\mbfunccoils.o"
#        "E:\WorkPlace\传感器实验箱\sensor\sensor_node\Project\gas
#        sensor\Obj\mbfuncdiag.o"
#        "E:\WorkPlace\传感器实验箱\sensor\sensor_node\Project\gas
#        sensor\Obj\mbfuncdisc.o"
#        "E:\WorkPlace\传感器实验箱\sensor\sensor_node\Project\gas
#        sensor\Obj\mbfuncholding.o"
#        "E:\WorkPlace\传感器实验箱\sensor\sensor_node\Project\gas
#        sensor\Obj\mbfuncinput.o"
#        "E:\WorkPlace\传感器实验箱\sensor\sensor_node\Project\gas
#        sensor\Obj\mbfuncother.o"
#        "E:\WorkPlace\传感器实验箱\sensor\sensor_node\Project\gas
#        sensor\Obj\mbrtu.o"
#        "E:\WorkPlace\传感器实验箱\sensor\sensor_node\Project\gas
#        sensor\Obj\mbutils.o"
#        "E:\WorkPlace\传感器实验箱\sensor\sensor_node\Project\gas
#        sensor\Obj\MQ2.o"
#        "E:\WorkPlace\传感器实验箱\sensor\sensor_node\Project\gas
#        sensor\Obj\myiic.o"
#        "E:\WorkPlace\传感器实验箱\sensor\sensor_node\Project\gas
#        sensor\Obj\portevent.o"
#        "E:\WorkPlace\传感器实验箱\sensor\sensor_node\Project\gas
#        sensor\Obj\portserial.o"
#        "E:\WorkPlace\传感器实验箱\sensor\sensor_node\Project\gas
#        sensor\Obj\porttimer.o"
#        "E:\WorkPlace\传感器实验箱\sensor\sensor_node\Project\gas
#        sensor\Obj\startup_stm32f0xx.o"
#        "E:\WorkPlace\传感器实验箱\sensor\sensor_node\Project\gas
#        sensor\Obj\stm32f0xx_adc.o"
#        "E:\WorkPlace\传感器实验箱\sensor\sensor_node\Project\gas
#        sensor\Obj\stm32f0xx_cec.o"
#        "E:\WorkPlace\传感器实验箱\sensor\sensor_node\Project\gas
#        sensor\Obj\stm32f0xx_comp.o"
#        "E:\WorkPlace\传感器实验箱\sensor\sensor_node\Project\gas
#        sensor\Obj\stm32f0xx_crc.o"
#        "E:\WorkPlace\传感器实验箱\sensor\sensor_node\Project\gas
#        sensor\Obj\stm32f0xx_dac.o"
#        "E:\WorkPlace\传感器实验箱\sensor\sensor_node\Project\gas
#        sensor\Obj\stm32f0xx_dbgmcu.o"
#        "E:\WorkPlace\传感器实验箱\sensor\sensor_node\Project\gas
#        sensor\Obj\stm32f0xx_dma.o"
#        "E:\WorkPlace\传感器实验箱\sensor\sensor_node\Project\gas
#        sensor\Obj\stm32f0xx_exti.o"
#        "E:\WorkPlace\传感器实验箱\sensor\sensor_node\Project\gas
#        sensor\Obj\stm32f0xx_flash.o"
#        "E:\WorkPlace\传感器实验箱\sensor\sensor_node\Project\gas
#        sensor\Obj\stm32f0xx_gpio.o"
#        "E:\WorkPlace\传感器实验箱\sensor\sensor_node\Project\gas
#        sensor\Obj\stm32f0xx_i2c.o"
#        "E:\WorkPlace\传感器实验箱\sensor\sensor_node\Project\gas
#        sensor\Obj\stm32f0xx_it.o"
#        "E:\WorkPlace\传感器实验箱\sensor\sensor_node\Project\gas
#        sensor\Obj\stm32f0xx_iwdg.o"
#        "E:\WorkPlace\传感器实验箱\sensor\sensor_node\Project\gas
#        sensor\Obj\stm32f0xx_misc.o"
#        "E:\WorkPlace\传感器实验箱\sensor\sensor_node\Project\gas
#        sensor\Obj\stm32f0xx_pwr.o"
#        "E:\WorkPlace\传感器实验箱\sensor\sensor_node\Project\gas
#        sensor\Obj\stm32f0xx_rcc.o"
#        "E:\WorkPlace\传感器实验箱\sensor\sensor_node\Project\gas
#        sensor\Obj\stm32f0xx_rtc.o"
#        "E:\WorkPlace\传感器实验箱\sensor\sensor_node\Project\gas
#        sensor\Obj\stm32f0xx_spi.o"
#        "E:\WorkPlace\传感器实验箱\sensor\sensor_node\Project\gas
#        sensor\Obj\stm32f0xx_syscfg.o"
#        "E:\WorkPlace\传感器实验箱\sensor\sensor_node\Project\gas
#        sensor\Obj\stm32f0xx_tim.o"
#        "E:\WorkPlace\传感器实验箱\sensor\sensor_node\Project\gas
#        sensor\Obj\stm32f0xx_usart.o"
#        "E:\WorkPlace\传感器实验箱\sensor\sensor_node\Project\gas
#        sensor\Obj\stm32f0xx_wwdg.o"
#        "E:\WorkPlace\传感器实验箱\sensor\sensor_node\Project\gas
#        sensor\Obj\system_stm32f0xx.o" --redirect _Printf=_PrintfFull
#        --redirect _Scanf=_ScanfFull -o
#        "E:\WorkPlace\传感器实验箱\sensor\sensor_node\Project\gas
#        sensor\Exe\testFreeMB_STM32F0.out" --map
#        "E:\WorkPlace\传感器实验箱\sensor\sensor_node\Project\gas
#        sensor\List\testFreeMB_STM32F0.map" --config "C:\Program Files
#        (x86)\IAR Systems\Embedded Workbench
#        7.0\arm\config\linker\ST\stm32f051x8.icf" --semihosting --entry
#        __iar_program_start --vfe
#
###############################################################################

*******************************************************************************
*** RUNTIME MODEL ATTRIBUTES
***

CppFlavor       = *
__SystemLibrary = DLib


*******************************************************************************
*** PLACEMENT SUMMARY
***

"A1":  place at 0x08000000 { ro section .intvec };
"P1":  place in [from 0x08000000 to 0x0800ffff] { ro };
"P2":  place in [from 0x20000000 to 0x20001fff] { rw, block CSTACK, block HEAP };

  Section            Kind        Address    Size  Object
  -------            ----        -------    ----  ------
"A1":                                       0xc0
  .intvec            ro code  0x08000000    0xc0  startup_stm32f0xx.o [1]
                            - 0x080000c0    0xc0

"P1":                                     0x2120
  .text              ro code  0x080000c0   0x368  mbrtu.o [1]
  .text              ro code  0x08000428   0x1b0  portserial.o [1]
  .text              ro code  0x080005d8    0xe0  I32DivModFast.o [4]
  .text              ro code  0x080006b8    0xec  porttimer.o [1]
  .text              ro code  0x080007a4    0x24  ABIassert.o [5]
  .text              ro code  0x080007c8   0x22c  mbcrc.o [1]
  .text              ro code  0x080009f4    0x30  portevent.o [1]
  .text              ro code  0x08000a24   0x156  stm32f0xx_usart.o [1]
  .text              ro code  0x08000b7a    0x2a  zero_init3.o [4]
  .text              ro code  0x08000ba4   0x164  stm32f0xx_rcc.o [1]
  .text              ro code  0x08000d08    0xbe  stm32f0xx_gpio.o [1]
  .text              ro code  0x08000dc6     0x2  startup_stm32f0xx.o [1]
  .text              ro code  0x08000dc8    0x54  stm32f0xx_misc.o [1]
  .text              ro code  0x08000e1c     0x2  IntDivZer.o [4]
  .text              ro code  0x08000e1e     0x2  startup_stm32f0xx.o [1]
  .text              ro code  0x08000e20    0xda  stm32f0xx_tim.o [1]
  .text              ro code  0x08000efa     0xa  abort.o [3]
  .text              ro code  0x08000f04    0x14  exit.o [5]
  .text              ro code  0x08000f18   0x2f8  MQ2.o [1]
  .text              ro code  0x08001210    0xf0  stm32f0xx_adc.o [1]
  .text              ro code  0x08001300    0xd0  stm32f0xx_dma.o [1]
  .text              ro code  0x080013d0   0x2ea  myiic.o [1]
  .text              ro code  0x080016ba     0x2  startup_stm32f0xx.o [1]
  .text              ro code  0x080016bc   0x2b0  main.o [1]
  .text              ro code  0x0800196c   0x13c  mb.o [1]
  .text              ro code  0x08001aa8   0x194  mbfuncholding.o [1]
  .text              ro code  0x08001c3c    0x1a  mbutils.o [1]
  .text              ro code  0x08001c56     0x2  startup_stm32f0xx.o [1]
  .text              ro code  0x08001c58   0x134  mbfunccoils.o [1]
  .text              ro code  0x08001d8c    0xec  system_stm32f0xx.o [1]
  .text              ro code  0x08001e78    0x74  mbfuncdisc.o [1]
  .text              ro code  0x08001eec    0x62  mbfuncinput.o [1]
  .text              ro code  0x08001f4e     0x2  startup_stm32f0xx.o [1]
  .text              ro code  0x08001f50    0x5c  ABImemcpy.o [4]
  .text              ro code  0x08001fac    0x3a  stm32f0xx_it.o [1]
  .text              ro code  0x08001fe6    0x30  copy_init3.o [4]
  .text              ro code  0x08002016     0x2  startup_stm32f0xx.o [1]
  .text              ro code  0x08002018    0x28  data_init.o [4]
  .iar.init_table    const    0x08002040    0x24  - Linker created -
  .text              ro code  0x08002064    0x20  mbfuncother.o [1]
  .text              ro code  0x08002084    0x1a  cmain.o [4]
  .text              ro code  0x0800209e     0x4  low_level_init.o [3]
  .text              ro code  0x080020a2     0x8  exit.o [3]
  .text              ro code  0x080020aa     0x2  startup_stm32f0xx.o [1]
  .text              ro code  0x080020ac     0xa  cexit.o [4]
  .text              ro code  0x080020b6     0x2  startup_stm32f0xx.o [1]
  .text              ro code  0x080020b8    0x10  startup_stm32f0xx.o [1]
  .text              ro code  0x080020c8     0xc  cstartup_M.o [4]
  .text              ro code  0x080020d4     0x2  startup_stm32f0xx.o [1]
  .text              ro code  0x080020d6     0x2  startup_stm32f0xx.o [1]
  .text              ro code  0x080020d8     0x2  startup_stm32f0xx.o [1]
  .text              ro code  0x080020da     0x2  startup_stm32f0xx.o [1]
  .text              ro code  0x080020dc     0x2  startup_stm32f0xx.o [1]
  .text              ro code  0x080020de     0x2  startup_stm32f0xx.o [1]
  .text              ro code  0x080020e0     0x2  startup_stm32f0xx.o [1]
  .text              ro code  0x080020e2     0x2  startup_stm32f0xx.o [1]
  .text              ro code  0x080020e4     0x2  startup_stm32f0xx.o [1]
  .text              ro code  0x080020e6     0x2  startup_stm32f0xx.o [1]
  .text              ro code  0x080020e8     0x2  startup_stm32f0xx.o [1]
  .text              ro code  0x080020ea     0x2  startup_stm32f0xx.o [1]
  .text              ro code  0x080020ec     0x2  startup_stm32f0xx.o [1]
  .text              ro code  0x080020ee     0x2  startup_stm32f0xx.o [1]
  .text              ro code  0x080020f0     0x2  startup_stm32f0xx.o [1]
  .text              ro code  0x080020f2     0x2  startup_stm32f0xx.o [1]
  .text              ro code  0x080020f4     0x2  startup_stm32f0xx.o [1]
  .rodata            const    0x080020f6     0x0  zero_init3.o [4]
  .rodata            const    0x080020f6     0x0  copy_init3.o [4]
  Initializer bytes  ro data  0x080020f8    0xe8  <for P2 s0>
                            - 0x080021e0  0x2120

"P2":                                      0xa60
  P2 s0                       0x20000000    0xe8  <Init block>
    .data            inited   0x20000000    0x80  mb.o [1]
    .data            inited   0x20000080    0x2c  mb.o [1]
    .data            inited   0x200000ac    0x16  main.o [1]
    .data            inited   0x200000c4    0x14  system_stm32f0xx.o [1]
    .data            inited   0x200000d8    0x10  stm32f0xx_rcc.o [1]
  .bss               zero     0x200000e8   0x100  mbrtu.o [1]
  .bss               zero     0x200001e8    0x22  mbfuncother.o [1]
  .bss               zero     0x2000020a     0x2  portevent.o [1]
  .bss               zero     0x2000020c    0x1c  main.o [1]
  .bss               zero     0x20000228    0x14  MQ2.o [1]
  .bss               zero     0x2000023c     0xc  mbrtu.o [1]
  .bss               zero     0x20000248     0x8  myiic.o [1]
  .bss               zero     0x20000250     0x4  main.o [1]
  .bss               zero     0x20000254     0x4  MQ2.o [1]
  .bss               zero     0x20000258     0x4  porttimer.o [1]
  .bss               zero     0x2000025c     0x1  main.o [1]
  CSTACK                      0x20000260   0x800  <Block>
    CSTACK           uninit   0x20000260   0x800  <Block tail>
                            - 0x20000a60   0xa60


*******************************************************************************
*** INIT TABLE
***

          Address     Size
          -------     ----
Zero (__iar_zero_init3)
    1 destination range, total size 0x175:
          0x200000e8  0x175

Copy (__iar_copy_init3)
    1 source range, total size 0xe8:
          0x080020f8   0xe8
    1 destination range, total size 0xe8:
          0x20000000   0xe8



*******************************************************************************
*** MODULE SUMMARY
***

    Module               ro code  ro data  rw data
    ------               -------  -------  -------
E:\WorkPlace\传感器实验箱\sensor\sensor_node\Project\gas sensor\Obj: [1]
    MQ2.o                    760                24
    main.o                   688       22       55
    mb.o                     316      172      172
    mbcrc.o                  556
    mbfunccoils.o            308
    mbfuncdisc.o             116
    mbfuncholding.o          404
    mbfuncinput.o             98
    mbfuncother.o             32                34
    mbrtu.o                  872               268
    mbutils.o                 26
    myiic.o                  746                 8
    portevent.o               48                 2
    portserial.o             432
    porttimer.o              236                 4
    startup_stm32f0xx.o      258
    stm32f0xx_adc.o          240
    stm32f0xx_dma.o          208
    stm32f0xx_gpio.o         190
    stm32f0xx_it.o            58
    stm32f0xx_misc.o          84
    stm32f0xx_rcc.o          356       16       16
    stm32f0xx_tim.o          218
    stm32f0xx_usart.o        342
    system_stm32f0xx.o       236       22       20
    ----------------------------------------------
    Total:                 7 828      232      603

command line: [2]
    ----------------------------------------------
    Total:

dl6M_tlf.a: [3]
    abort.o                   10
    exit.o                     8
    low_level_init.o           4
    ----------------------------------------------
    Total:                    22

rt6M_tl.a: [4]
    ABImemcpy.o               92
    I32DivModFast.o          224
    IntDivZer.o                2
    cexit.o                   10
    cmain.o                   26
    copy_init3.o              48
    cstartup_M.o              12
    data_init.o               40
    zero_init3.o              42
    ----------------------------------------------
    Total:                   496

shb_l.a: [5]
    ABIassert.o               36
    exit.o                    20
    ----------------------------------------------
    Total:                    56

    Gaps                                         2
    Linker created                     38    2 048
--------------------------------------------------
    Grand Total:           8 402      270    2 653


*******************************************************************************
*** ENTRY LIST
***

Entry                      Address   Size  Type      Object
-----                      -------   ----  ----      ------
?main                   0x08002085         Code  Gb  cmain.o [4]
ADC1_CH_DMA_Config      0x08000f19   0xbc  Code  Gb  MQ2.o [1]
ADC_ChannelConfig       0x08001275    0xa  Code  Gb  stm32f0xx_adc.o [1]
ADC_Cmd                 0x08001263   0x12  Code  Gb  stm32f0xx_adc.o [1]
ADC_DMACmd              0x080012b1   0x16  Code  Gb  stm32f0xx_adc.o [1]
ADC_DMARequestModeConfig
                        0x080012c7   0x10  Code  Gb  stm32f0xx_adc.o [1]
ADC_DeInit              0x08001211   0x1e  Code  Gb  stm32f0xx_adc.o [1]
ADC_GPIO_Init           0x08000fd5   0x2a  Code  Gb  MQ2.o [1]
ADC_GetCalibrationFactor
                        0x0800127f   0x28  Code  Gb  stm32f0xx_adc.o [1]
ADC_GetFlagStatus       0x080012d7   0x1a  Code  Gb  stm32f0xx_adc.o [1]
ADC_Init                0x0800122f   0x24  Code  Gb  stm32f0xx_adc.o [1]
ADC_Number              0x20000238    0x4  Data  Gb  MQ2.o [1]
ADC_StartOfConversion   0x080012a7    0xa  Code  Gb  stm32f0xx_adc.o [1]
ADC_StructInit          0x08001253   0x10  Code  Gb  stm32f0xx_adc.o [1]
AHBPrescTable           0x200000c4   0x10  Data  Gb  system_stm32f0xx.o [1]
APBAHBPrescTable        0x200000d8   0x10  Data  Lc  stm32f0xx_rcc.o [1]
AT24CXX_Read            0x08001699   0x22  Code  Gb  myiic.o [1]
AT24CXX_Write           0x08001677   0x22  Code  Gb  myiic.o [1]
CSTACK$$Base            0x20000260          --   Gb  - Linker created -
CSTACK$$Limit           0x20000a60          --   Gb  - Linker created -
DMA_ClearFlag           0x080013a7    0x6  Code  Gb  stm32f0xx_dma.o [1]
DMA_Cmd                 0x08001391   0x14  Code  Gb  stm32f0xx_dma.o [1]
DMA_DeInit              0x08001301   0x5a  Code  Gb  stm32f0xx_dma.o [1]
DMA_GetFlagStatus       0x080013a5    0x2  Code  Gb  stm32f0xx_dma.o [1]
DMA_Init                0x0800135b   0x36  Code  Gb  stm32f0xx_dma.o [1]
Delay                   0x08001925   0x12  Code  Gb  main.o [1]
GPIO_Init               0x08000d09   0x6a  Code  Gb  stm32f0xx_gpio.o [1]
GPIO_InitStructure      0x20000248    0x8  Data  Gb  myiic.o [1]
GPIO_PinAFConfig        0x08000da7   0x20  Code  Gb  stm32f0xx_gpio.o [1]
GPIO_ReadInputDataBit   0x08000d89    0x8  Code  Gb  stm32f0xx_gpio.o [1]
GPIO_ReadOutputDataBit  0x08000d91    0x6  Code  Gb  stm32f0xx_gpio.o [1]
GPIO_ResetBits          0x08000da3    0x4  Code  Gb  stm32f0xx_gpio.o [1]
GPIO_SetBits            0x08000d9f    0x4  Code  Gb  stm32f0xx_gpio.o [1]
GPIO_StructInit         0x08000d73   0x12  Code  Gb  stm32f0xx_gpio.o [1]
HardFault_Handler       0x08001faf    0x2  Code  Gb  stm32f0xx_it.o [1]
I2C_Read_one_Byte       0x0800161f   0x42  Code  Gb  myiic.o [1]
I2C_Write_one_Byte      0x080015ed   0x32  Code  Gb  myiic.o [1]
IIC_Ack                 0x080014ef   0x1a  Code  Gb  myiic.o [1]
IIC_Init                0x080013dd   0x2e  Code  Gb  myiic.o [1]
IIC_NAck                0x08001509   0x18  Code  Gb  myiic.o [1]
IIC_Read_Byte           0x08001593   0x50  Code  Gb  myiic.o [1]
IIC_Send_Byte           0x0800153f   0x54  Code  Gb  myiic.o [1]
IIC_Start               0x08001445   0x2a  Code  Gb  myiic.o [1]
IIC_Stop                0x0800146f   0x36  Code  Gb  myiic.o [1]
IIC_Wait_Ack            0x080014a5   0x4a  Code  Gb  myiic.o [1]
MQ2_PPm                 0x2000022a    0x2  Data  Gb  MQ2.o [1]
MQ2_Voltmv              0x20000228    0x2  Data  Gb  MQ2.o [1]
MiniSense100Voltmv      0x20000234    0x4  Data  Gb  MQ2.o [1]
NMI_Handler             0x08001fad    0x2  Code  Gb  stm32f0xx_it.o [1]
NVIC_Init               0x08000dc9   0x46  Code  Gb  stm32f0xx_misc.o [1]
PendSV_Handler          0x08001fb3    0x2  Code  Gb  stm32f0xx_it.o [1]
RCC_ADCCLKConfig        0x08000ba5   0x24  Code  Gb  stm32f0xx_rcc.o [1]
RCC_AHBPeriphClockCmd   0x08000c8b   0x14  Code  Gb  stm32f0xx_rcc.o [1]
RCC_APB1PeriphClockCmd  0x08000cb3   0x14  Code  Gb  stm32f0xx_rcc.o [1]
RCC_APB2PeriphClockCmd  0x08000c9f   0x14  Code  Gb  stm32f0xx_rcc.o [1]
RCC_APB2PeriphResetCmd  0x08000cc7   0x14  Code  Gb  stm32f0xx_rcc.o [1]
RCC_Clocks              0x2000020c   0x1c  Data  Gb  main.o [1]
RCC_GetClocksFreq       0x08000bc9   0xc2  Code  Gb  stm32f0xx_rcc.o [1]
Region$$Table$$Base     0x08002040          --   Gb  - Linker created -
Region$$Table$$Limit    0x08002064          --   Gb  - Linker created -
RegularConvData_Tab     0x2000022c    0x8  Data  Gb  MQ2.o [1]
SDA_IN                  0x08001423   0x14  Code  Gb  myiic.o [1]
SDA_OUT                 0x0800140b   0x18  Code  Gb  myiic.o [1]
SVC_Handler             0x08001fb1    0x2  Code  Gb  stm32f0xx_it.o [1]
SysTick_Handler         0x08001fb5    0x8  Code  Gb  stm32f0xx_it.o [1]
SystemCoreClock         0x200000d4    0x4  Data  Gb  system_stm32f0xx.o [1]
SystemInit              0x08001d8d   0xce  Code  Gb  system_stm32f0xx.o [1]
TIM2_IRQHandler         0x08001fbd   0x22  Code  Gb  stm32f0xx_it.o [1]
TIM3_IRQHandler         0x0800076b   0x26  Code  Gb  porttimer.o [1]
TIM_ARRPreloadConfig    0x08000e7d   0x14  Code  Gb  stm32f0xx_tim.o [1]
TIM_ClearITPendingBit   0x08000ef5    0x6  Code  Gb  stm32f0xx_tim.o [1]
TIM_Cmd                 0x08000e91   0x14  Code  Gb  stm32f0xx_tim.o [1]
TIM_GetITStatus         0x08000edf   0x16  Code  Gb  stm32f0xx_tim.o [1]
TIM_ITConfig            0x08000ecd   0x12  Code  Gb  stm32f0xx_tim.o [1]
TIM_SetCounter          0x08000e79    0x4  Code  Gb  stm32f0xx_tim.o [1]
TIM_TimeBaseInit        0x08000e21   0x58  Code  Gb  stm32f0xx_tim.o [1]
TimingDelay             0x20000250    0x4  Data  Lc  main.o [1]
TimingDelay_Decrement   0x08001937   0x10  Code  Gb  main.o [1]
USART1_IRQHandler       0x08001fe5    0x2  Code  Gb  stm32f0xx_it.o [1]
USART2_IRQHandler       0x0800052b   0x94  Code  Gb  portserial.o [1]
USART_ClearFlag         0x08000b35    0x4  Code  Gb  stm32f0xx_usart.o [1]
USART_ClearITPendingBit
                        0x08000b71    0xa  Code  Gb  stm32f0xx_usart.o [1]
USART_Cmd               0x08000ac1   0x16  Code  Gb  stm32f0xx_usart.o [1]
USART_GetFlagStatus     0x08000b27    0xe  Code  Gb  stm32f0xx_usart.o [1]
USART_GetITStatus       0x08000b39   0x38  Code  Gb  stm32f0xx_usart.o [1]
USART_ITConfig          0x08000afd   0x2a  Code  Gb  stm32f0xx_usart.o [1]
USART_Init              0x08000a25   0x9c  Code  Gb  stm32f0xx_usart.o [1]
USART_ReceiveData       0x08000adf    0x8  Code  Gb  stm32f0xx_usart.o [1]
USART_SendData          0x08000ad7    0x8  Code  Gb  stm32f0xx_usart.o [1]
__ICFEDIT_region_RAM_end__ {Abs}
                        0x20001fff          --   Gb  command line/config [2]
__ICFEDIT_region_RAM_start__ {Abs}
                        0x20000000          --   Gb  command line/config [2]
__aeabi_assert          0x080007a7   0x1e  Code  Gb  ABIassert.o [5]
__aeabi_idiv            0x08000605         Code  Gb  I32DivModFast.o [4]
__aeabi_idiv0           0x08000e1d         Code  Gb  IntDivZer.o [4]
__aeabi_idivmod         0x08000605         Code  Gb  I32DivModFast.o [4]
__aeabi_memcpy          0x08001f51         Code  Gb  ABImemcpy.o [4]
__aeabi_uidiv           0x0800060b         Code  Gb  I32DivModFast.o [4]
__aeabi_uidivmod        0x0800060b         Code  Gb  I32DivModFast.o [4]
__as_entries_start      0xffffffff          --   Gb  command line/config [2]
__as_table_start        0xffffffff          --   Gb  command line/config [2]
__cmain                 0x08002085         Code  Gb  cmain.o [4]
__exit                  0x08000f05   0x14  Code  Gb  exit.o [5]
__iar_EmptyStepPoint    0x080007a5    0x2  Code  Gb  ABIassert.o [5]
__iar_copy_init3        0x08001fe7   0x30  Code  Gb  copy_init3.o [4]
__iar_data_init3        0x08002019   0x28  Code  Gb  data_init.o [4]
__iar_program_start     0x080020c9         Code  Gb  cstartup_M.o [4]
__iar_zero_init3        0x08000b7b   0x2a  Code  Gb  zero_init3.o [4]
__low_level_init        0x0800209f    0x4  Code  Gb  low_level_init.o [3]
__vector_table          0x08000000         Data  Gb  startup_stm32f0xx.o [1]
_call_main              0x08002091         Code  Gb  cmain.o [4]
_exit                   0x080020ad         Code  Gb  cexit.o [4]
_main                   0x0800209b         Code  Gb  cmain.o [4]
abort                   0x08000efb    0xa  Code  Gb  abort.o [3]
at24xx_check            0x080017c7   0x3e  Code  Gb  main.o [1]
aucCRCHi                0x080007f4  0x100  Data  Lc  mbcrc.o [1]
aucCRCLo                0x080008f4  0x100  Data  Lc  mbcrc.o [1]
beep_init               0x080016bd   0x34  Code  Gb  main.o [1]
board_init              0x080016f1   0x5a  Code  Gb  main.o [1]
delayus                 0x080013d1    0xc  Code  Gb  myiic.o [1]
eMBEnable               0x080019c9   0x1c  Code  Gb  mb.o [1]
eMBFuncReadCoils        0x08001c59   0x76  Code  Gb  mbfunccoils.o [1]
eMBFuncReadDiscreteInputs
                        0x08001e79   0x74  Code  Gb  mbfuncdisc.o [1]
eMBFuncReadHoldingRegister
                        0x08001b2b   0x60  Code  Gb  mbfuncholding.o [1]
eMBFuncReadInputRegister
                        0x08001eed   0x62  Code  Gb  mbfuncinput.o [1]
eMBFuncReadWriteMultipleHoldingRegister
                        0x08001b8b   0xb2  Code  Gb  mbfuncholding.o [1]
eMBFuncReportSlaveID    0x08002065   0x1a  Code  Gb  mbfuncother.o [1]
eMBFuncWriteCoil        0x08001ccf   0x58  Code  Gb  mbfunccoils.o [1]
eMBFuncWriteHoldingRegister
                        0x08001aa9   0x32  Code  Gb  mbfuncholding.o [1]
eMBFuncWriteMultipleCoils
                        0x08001d27   0x62  Code  Gb  mbfunccoils.o [1]
eMBFuncWriteMultipleHoldingRegister
                        0x08001adb   0x50  Code  Gb  mbfuncholding.o [1]
eMBInit                 0x0800196d   0x5c  Code  Gb  mb.o [1]
eMBPoll                 0x080019e5   0x9e  Code  Gb  mb.o [1]
eMBRTUInit              0x080000c1   0x36  Code  Gb  mbrtu.o [1]
eMBRTUReceive           0x0800011d   0x50  Code  Gb  mbrtu.o [1]
eMBRTUSend              0x0800016d   0x60  Code  Gb  mbrtu.o [1]
eMBRTUStart             0x080000f7   0x16  Code  Gb  mbrtu.o [1]
eMBRTUStop              0x0800010d   0x10  Code  Gb  mbrtu.o [1]
eMBRegCoilsCB           0x08001911    0x4  Code  Gb  main.o [1]
eMBRegDiscreteCB        0x08001915    0x4  Code  Gb  main.o [1]
eMBRegHoldingCB         0x08001805   0x9e  Code  Gb  main.o [1]
eMBRegInputCB           0x0800190d    0x4  Code  Gb  main.o [1]
eMBState                0x20000081    0x1  Data  Lc  mb.o [1]
eQueuedEvent            0x2000020a    0x1  Data  Lc  portevent.o [1]
eRcvState               0x2000023d    0x1  Data  Lc  mbrtu.o [1]
eSndState               0x2000023c    0x1  Data  Lc  mbrtu.o [1]
exit                    0x080020a3    0x8  Code  Gb  exit.o [3]
get_data_flag           0x2000025c    0x1  Data  Gb  main.o [1]
get_sensor_data         0x08001047  0x10a  Code  Gb  MQ2.o [1]
main                    0x08001787   0x40  Code  Gb  main.o [1]
peMBFrameReceiveCur     0x20000094    0x4  Data  Lc  mb.o [1]
peMBFrameSendCur        0x20000088    0x4  Data  Lc  mb.o [1]
prveMBError2Exception   0x08001c3d   0x1a  Code  Gb  mbutils.o [1]
pucSndBufferCur         0x20000244    0x4  Data  Lc  mbrtu.o [1]
pvMBFrameCloseCur       0x20000098    0x4  Data  Lc  mb.o [1]
pvMBFrameStartCur       0x2000008c    0x4  Data  Lc  mb.o [1]
pvMBFrameStopCur        0x20000090    0x4  Data  Lc  mb.o [1]
pxMBFrameCBByteReceived
                        0x2000009c    0x4  Data  Gb  mb.o [1]
pxMBFrameCBTransmitterEmpty
                        0x200000a0    0x4  Data  Gb  mb.o [1]
pxMBPortCBTimerExpired  0x200000a4    0x4  Data  Gb  mb.o [1]
restore_data            0x0800100b   0x3c  Code  Gb  MQ2.o [1]
sensor_info_update      0x08001161   0x42  Code  Gb  MQ2.o [1]
sensor_info_update_events
                        0x20000254    0x1  Data  Gb  MQ2.o [1]
sensor_init             0x08000fff    0x2  Code  Gb  MQ2.o [1]
system_init             0x0800174b   0x3c  Code  Gb  main.o [1]
tim3_cnt                0x20000258    0x4  Data  Lc  porttimer.o [1]
timer2_init             0x080018a3   0x66  Code  Gb  main.o [1]
ucMBAddress             0x20000080    0x1  Data  Lc  mb.o [1]
ucMBSlaveID             0x200001e8   0x20  Data  Lc  mbfuncother.o [1]
ucRTUBuf                0x200000e8  0x100  Data  Gb  mbrtu.o [1]
upper_range_value       0x20000256    0x2  Data  Gb  MQ2.o [1]
usMBCRC16               0x080007c9   0x2a  Code  Gb  mbcrc.o [1]
usMBSlaveIDLen          0x20000208    0x2  Data  Lc  mbfuncother.o [1]
usRcvBufferPos          0x20000240    0x2  Data  Lc  mbrtu.o [1]
usRegHoldingBuf         0x200000ac   0x14  Data  Gb  main.o [1]
usRegHoldingStart       0x200000c0    0x2  Data  Gb  main.o [1]
usSndBufferCount        0x2000023e    0x2  Data  Lc  mbrtu.o [1]
vMBPortSerialEnable     0x08000429   0x2c  Code  Gb  portserial.o [1]
vMBPortTimersDisable    0x08000743   0x20  Code  Gb  porttimer.o [1]
vMBPortTimersEnable     0x08000721   0x22  Code  Gb  porttimer.o [1]
xEventInQueue           0x2000020b    0x1  Data  Lc  portevent.o [1]
xFuncHandlers           0x20000000   0x80  Data  Lc  mb.o [1]
xMBPortEventGet         0x08000a0b   0x16  Code  Gb  portevent.o [1]
xMBPortEventInit        0x080009f5    0xa  Code  Gb  portevent.o [1]
xMBPortEventPost        0x080009ff    0xc  Code  Gb  portevent.o [1]
xMBPortSerialGetByte    0x0800051b   0x10  Code  Gb  portserial.o [1]
xMBPortSerialInit       0x08000455   0xb8  Code  Gb  portserial.o [1]
xMBPortSerialPutByte    0x0800050d    0xe  Code  Gb  portserial.o [1]
xMBPortTimersInit       0x080006b9   0x68  Code  Gb  porttimer.o [1]
xMBRTUReceiveFSM        0x080001cd   0x72  Code  Gb  mbrtu.o [1]
xMBRTUTimerT35Expired   0x080002ad   0x52  Code  Gb  mbrtu.o [1]
xMBRTUTransmitFSM       0x08000241   0x6a  Code  Gb  mbrtu.o [1]


[1] = E:\WorkPlace\传感器实验箱\sensor\sensor_node\Project\gas sensor\Obj
[2] = command line
[3] = dl6M_tlf.a
[4] = rt6M_tl.a
[5] = shb_l.a

  8 402 bytes of readonly  code memory
    270 bytes of readonly  data memory
  2 653 bytes of readwrite data memory

Errors: none
Warnings: none
